Sep 22 04:06:15 raspberrypi kernel: [    0.000000] Booting Linux on physical CPU 0x0000000000 [0x410fd034]
Sep 22 04:06:15 raspberrypi kernel: [    0.000000] Linux version 5.15.61-v8+ (dom@buildbot) (aarch64-linux-gnu-gcc-8 (Ubuntu/Linaro 8.4.0-3ubuntu1) 8.4.0, GNU ld (GNU Binutils for Ubuntu) 2.34) #1579 SMP PREEMPT Fri Aug 26 11:16:44 BST 2022
Sep 22 04:06:15 raspberrypi kernel: [    0.000000] random: crng init done
Sep 22 04:06:15 raspberrypi kernel: [    0.000000] Machine model: Raspberry Pi 3 Model B Rev 1.2
Sep 22 04:06:15 raspberrypi kernel: [    0.000000] efi: UEFI not found.
Sep 22 04:06:15 raspberrypi kernel: [    0.000000] Reserved memory: created CMA memory pool at 0x000000001ec00000, size 256 MiB
Sep 22 04:06:15 raspberrypi kernel: [    0.000000] OF: reserved mem: initialized node linux,cma, compatible id shared-dma-pool
Sep 22 04:06:15 raspberrypi kernel: [    0.000000] Zone ranges:
Sep 22 04:06:15 raspberrypi kernel: [    0.000000]   DMA      [mem 0x0000000000000000-0x000000003b3fffff]
Sep 22 04:06:15 raspberrypi kernel: [    0.000000]   DMA32    empty
Sep 22 04:06:15 raspberrypi kernel: [    0.000000]   Normal   empty
Sep 22 04:06:15 raspberrypi kernel: [    0.000000] Movable zone start for each node
Sep 22 04:06:15 raspberrypi kernel: [    0.000000] Early memory node ranges
Sep 22 04:06:15 raspberrypi kernel: [    0.000000]   node   0: [mem 0x0000000000000000-0x000000003b3fffff]
Sep 22 04:06:15 raspberrypi kernel: [    0.000000] Initmem setup node 0 [mem 0x0000000000000000-0x000000003b3fffff]
Sep 22 04:06:15 raspberrypi kernel: [    0.000000] On node 0, zone DMA: 19456 pages in unavailable ranges
Sep 22 04:06:15 raspberrypi kernel: [    0.000000] percpu: Embedded 28 pages/cpu s77272 r8192 d29224 u114688
Sep 22 04:06:15 raspberrypi kernel: [    0.000000] Detected VIPT I-cache on CPU0
Sep 22 04:06:15 raspberrypi kernel: [    0.000000] CPU features: kernel page table isolation forced ON by KASLR
Sep 22 04:06:15 raspberrypi kernel: [    0.000000] CPU features: detected: Kernel page table isolation (KPTI)
Sep 22 04:06:15 raspberrypi kernel: [    0.000000] CPU features: detected: ARM erratum 843419
Sep 22 04:06:15 raspberrypi kernel: [    0.000000] CPU features: detected: ARM erratum 845719
Sep 22 04:06:15 raspberrypi kernel: [    0.000000] Built 1 zonelists, mobility grouping on.  Total pages: 238896
Sep 22 04:06:15 raspberrypi kernel: [    0.000000] Kernel command line: coherent_pool=1M 8250.nr_uarts=0 snd_bcm2835.enable_compat_alsa=0 snd_bcm2835.enable_hdmi=1 video=Composite-1:720x480@60i vc_mem.mem_base=0x3ec00000 vc_mem.mem_size=0x40000000  console=ttyS0,115200 console=tty1 root=/dev/nfs nfsroot=10.20.30.1:/home/phyllalix/RASPI/client,tcp,vers=3 rw ip=dhcp rootwait
Sep 22 04:06:15 raspberrypi kernel: [    0.000000] Dentry cache hash table entries: 131072 (order: 8, 1048576 bytes, linear)
Sep 22 04:06:15 raspberrypi kernel: [    0.000000] Inode-cache hash table entries: 65536 (order: 7, 524288 bytes, linear)
Sep 22 04:06:15 raspberrypi kernel: [    0.000000] mem auto-init: stack:off, heap alloc:off, heap free:off
Sep 22 04:06:15 raspberrypi kernel: [    0.000000] Memory: 665480K/970752K available (11520K kernel code, 1956K rwdata, 4140K rodata, 3840K init, 974K bss, 43128K reserved, 262144K cma-reserved)
Sep 22 04:06:15 raspberrypi kernel: [    0.000000] SLUB: HWalign=64, Order=0-3, MinObjects=0, CPUs=4, Nodes=1
Sep 22 04:06:15 raspberrypi kernel: [    0.000000] ftrace: allocating 38040 entries in 149 pages
Sep 22 04:06:15 raspberrypi kernel: [    0.000000] ftrace: allocated 149 pages with 4 groups
Sep 22 04:06:15 raspberrypi kernel: [    0.000000] trace event string verifier disabled
Sep 22 04:06:15 raspberrypi kernel: [    0.000000] rcu: Preemptible hierarchical RCU implementation.
Sep 22 04:06:15 raspberrypi kernel: [    0.000000] rcu: 	RCU event tracing is enabled.
Sep 22 04:06:15 raspberrypi kernel: [    0.000000] rcu: 	RCU restricting CPUs from NR_CPUS=256 to nr_cpu_ids=4.
Sep 22 04:06:15 raspberrypi kernel: [    0.000000] 	Trampoline variant of Tasks RCU enabled.
Sep 22 04:06:15 raspberrypi kernel: [    0.000000] 	Rude variant of Tasks RCU enabled.
Sep 22 04:06:15 raspberrypi kernel: [    0.000000] 	Tracing variant of Tasks RCU enabled.
Sep 22 04:06:15 raspberrypi kernel: [    0.000000] rcu: RCU calculated value of scheduler-enlistment delay is 25 jiffies.
Sep 22 04:06:15 raspberrypi kernel: [    0.000000] rcu: Adjusting geometry for rcu_fanout_leaf=16, nr_cpu_ids=4
Sep 22 04:06:15 raspberrypi kernel: [    0.000000] NR_IRQS: 64, nr_irqs: 64, preallocated irqs: 0
Sep 22 04:06:15 raspberrypi kernel: [    0.000000] Root IRQ handler: bcm2836_arm_irqchip_handle_irq
Sep 22 04:06:15 raspberrypi kernel: [    0.000000] arch_timer: cp15 timer(s) running at 19.20MHz (phys).
Sep 22 04:06:15 raspberrypi kernel: [    0.000000] clocksource: arch_sys_counter: mask: 0xffffffffffffff max_cycles: 0x46d987e47, max_idle_ns: 440795202767 ns
Sep 22 04:06:15 raspberrypi kernel: [    0.000001] sched_clock: 56 bits at 19MHz, resolution 52ns, wraps every 4398046511078ns
Sep 22 04:06:15 raspberrypi kernel: [    0.000366] Console: colour dummy device 80x25
Sep 22 04:06:15 raspberrypi kernel: [    0.001294] printk: console [tty1] enabled
Sep 22 04:06:15 raspberrypi kernel: [    0.001378] Calibrating delay loop (skipped), value calculated using timer frequency.. 38.40 BogoMIPS (lpj=76800)
Sep 22 04:06:15 raspberrypi kernel: [    0.001442] pid_max: default: 32768 minimum: 301
Sep 22 04:06:15 raspberrypi kernel: [    0.001649] LSM: Security Framework initializing
Sep 22 04:06:15 raspberrypi kernel: [    0.001931] Mount-cache hash table entries: 2048 (order: 2, 16384 bytes, linear)
Sep 22 04:06:15 raspberrypi kernel: [    0.001999] Mountpoint-cache hash table entries: 2048 (order: 2, 16384 bytes, linear)
Sep 22 04:06:15 raspberrypi kernel: [    0.003719] cgroup: Disabling memory control group subsystem
Sep 22 04:06:15 raspberrypi kernel: [    0.007613] rcu: Hierarchical SRCU implementation.
Sep 22 04:06:15 raspberrypi kernel: [    0.009105] EFI services will not be available.
Sep 22 04:06:15 raspberrypi kernel: [    0.009891] smp: Bringing up secondary CPUs ...
Sep 22 04:06:15 raspberrypi kernel: [    0.011437] Detected VIPT I-cache on CPU1
Sep 22 04:06:15 raspberrypi kernel: [    0.011531] CPU1: Booted secondary processor 0x0000000001 [0x410fd034]
Sep 22 04:06:15 raspberrypi kernel: [    0.013404] Detected VIPT I-cache on CPU2
Sep 22 04:06:15 raspberrypi kernel: [    0.013470] CPU2: Booted secondary processor 0x0000000002 [0x410fd034]
Sep 22 04:06:15 raspberrypi kernel: [    0.015126] Detected VIPT I-cache on CPU3
Sep 22 04:06:15 raspberrypi kernel: [    0.015183] CPU3: Booted secondary processor 0x0000000003 [0x410fd034]
Sep 22 04:06:15 raspberrypi kernel: [    0.015400] smp: Brought up 1 node, 4 CPUs
Sep 22 04:06:15 raspberrypi kernel: [    0.015553] SMP: Total of 4 processors activated.
Sep 22 04:06:15 raspberrypi kernel: [    0.015587] CPU features: detected: 32-bit EL0 Support
Sep 22 04:06:15 raspberrypi kernel: [    0.015619] CPU features: detected: 32-bit EL1 Support
Sep 22 04:06:15 raspberrypi kernel: [    0.015653] CPU features: detected: CRC32 instructions
Sep 22 04:06:15 raspberrypi kernel: [    0.056628] CPU: All CPU(s) started at EL2
Sep 22 04:06:15 raspberrypi kernel: [    0.056779] alternatives: patching kernel code
Sep 22 04:06:15 raspberrypi kernel: [    0.058773] devtmpfs: initialized
Sep 22 04:06:15 raspberrypi kernel: [    0.081156] Enabled cp15_barrier support
Sep 22 04:06:15 raspberrypi kernel: [    0.081239] Enabled setend support
Sep 22 04:06:15 raspberrypi kernel: [    0.081285] KASLR enabled
Sep 22 04:06:15 raspberrypi kernel: [    0.081557] clocksource: jiffies: mask: 0xffffffff max_cycles: 0xffffffff, max_idle_ns: 7645041785100000 ns
Sep 22 04:06:15 raspberrypi kernel: [    0.081627] futex hash table entries: 1024 (order: 4, 65536 bytes, linear)
Sep 22 04:06:15 raspberrypi kernel: [    0.094544] pinctrl core: initialized pinctrl subsystem
Sep 22 04:06:15 raspberrypi kernel: [    0.095784] DMI not present or invalid.
Sep 22 04:06:15 raspberrypi kernel: [    0.096839] NET: Registered PF_NETLINK/PF_ROUTE protocol family
Sep 22 04:06:15 raspberrypi kernel: [    0.107964] DMA: preallocated 1024 KiB GFP_KERNEL pool for atomic allocations
Sep 22 04:06:15 raspberrypi kernel: [    0.108533] DMA: preallocated 1024 KiB GFP_KERNEL|GFP_DMA pool for atomic allocations
Sep 22 04:06:15 raspberrypi kernel: [    0.110017] DMA: preallocated 1024 KiB GFP_KERNEL|GFP_DMA32 pool for atomic allocations
Sep 22 04:06:15 raspberrypi kernel: [    0.110212] audit: initializing netlink subsys (disabled)
Sep 22 04:06:15 raspberrypi kernel: [    0.110656] audit: type=2000 audit(0.108:1): state=initialized audit_enabled=0 res=1
Sep 22 04:06:15 raspberrypi kernel: [    0.111573] thermal_sys: Registered thermal governor 'step_wise'
Sep 22 04:06:15 raspberrypi kernel: [    0.111882] cpuidle: using governor menu
Sep 22 04:06:15 raspberrypi kernel: [    0.112459] hw-breakpoint: found 6 breakpoint and 4 watchpoint registers.
Sep 22 04:06:15 raspberrypi kernel: [    0.112815] ASID allocator initialised with 32768 entries
Sep 22 04:06:15 raspberrypi kernel: [    0.113090] Serial: AMBA PL011 UART driver
Sep 22 04:06:15 raspberrypi kernel: [    0.127383] bcm2835-mbox 3f00b880.mailbox: mailbox enabled
Sep 22 04:06:15 raspberrypi kernel: [    0.156788] raspberrypi-firmware soc:firmware: Attached to firmware from 2022-08-26T14:04:36, variant start
Sep 22 04:06:15 raspberrypi kernel: [    0.160814] raspberrypi-firmware soc:firmware: Firmware hash is 102f1e848393c2112206fadffaaf86db04e98326
Sep 22 04:06:15 raspberrypi kernel: [    0.221015] bcm2835-dma 3f007000.dma: DMA legacy API manager, dmachans=0x1
Sep 22 04:06:15 raspberrypi kernel: [    0.226704] vgaarb: loaded
Sep 22 04:06:15 raspberrypi kernel: [    0.227361] SCSI subsystem initialized
Sep 22 04:06:15 raspberrypi kernel: [    0.227706] usbcore: registered new interface driver usbfs
Sep 22 04:06:15 raspberrypi kernel: [    0.227825] usbcore: registered new interface driver hub
Sep 22 04:06:15 raspberrypi kernel: [    0.227943] usbcore: registered new device driver usb
Sep 22 04:06:15 raspberrypi kernel: [    0.228494] usb_phy_generic phy: supply vcc not found, using dummy regulator
Sep 22 04:06:15 raspberrypi kernel: [    0.228822] usb_phy_generic phy: dummy supplies not allowed for exclusive requests
Sep 22 04:06:15 raspberrypi kernel: [    0.229301] pps_core: LinuxPPS API ver. 1 registered
Sep 22 04:06:15 raspberrypi kernel: [    0.229338] pps_core: Software ver. 5.3.6 - Copyright 2005-2007 Rodolfo Giometti <giometti@linux.it>
Sep 22 04:06:15 raspberrypi kernel: [    0.229414] PTP clock support registered
Sep 22 04:06:15 raspberrypi kernel: [    0.231680] clocksource: Switched to clocksource arch_sys_counter
Sep 22 04:06:15 raspberrypi kernel: [    0.368490] VFS: Disk quotas dquot_6.6.0
Sep 22 04:06:15 raspberrypi kernel: [    0.368667] VFS: Dquot-cache hash table entries: 512 (order 0, 4096 bytes)
Sep 22 04:06:15 raspberrypi kernel: [    0.368946] FS-Cache: Loaded
Sep 22 04:06:15 raspberrypi kernel: [    0.369294] CacheFiles: Loaded
Sep 22 04:06:15 raspberrypi kernel: [    0.370645] simple-framebuffer 3eaa9000.framebuffer: framebuffer at 0x3eaa9000, 0x151800 bytes
Sep 22 04:06:15 raspberrypi kernel: [    0.370700] simple-framebuffer 3eaa9000.framebuffer: format=a8r8g8b8, mode=720x480x32, linelength=2880
Sep 22 04:06:15 raspberrypi kernel: [    0.377122] Console: switching to colour frame buffer device 90x30
Sep 22 04:06:15 raspberrypi kernel: [    0.385610] simple-framebuffer 3eaa9000.framebuffer: fb0: simplefb registered!
Sep 22 04:06:15 raspberrypi kernel: [    0.404158] NET: Registered PF_INET protocol family
Sep 22 04:06:15 raspberrypi kernel: [    0.407622] IP idents hash table entries: 16384 (order: 5, 131072 bytes, linear)
Sep 22 04:06:15 raspberrypi kernel: [    0.412429] tcp_listen_portaddr_hash hash table entries: 512 (order: 1, 8192 bytes, linear)
Sep 22 04:06:15 raspberrypi kernel: [    0.418941] Table-perturb hash table entries: 65536 (order: 6, 262144 bytes, linear)
Sep 22 04:06:15 raspberrypi kernel: [    0.422499] TCP established hash table entries: 8192 (order: 4, 65536 bytes, linear)
Sep 22 04:06:15 raspberrypi kernel: [    0.426224] TCP bind hash table entries: 8192 (order: 5, 131072 bytes, linear)
Sep 22 04:06:15 raspberrypi kernel: [    0.430028] TCP: Hash tables configured (established 8192 bind 8192)
Sep 22 04:06:15 raspberrypi kernel: [    0.433932] UDP hash table entries: 512 (order: 2, 16384 bytes, linear)
Sep 22 04:06:15 raspberrypi kernel: [    0.437664] UDP-Lite hash table entries: 512 (order: 2, 16384 bytes, linear)
Sep 22 04:06:15 raspberrypi kernel: [    0.441704] NET: Registered PF_UNIX/PF_LOCAL protocol family
Sep 22 04:06:15 raspberrypi kernel: [    0.446681] RPC: Registered named UNIX socket transport module.
Sep 22 04:06:15 raspberrypi kernel: [    0.450300] RPC: Registered udp transport module.
Sep 22 04:06:15 raspberrypi kernel: [    0.453916] RPC: Registered tcp transport module.
Sep 22 04:06:15 raspberrypi kernel: [    0.457353] RPC: Registered tcp NFSv4.1 backchannel transport module.
Sep 22 04:06:15 raspberrypi kernel: [    0.460806] PCI: CLS 0 bytes, default 64
Sep 22 04:06:15 raspberrypi kernel: [    0.467257] hw perfevents: enabled with armv8_cortex_a53 PMU driver, 7 counters available
Sep 22 04:06:15 raspberrypi kernel: [    0.474620] kvm [1]: IPA Size Limit: 40 bits
Sep 22 04:06:15 raspberrypi kernel: [    0.479899] kvm [1]: Hyp mode initialized successfully
Sep 22 04:06:15 raspberrypi kernel: [    1.740857] Initialise system trusted keyrings
Sep 22 04:06:15 raspberrypi kernel: [    1.744798] workingset: timestamp_bits=46 max_order=18 bucket_order=0
Sep 22 04:06:15 raspberrypi kernel: [    1.758984] zbud: loaded
Sep 22 04:06:15 raspberrypi kernel: [    1.765076] FS-Cache: Netfs 'nfs' registered for caching
Sep 22 04:06:15 raspberrypi kernel: [    1.769345] NFS: Registering the id_resolver key type
Sep 22 04:06:15 raspberrypi kernel: [    1.772631] Key type id_resolver registered
Sep 22 04:06:15 raspberrypi kernel: [    1.775788] Key type id_legacy registered
Sep 22 04:06:15 raspberrypi kernel: [    1.778947] nfs4filelayout_init: NFSv4 File Layout Driver Registering...
Sep 22 04:06:15 raspberrypi kernel: [    1.782014] nfs4flexfilelayout_init: NFSv4 Flexfile Layout Driver Registering...
Sep 22 04:06:15 raspberrypi kernel: [    1.786812] Key type asymmetric registered
Sep 22 04:06:15 raspberrypi kernel: [    1.789825] Asymmetric key parser 'x509' registered
Sep 22 04:06:15 raspberrypi kernel: [    1.792872] Block layer SCSI generic (bsg) driver version 0.4 loaded (major 247)
Sep 22 04:06:15 raspberrypi kernel: [    1.796386] io scheduler mq-deadline registered
Sep 22 04:06:15 raspberrypi kernel: [    1.799328] io scheduler kyber registered
Sep 22 04:06:15 raspberrypi kernel: [    1.820052] bcm2835-rng 3f104000.rng: hwrng registered
Sep 22 04:06:15 raspberrypi kernel: [    1.824060] vc-mem: phys_addr:0x00000000 mem_base=0x3ec00000 mem_size:0x40000000(1024 MiB)
Sep 22 04:06:15 raspberrypi kernel: [    1.831996] gpiomem-bcm2835 3f200000.gpiomem: Initialised: Registers at 0x3f200000
Sep 22 04:06:15 raspberrypi kernel: [    1.854372] brd: module loaded
Sep 22 04:06:15 raspberrypi kernel: [    1.872740] loop: module loaded
Sep 22 04:06:15 raspberrypi kernel: [    1.876965] Loading iSCSI transport class v2.0-870.
Sep 22 04:06:15 raspberrypi kernel: [    1.887025] usbcore: registered new interface driver r8152
Sep 22 04:06:15 raspberrypi kernel: [    1.890227] usbcore: registered new interface driver lan78xx
Sep 22 04:06:15 raspberrypi kernel: [    1.893282] usbcore: registered new interface driver smsc95xx
Sep 22 04:06:15 raspberrypi kernel: [    1.896874] dwc_otg: version 3.00a 10-AUG-2012 (platform bus)
Sep 22 04:06:15 raspberrypi kernel: [    2.628083] Core Release: 2.80a
Sep 22 04:06:15 raspberrypi kernel: [    2.630938] Setting default values for core params
Sep 22 04:06:15 raspberrypi kernel: [    2.633827] Finished setting default values for core params
Sep 22 04:06:15 raspberrypi kernel: [    2.837180] Using Buffer DMA mode
Sep 22 04:06:15 raspberrypi kernel: [    2.840021] Periodic Transfer Interrupt Enhancement - disabled
Sep 22 04:06:15 raspberrypi kernel: [    2.842922] Multiprocessor Interrupt Enhancement - disabled
Sep 22 04:06:15 raspberrypi kernel: [    2.845897] OTG VER PARAM: 0, OTG VER FLAG: 0
Sep 22 04:06:15 raspberrypi kernel: [    2.848899] Dedicated Tx FIFOs mode
Sep 22 04:06:15 raspberrypi kernel: [    2.856335] 
Sep 22 04:06:15 raspberrypi kernel: [    2.856352] WARN::dwc_otg_hcd_init:1074: FIQ DMA bounce buffers: virt = ffffffc008469000 dma = 0x00000000df000000 len=9024
Sep 22 04:06:15 raspberrypi kernel: [    2.864745] FIQ FSM acceleration enabled for :
Sep 22 04:06:15 raspberrypi kernel: [    2.864745] Non-periodic Split Transactions
Sep 22 04:06:15 raspberrypi kernel: [    2.864745] Periodic Split Transactions
Sep 22 04:06:15 raspberrypi kernel: [    2.864745] High-Speed Isochronous Endpoints
Sep 22 04:06:15 raspberrypi kernel: [    2.864745] Interrupt/Control Split Transaction hack enabled
Sep 22 04:06:15 raspberrypi kernel: [    2.878361] 
Sep 22 04:06:15 raspberrypi kernel: [    2.878374] WARN::hcd_init_fiq:497: MPHI regs_base at ffffffc00806d000
Sep 22 04:06:15 raspberrypi kernel: [    2.883491] dwc_otg 3f980000.usb: DWC OTG Controller
Sep 22 04:06:15 raspberrypi kernel: [    2.886160] dwc_otg 3f980000.usb: new USB bus registered, assigned bus number 1
Sep 22 04:06:15 raspberrypi kernel: [    2.888902] dwc_otg 3f980000.usb: irq 74, io mem 0x00000000
Sep 22 04:06:15 raspberrypi kernel: [    2.891573] Init: Port Power? op_state=1
Sep 22 04:06:15 raspberrypi kernel: [    2.894256] Init: Power Port (0)
Sep 22 04:06:15 raspberrypi kernel: [    2.897457] usb usb1: New USB device found, idVendor=1d6b, idProduct=0002, bcdDevice= 5.15
Sep 22 04:06:15 raspberrypi kernel: [    2.903016] usb usb1: New USB device strings: Mfr=3, Product=2, SerialNumber=1
Sep 22 04:06:15 raspberrypi kernel: [    2.906014] usb usb1: Product: DWC OTG Controller
Sep 22 04:06:15 raspberrypi kernel: [    2.908944] usb usb1: Manufacturer: Linux 5.15.61-v8+ dwc_otg_hcd
Sep 22 04:06:15 raspberrypi kernel: [    2.911901] usb usb1: SerialNumber: 3f980000.usb
Sep 22 04:06:15 raspberrypi kernel: [    2.915860] hub 1-0:1.0: USB hub found
Sep 22 04:06:15 raspberrypi kernel: [    2.918767] hub 1-0:1.0: 1 port detected
Sep 22 04:06:16 raspberrypi kernel: [    2.923753] usbcore: registered new interface driver uas
Sep 22 04:06:16 raspberrypi kernel: [    2.926706] usbcore: registered new interface driver usb-storage
Sep 22 04:06:16 raspberrypi kernel: [    2.930138] mousedev: PS/2 mouse device common for all mice
Sep 22 04:06:16 raspberrypi kernel: [    2.938770] sdhci: Secure Digital Host Controller Interface driver
Sep 22 04:06:16 raspberrypi kernel: [    2.941558] sdhci: Copyright(c) Pierre Ossman
Sep 22 04:06:16 raspberrypi kernel: [    2.945041] sdhci-pltfm: SDHCI platform and OF driver helper
Sep 22 04:06:16 raspberrypi kernel: [    2.951489] ledtrig-cpu: registered to indicate activity on CPUs
Sep 22 04:06:16 raspberrypi kernel: [    2.955307] hid: raw HID events driver (C) Jiri Kosina
Sep 22 04:06:16 raspberrypi kernel: [    2.958418] usbcore: registered new interface driver usbhid
Sep 22 04:06:16 raspberrypi kernel: [    2.961289] usbhid: USB HID core driver
Sep 22 04:06:16 raspberrypi kernel: [    2.964537] ashmem: initialized
Sep 22 04:06:16 raspberrypi kernel: [    2.975584] NET: Registered PF_PACKET protocol family
Sep 22 04:06:16 raspberrypi kernel: [    2.978624] Key type dns_resolver registered
Sep 22 04:06:16 raspberrypi kernel: [    2.983216] registered taskstats version 1
Sep 22 04:06:16 raspberrypi kernel: [    2.985972] Loading compiled-in X.509 certificates
Sep 22 04:06:16 raspberrypi kernel: [    2.989715] Key type ._fscrypt registered
Sep 22 04:06:16 raspberrypi kernel: [    2.992459] Key type .fscrypt registered
Sep 22 04:06:16 raspberrypi kernel: [    2.995035] Key type fscrypt-provisioning registered
Sep 22 04:06:16 raspberrypi kernel: [    3.017342] uart-pl011 3f201000.serial: cts_event_workaround enabled
Sep 22 04:06:16 raspberrypi kernel: [    3.020140] 3f201000.serial: ttyAMA0 at MMIO 0x3f201000 (irq = 99, base_baud = 0) is a PL011 rev2
Sep 22 04:06:16 raspberrypi kernel: [    3.031126] bcm2835-wdt bcm2835-wdt: Broadcom BCM2835 watchdog timer
Sep 22 04:06:16 raspberrypi kernel: [    3.031960] Indeed it is in host mode hprt0 = 00021501
Sep 22 04:06:16 raspberrypi kernel: [    3.034552] bcm2835-power bcm2835-power: Broadcom BCM2835 power domains driver
Sep 22 04:06:16 raspberrypi kernel: [    3.042124] mmc-bcm2835 3f300000.mmcnr: mmc_debug:0 mmc_debug2:0
Sep 22 04:06:16 raspberrypi kernel: [    3.045025] mmc-bcm2835 3f300000.mmcnr: DMA channel allocated
Sep 22 04:06:16 raspberrypi kernel: [    3.074994] sdhost: log_buf @ 000000000a50443e (c2c13000)
Sep 22 04:06:16 raspberrypi kernel: [    3.127830] mmc0: sdhost-bcm2835 loaded - DMA enabled (>1)
Sep 22 04:06:16 raspberrypi kernel: [    3.136454] of_cfs_init
Sep 22 04:06:16 raspberrypi kernel: [    3.139421] of_cfs_init: OK
Sep 22 04:06:16 raspberrypi kernel: [    3.223823] usb 1-1: new high-speed USB device number 2 using dwc_otg
Sep 22 04:06:16 raspberrypi kernel: [    3.226931] Indeed it is in host mode hprt0 = 00001101
Sep 22 04:06:16 raspberrypi kernel: [    3.254383] mmc1: new high speed SDIO card at address 0001
Sep 22 04:06:16 raspberrypi kernel: [    3.436272] usb 1-1: New USB device found, idVendor=0424, idProduct=9514, bcdDevice= 2.00
Sep 22 04:06:16 raspberrypi kernel: [    3.442100] usb 1-1: New USB device strings: Mfr=0, Product=0, SerialNumber=0
Sep 22 04:06:16 raspberrypi kernel: [    3.446377] hub 1-1:1.0: USB hub found
Sep 22 04:06:16 raspberrypi kernel: [    3.449634] hub 1-1:1.0: 5 ports detected
Sep 22 04:06:16 raspberrypi kernel: [    3.739733] usb 1-1.1: new high-speed USB device number 3 using dwc_otg
Sep 22 04:06:16 raspberrypi kernel: [    3.840275] usb 1-1.1: New USB device found, idVendor=0424, idProduct=ec00, bcdDevice= 2.00
Sep 22 04:06:16 raspberrypi kernel: [    3.846574] usb 1-1.1: New USB device strings: Mfr=0, Product=0, SerialNumber=0
Sep 22 04:06:16 raspberrypi kernel: [    3.852989] smsc95xx v2.0.0
Sep 22 04:06:16 raspberrypi kernel: [    3.972779] SMSC LAN8700 usb-001:003:01: attached PHY driver (mii_bus:phy_addr=usb-001:003:01, irq=POLL)
Sep 22 04:06:16 raspberrypi kernel: [    3.980621] smsc95xx 1-1.1:1.0 eth0: register 'smsc95xx' at usb-3f980000.usb-1.1, smsc95xx USB 2.0 Ethernet, b8:27:eb:cc:81:19
Sep 22 04:06:16 raspberrypi kernel: [    4.204812] smsc95xx 1-1.1:1.0 eth0: hardware isn't capable of remote wakeup
Sep 22 04:06:16 raspberrypi kernel: [    4.257508] smsc95xx 1-1.1:1.0 eth0: Link is Down
Sep 22 04:06:16 raspberrypi kernel: [    6.337531] smsc95xx 1-1.1:1.0 eth0: Link is Up - 100Mbps/Full - flow control off
Sep 22 04:06:16 raspberrypi kernel: [    6.363722] Sending DHCP requests ., OK
Sep 22 04:06:16 raspberrypi kernel: [    6.391239] IP-Config: Got DHCP answer from 10.20.30.1, my address is 10.20.30.123
Sep 22 04:06:16 raspberrypi kernel: [    6.394940] IP-Config: Complete:
Sep 22 04:06:16 raspberrypi kernel: [    6.398448]      device=eth0, hwaddr=b8:27:eb:cc:81:19, ipaddr=10.20.30.123, mask=255.255.255.0, gw=10.20.30.1
Sep 22 04:06:16 raspberrypi kernel: [    6.405855]      host=10.20.30.123, domain=, nis-domain=(none)
Sep 22 04:06:16 raspberrypi kernel: [    6.409636]      bootserver=10.20.30.1, rootserver=10.20.30.1, rootpath=
Sep 22 04:06:16 raspberrypi kernel: [    6.409656]      nameserver0=8.8.8.8
Sep 22 04:06:16 raspberrypi kernel: [    6.443799] VFS: Mounted root (nfs filesystem) on device 0:17.
Sep 22 04:06:16 raspberrypi kernel: [    6.448473] devtmpfs: mounted
Sep 22 04:06:16 raspberrypi kernel: [    6.463188] Freeing unused kernel memory: 3840K
Sep 22 04:06:16 raspberrypi kernel: [    6.483881] Run /sbin/init as init process
Sep 22 04:06:16 raspberrypi kernel: [    7.917578] NET: Registered PF_INET6 protocol family
Sep 22 04:06:16 raspberrypi kernel: [    7.924810] Segment Routing with IPv6
Sep 22 04:06:16 raspberrypi kernel: [    7.928442] In-situ OAM (IOAM) with IPv6
Sep 22 04:06:16 raspberrypi kernel: [   10.603878] fuse: init (API version 7.34)
Sep 22 04:06:16 raspberrypi kernel: [   15.247872] vc_sm_cma: module is from the staging directory, the quality is unknown, you have been warned.
Sep 22 04:06:16 raspberrypi kernel: [   15.270171] bcm2835_vc_sm_cma_probe: Videocore shared memory driver
Sep 22 04:06:16 raspberrypi kernel: [   15.270221] [vc_sm_connected_init]: start
Sep 22 04:06:16 raspberrypi kernel: [   15.291434] [vc_sm_connected_init]: installed successfully
Sep 22 04:06:16 raspberrypi kernel: [   15.409892] mc: Linux media interface: v0.10
Sep 22 04:06:16 raspberrypi kernel: [   15.700001] videodev: Linux video capture interface: v2.00
Sep 22 04:06:16 raspberrypi kernel: [   16.025771] snd_bcm2835: module is from the staging directory, the quality is unknown, you have been warned.
Sep 22 04:06:16 raspberrypi kernel: [   16.147993] bcm2835_audio bcm2835_audio: card created with 8 channels
Sep 22 04:06:16 raspberrypi kernel: [   16.567874] bcm2835_mmal_vchiq: module is from the staging directory, the quality is unknown, you have been warned.
Sep 22 04:06:16 raspberrypi rsyslogd: imuxsock: Acquired UNIX socket '/run/systemd/journal/syslog' (fd 3) from systemd.  [v8.2102.0]
Sep 22 04:06:16 raspberrypi rsyslogd: [origin software="rsyslogd" swVersion="8.2102.0" x-pid="256" x-info="https://www.rsyslog.com"] start
Sep 22 04:06:16 raspberrypi kernel: [   16.705871] bcm2835_mmal_vchiq: module is from the staging directory, the quality is unknown, you have been warned.
Sep 22 04:06:16 raspberrypi kernel: [   16.758819] bcm2835_v4l2: module is from the staging directory, the quality is unknown, you have been warned.
Sep 22 04:06:16 raspberrypi kernel: [   16.839087] bcm2835_isp: module is from the staging directory, the quality is unknown, you have been warned.
Sep 22 04:06:16 raspberrypi kernel: [   16.877566] bcm2835_codec: module is from the staging directory, the quality is unknown, you have been warned.
Sep 22 04:06:16 raspberrypi kernel: [   16.892635] bcm2835-isp bcm2835-isp: Device node output[0] registered as /dev/video13
Sep 22 04:06:16 raspberrypi kernel: [   16.900197] bcm2835-isp bcm2835-isp: Device node capture[0] registered as /dev/video14
Sep 22 04:06:16 raspberrypi kernel: [   16.905250] bcm2835-isp bcm2835-isp: Device node capture[1] registered as /dev/video15
Sep 22 04:06:16 raspberrypi kernel: [   16.921991] bcm2835-isp bcm2835-isp: Device node stats[2] registered as /dev/video16
Sep 22 04:06:16 raspberrypi kernel: [   16.922069] bcm2835-isp bcm2835-isp: Register output node 0 with media controller
Sep 22 04:06:16 raspberrypi kernel: [   16.922206] bcm2835-isp bcm2835-isp: Register capture node 1 with media controller
Sep 22 04:06:16 raspberrypi kernel: [   16.922250] bcm2835-isp bcm2835-isp: Register capture node 2 with media controller
Sep 22 04:06:16 raspberrypi kernel: [   16.922289] bcm2835-isp bcm2835-isp: Register capture node 3 with media controller
Sep 22 04:06:16 raspberrypi kernel: [   17.002332] bcm2835-isp bcm2835-isp: Device node output[0] registered as /dev/video20
Sep 22 04:06:16 raspberrypi kernel: [   17.005855] bcm2835-isp bcm2835-isp: Device node capture[0] registered as /dev/video21
Sep 22 04:06:16 raspberrypi kernel: [   17.007626] bcm2835-isp bcm2835-isp: Device node capture[1] registered as /dev/video22
Sep 22 04:06:16 raspberrypi kernel: [   17.011263] bcm2835-isp bcm2835-isp: Device node stats[2] registered as /dev/video23
Sep 22 04:06:16 raspberrypi kernel: [   17.023925] bcm2835-isp bcm2835-isp: Register output node 0 with media controller
Sep 22 04:06:16 raspberrypi kernel: [   17.024010] bcm2835-isp bcm2835-isp: Register capture node 1 with media controller
Sep 22 04:06:16 raspberrypi kernel: [   17.024040] bcm2835-isp bcm2835-isp: Register capture node 2 with media controller
Sep 22 04:06:16 raspberrypi kernel: [   17.024645] bcm2835-isp bcm2835-isp: Register capture node 3 with media controller
Sep 22 04:06:16 raspberrypi kernel: [   17.025997] bcm2835-isp bcm2835-isp: Loaded V4L2 bcm2835-isp
Sep 22 04:06:17 raspberrypi kernel: [   17.574991] bcm2835-codec bcm2835-codec: Device registered as /dev/video10
Sep 22 04:06:17 raspberrypi kernel: [   17.575087] bcm2835-codec bcm2835-codec: Loaded V4L2 decode
Sep 22 04:06:17 raspberrypi kernel: [   17.750234] bcm2835-codec bcm2835-codec: Device registered as /dev/video11
Sep 22 04:06:17 raspberrypi kernel: [   17.791253] bcm2835-codec bcm2835-codec: Loaded V4L2 encode
Sep 22 04:06:17 raspberrypi kernel: [   17.868714] bcm2835-codec bcm2835-codec: Device registered as /dev/video12
Sep 22 04:06:17 raspberrypi kernel: [   17.868799] bcm2835-codec bcm2835-codec: Loaded V4L2 isp
Sep 22 04:06:17 raspberrypi kernel: [   17.875640] bcm2835-codec bcm2835-codec: Device registered as /dev/video18
Sep 22 04:06:17 raspberrypi kernel: [   17.875877] bcm2835-codec bcm2835-codec: Loaded V4L2 image_fx
Sep 22 04:06:17 raspberrypi kernel: [   17.884012] bcm2835-codec bcm2835-codec: Device registered as /dev/video31
Sep 22 04:06:17 raspberrypi kernel: [   17.884125] bcm2835-codec bcm2835-codec: Loaded V4L2 encode_image
Sep 22 04:06:17 raspberrypi udisksd[277]: udisks daemon version 2.9.2 starting
Sep 22 04:06:17 raspberrypi kernel: [   18.059004] cfg80211: Loading compiled-in X.509 certificates for regulatory database
Sep 22 04:06:17 raspberrypi kernel: [   18.294316] uart-pl011 3f201000.serial: no DMA platform data
Sep 22 04:06:18 raspberrypi kernel: [   18.700514] cfg80211: Loaded X.509 cert 'sforshee: 00b28ddf47aef9cea7'
Sep 22 04:06:18 raspberrypi kernel: [   18.826460] cfg80211: loaded regulatory.db is malformed or signature is missing/invalid
Sep 22 04:06:18 raspberrypi udisksd[277]: failed to load module mdraid: libbd_mdraid.so.2: cannot open shared object file: No such file or directory
Sep 22 04:06:18 raspberrypi mtp-probe: checking bus 1, device 3: "/sys/devices/platform/soc/3f980000.usb/usb1/1-1/1-1.1"
Sep 22 04:06:18 raspberrypi kernel: [   19.202706] brcmfmac: brcmf_fw_alloc_request: using brcm/brcmfmac43430-sdio for chip BCM43430/1
Sep 22 04:06:18 raspberrypi kernel: [   19.206122] usbcore: registered new interface driver brcmfmac
Sep 22 04:06:18 raspberrypi kernel: [   19.214382] brcmfmac mmc1:0001:1: Direct firmware load for brcm/brcmfmac43430-sdio.raspberrypi,3-model-b.bin failed with error -2
Sep 22 04:06:18 raspberrypi udisksd[277]: Failed to load the 'mdraid' libblockdev plugin
Sep 22 04:06:19 raspberrypi kernel: [   19.622390] brcmfmac: brcmf_fw_alloc_request: using brcm/brcmfmac43430-sdio for chip BCM43430/1
Sep 22 04:06:19 raspberrypi kernel: [   19.641509] brcmfmac: brcmf_fw_alloc_request: using brcm/brcmfmac43430-sdio for chip BCM43430/1
Sep 22 04:06:19 raspberrypi udisksd[277]: Acquired the name org.freedesktop.UDisks2 on the system message bus
Sep 22 04:06:19 raspberrypi kernel: [   19.703471] brcmfmac: brcmf_c_preinit_dcmds: Firmware: BCM43430/1 wl0: Jul 19 2021 03:24:18 version 7.45.98 (TOB) (56df937 CY) FWID 01-8e14b897
Sep 22 04:06:19 raspberrypi mtp-probe: bus: 1, device: 3 was not an MTP device
Sep 22 04:06:21 raspberrypi kernel: [   21.791462] fb0: switching to vc4 from simple
Sep 22 04:06:21 raspberrypi kernel: [   21.886521] Console: switching to colour dummy device 80x25
Sep 22 04:06:21 raspberrypi kernel: [   21.985788] vc4-drm soc:gpu: bound 3f400000.hvs (ops vc4_hvs_ops [vc4])
Sep 22 04:06:21 raspberrypi kernel: [   22.044788] Registered IR keymap rc-cec
Sep 22 04:06:21 raspberrypi kernel: [   22.045436] rc rc0: vc4 as /devices/platform/soc/3f902000.hdmi/rc/rc0
Sep 22 04:06:21 raspberrypi kernel: [   22.045838] input: vc4 as /devices/platform/soc/3f902000.hdmi/rc/rc0/input0
Sep 22 04:06:25 raspberrypi kernel: [   25.834165] 8021q: 802.1Q VLAN Support v1.8
Sep 22 04:06:25 raspberrypi kernel: [   26.157043] vc4-drm soc:gpu: bound 3f400000.hvs (ops vc4_hvs_ops [vc4])
Sep 22 04:06:25 raspberrypi kernel: [   26.209397] Registered IR keymap rc-cec
Sep 22 04:06:25 raspberrypi kernel: [   26.209863] rc rc0: vc4 as /devices/platform/soc/3f902000.hdmi/rc/rc0
Sep 22 04:06:25 raspberrypi kernel: [   26.210929] input: vc4 as /devices/platform/soc/3f902000.hdmi/rc/rc0/input1
Sep 22 04:06:25 raspberrypi kernel: [   26.251484] vc4-drm soc:gpu: bound 3f902000.hdmi (ops vc4_hdmi_ops [vc4])
Sep 22 04:06:25 raspberrypi kernel: [   26.252332] vc4-drm soc:gpu: bound 3f004000.txp (ops vc4_txp_ops [vc4])
Sep 22 04:06:25 raspberrypi kernel: [   26.259486] vc4-drm soc:gpu: bound 3f206000.pixelvalve (ops vc4_crtc_ops [vc4])
Sep 22 04:06:25 raspberrypi kernel: [   26.260650] vc4-drm soc:gpu: bound 3f207000.pixelvalve (ops vc4_crtc_ops [vc4])
Sep 22 04:06:25 raspberrypi kernel: [   26.261531] vc4-drm soc:gpu: bound 3f807000.pixelvalve (ops vc4_crtc_ops [vc4])
Sep 22 04:06:25 raspberrypi kernel: [   26.262257] vc4-drm soc:gpu: bound 3fc00000.v3d (ops vc4_v3d_ops [vc4])
Sep 22 04:06:25 raspberrypi kernel: [   26.312593] [drm] Initialized vc4 0.0.0 20140616 for soc:gpu on minor 0
Sep 22 04:06:25 raspberrypi kernel: [   26.313967] vc4-drm soc:gpu: [drm] Cannot find any crtc or sizes
Sep 22 04:06:30 raspberrypi kernel: [   30.704556] Adding 102396k swap on /var/swap.  Priority:-2 extents:1 across:102396k FS
Sep 22 04:06:35 raspberrypi kernel: [   35.551894] hwmon hwmon1: Voltage normalised
Sep 22 04:06:35 raspberrypi kernel: [   36.321116] vc4-drm soc:gpu: [drm] Cannot find any crtc or sizes
Sep 22 04:06:37 raspberrypi kernel: [   37.855789] cam-dummy-reg: disabling
Sep 22 04:06:59 raspberrypi kernel: [   59.775735] hwmon hwmon1: Voltage normalised
Sep 22 04:21:04 raspberrypi kernel: [  905.151735] hwmon hwmon1: Voltage normalised
Sep 22 04:17:07 raspberrypi kernel: [    0.000000] Booting Linux on physical CPU 0x0000000000 [0x410fd034]
Sep 22 04:17:07 raspberrypi kernel: [    0.000000] Linux version 5.15.61-v8+ (dom@buildbot) (aarch64-linux-gnu-gcc-8 (Ubuntu/Linaro 8.4.0-3ubuntu1) 8.4.0, GNU ld (GNU Binutils for Ubuntu) 2.34) #1579 SMP PREEMPT Fri Aug 26 11:16:44 BST 2022
Sep 22 04:17:07 raspberrypi kernel: [    0.000000] random: crng init done
Sep 22 04:17:07 raspberrypi kernel: [    0.000000] Machine model: Raspberry Pi 3 Model B Rev 1.2
Sep 22 04:17:07 raspberrypi kernel: [    0.000000] efi: UEFI not found.
Sep 22 04:17:07 raspberrypi kernel: [    0.000000] Reserved memory: created CMA memory pool at 0x000000001ec00000, size 256 MiB
Sep 22 04:17:07 raspberrypi kernel: [    0.000000] OF: reserved mem: initialized node linux,cma, compatible id shared-dma-pool
Sep 22 04:17:07 raspberrypi kernel: [    0.000000] Zone ranges:
Sep 22 04:17:07 raspberrypi kernel: [    0.000000]   DMA      [mem 0x0000000000000000-0x000000003b3fffff]
Sep 22 04:17:07 raspberrypi kernel: [    0.000000]   DMA32    empty
Sep 22 04:17:07 raspberrypi kernel: [    0.000000]   Normal   empty
Sep 22 04:17:07 raspberrypi kernel: [    0.000000] Movable zone start for each node
Sep 22 04:17:07 raspberrypi kernel: [    0.000000] Early memory node ranges
Sep 22 04:17:07 raspberrypi kernel: [    0.000000]   node   0: [mem 0x0000000000000000-0x000000003b3fffff]
Sep 22 04:17:07 raspberrypi kernel: [    0.000000] Initmem setup node 0 [mem 0x0000000000000000-0x000000003b3fffff]
Sep 22 04:17:07 raspberrypi kernel: [    0.000000] On node 0, zone DMA: 19456 pages in unavailable ranges
Sep 22 04:17:07 raspberrypi kernel: [    0.000000] percpu: Embedded 28 pages/cpu s77272 r8192 d29224 u114688
Sep 22 04:17:07 raspberrypi kernel: [    0.000000] Detected VIPT I-cache on CPU0
Sep 22 04:17:07 raspberrypi kernel: [    0.000000] CPU features: kernel page table isolation forced ON by KASLR
Sep 22 04:17:07 raspberrypi kernel: [    0.000000] CPU features: detected: Kernel page table isolation (KPTI)
Sep 22 04:17:07 raspberrypi kernel: [    0.000000] CPU features: detected: ARM erratum 843419
Sep 22 04:17:07 raspberrypi kernel: [    0.000000] CPU features: detected: ARM erratum 845719
Sep 22 04:17:07 raspberrypi kernel: [    0.000000] Built 1 zonelists, mobility grouping on.  Total pages: 238896
Sep 22 04:17:07 raspberrypi kernel: [    0.000000] Kernel command line: coherent_pool=1M 8250.nr_uarts=0 snd_bcm2835.enable_compat_alsa=0 snd_bcm2835.enable_hdmi=1 video=Composite-1:720x480@60i vc_mem.mem_base=0x3ec00000 vc_mem.mem_size=0x40000000  console=ttyS0,115200 console=tty1 root=/dev/nfs nfsroot=10.20.30.1:/home/phyllalix/RASPI/client,tcp,vers=3 rw ip=dhcp rootwait
Sep 22 04:17:07 raspberrypi kernel: [    0.000000] Dentry cache hash table entries: 131072 (order: 8, 1048576 bytes, linear)
Sep 22 04:17:07 raspberrypi kernel: [    0.000000] Inode-cache hash table entries: 65536 (order: 7, 524288 bytes, linear)
Sep 22 04:17:07 raspberrypi kernel: [    0.000000] mem auto-init: stack:off, heap alloc:off, heap free:off
Sep 22 04:17:07 raspberrypi kernel: [    0.000000] Memory: 665480K/970752K available (11520K kernel code, 1956K rwdata, 4140K rodata, 3840K init, 974K bss, 43128K reserved, 262144K cma-reserved)
Sep 22 04:17:07 raspberrypi kernel: [    0.000000] SLUB: HWalign=64, Order=0-3, MinObjects=0, CPUs=4, Nodes=1
Sep 22 04:17:07 raspberrypi kernel: [    0.000000] ftrace: allocating 38040 entries in 149 pages
Sep 22 04:17:07 raspberrypi kernel: [    0.000000] ftrace: allocated 149 pages with 4 groups
Sep 22 04:17:07 raspberrypi kernel: [    0.000000] trace event string verifier disabled
Sep 22 04:17:07 raspberrypi kernel: [    0.000000] rcu: Preemptible hierarchical RCU implementation.
Sep 22 04:17:07 raspberrypi kernel: [    0.000000] rcu: 	RCU event tracing is enabled.
Sep 22 04:17:07 raspberrypi kernel: [    0.000000] rcu: 	RCU restricting CPUs from NR_CPUS=256 to nr_cpu_ids=4.
Sep 22 04:17:07 raspberrypi kernel: [    0.000000] 	Trampoline variant of Tasks RCU enabled.
Sep 22 04:17:07 raspberrypi kernel: [    0.000000] 	Rude variant of Tasks RCU enabled.
Sep 22 04:17:07 raspberrypi kernel: [    0.000000] 	Tracing variant of Tasks RCU enabled.
Sep 22 04:17:07 raspberrypi kernel: [    0.000000] rcu: RCU calculated value of scheduler-enlistment delay is 25 jiffies.
Sep 22 04:17:07 raspberrypi kernel: [    0.000000] rcu: Adjusting geometry for rcu_fanout_leaf=16, nr_cpu_ids=4
Sep 22 04:17:07 raspberrypi kernel: [    0.000000] NR_IRQS: 64, nr_irqs: 64, preallocated irqs: 0
Sep 22 04:17:07 raspberrypi kernel: [    0.000000] Root IRQ handler: bcm2836_arm_irqchip_handle_irq
Sep 22 04:17:07 raspberrypi kernel: [    0.000000] arch_timer: cp15 timer(s) running at 19.20MHz (phys).
Sep 22 04:17:07 raspberrypi kernel: [    0.000000] clocksource: arch_sys_counter: mask: 0xffffffffffffff max_cycles: 0x46d987e47, max_idle_ns: 440795202767 ns
Sep 22 04:17:07 raspberrypi kernel: [    0.000001] sched_clock: 56 bits at 19MHz, resolution 52ns, wraps every 4398046511078ns
Sep 22 04:17:07 raspberrypi kernel: [    0.000360] Console: colour dummy device 80x25
Sep 22 04:17:07 raspberrypi kernel: [    0.001286] printk: console [tty1] enabled
Sep 22 04:17:07 raspberrypi kernel: [    0.001371] Calibrating delay loop (skipped), value calculated using timer frequency.. 38.40 BogoMIPS (lpj=76800)
Sep 22 04:17:07 raspberrypi kernel: [    0.001436] pid_max: default: 32768 minimum: 301
Sep 22 04:17:07 raspberrypi kernel: [    0.001641] LSM: Security Framework initializing
Sep 22 04:17:07 raspberrypi kernel: [    0.001921] Mount-cache hash table entries: 2048 (order: 2, 16384 bytes, linear)
Sep 22 04:17:07 raspberrypi kernel: [    0.001988] Mountpoint-cache hash table entries: 2048 (order: 2, 16384 bytes, linear)
Sep 22 04:17:07 raspberrypi kernel: [    0.003715] cgroup: Disabling memory control group subsystem
Sep 22 04:17:07 raspberrypi kernel: [    0.007606] rcu: Hierarchical SRCU implementation.
Sep 22 04:17:07 raspberrypi kernel: [    0.009102] EFI services will not be available.
Sep 22 04:17:07 raspberrypi kernel: [    0.009884] smp: Bringing up secondary CPUs ...
Sep 22 04:17:07 raspberrypi kernel: [    0.011432] Detected VIPT I-cache on CPU1
Sep 22 04:17:07 raspberrypi kernel: [    0.011526] CPU1: Booted secondary processor 0x0000000001 [0x410fd034]
Sep 22 04:17:07 raspberrypi kernel: [    0.013394] Detected VIPT I-cache on CPU2
Sep 22 04:17:07 raspberrypi kernel: [    0.013464] CPU2: Booted secondary processor 0x0000000002 [0x410fd034]
Sep 22 04:17:07 raspberrypi kernel: [    0.015118] Detected VIPT I-cache on CPU3
Sep 22 04:17:07 raspberrypi kernel: [    0.015175] CPU3: Booted secondary processor 0x0000000003 [0x410fd034]
Sep 22 04:17:07 raspberrypi kernel: [    0.015387] smp: Brought up 1 node, 4 CPUs
Sep 22 04:17:07 raspberrypi kernel: [    0.015542] SMP: Total of 4 processors activated.
Sep 22 04:17:07 raspberrypi kernel: [    0.015576] CPU features: detected: 32-bit EL0 Support
Sep 22 04:17:07 raspberrypi kernel: [    0.015607] CPU features: detected: 32-bit EL1 Support
Sep 22 04:17:07 raspberrypi kernel: [    0.015641] CPU features: detected: CRC32 instructions
Sep 22 04:17:07 raspberrypi kernel: [    0.056604] CPU: All CPU(s) started at EL2
Sep 22 04:17:07 raspberrypi kernel: [    0.056753] alternatives: patching kernel code
Sep 22 04:17:07 raspberrypi kernel: [    0.058738] devtmpfs: initialized
Sep 22 04:17:07 raspberrypi kernel: [    0.081163] Enabled cp15_barrier support
Sep 22 04:17:07 raspberrypi kernel: [    0.081247] Enabled setend support
Sep 22 04:17:07 raspberrypi kernel: [    0.081291] KASLR enabled
Sep 22 04:17:07 raspberrypi kernel: [    0.081569] clocksource: jiffies: mask: 0xffffffff max_cycles: 0xffffffff, max_idle_ns: 7645041785100000 ns
Sep 22 04:17:07 raspberrypi kernel: [    0.081640] futex hash table entries: 1024 (order: 4, 65536 bytes, linear)
Sep 22 04:17:07 raspberrypi kernel: [    0.093529] pinctrl core: initialized pinctrl subsystem
Sep 22 04:17:07 raspberrypi kernel: [    0.094768] DMI not present or invalid.
Sep 22 04:17:07 raspberrypi kernel: [    0.095760] NET: Registered PF_NETLINK/PF_ROUTE protocol family
Sep 22 04:17:07 raspberrypi kernel: [    0.106950] DMA: preallocated 1024 KiB GFP_KERNEL pool for atomic allocations
Sep 22 04:17:07 raspberrypi kernel: [    0.107481] DMA: preallocated 1024 KiB GFP_KERNEL|GFP_DMA pool for atomic allocations
Sep 22 04:17:07 raspberrypi kernel: [    0.108987] DMA: preallocated 1024 KiB GFP_KERNEL|GFP_DMA32 pool for atomic allocations
Sep 22 04:17:07 raspberrypi kernel: [    0.109180] audit: initializing netlink subsys (disabled)
Sep 22 04:17:07 raspberrypi kernel: [    0.109627] audit: type=2000 audit(0.108:1): state=initialized audit_enabled=0 res=1
Sep 22 04:17:07 raspberrypi kernel: [    0.110538] thermal_sys: Registered thermal governor 'step_wise'
Sep 22 04:17:07 raspberrypi kernel: [    0.110845] cpuidle: using governor menu
Sep 22 04:17:07 raspberrypi kernel: [    0.111425] hw-breakpoint: found 6 breakpoint and 4 watchpoint registers.
Sep 22 04:17:07 raspberrypi kernel: [    0.111734] ASID allocator initialised with 32768 entries
Sep 22 04:17:07 raspberrypi kernel: [    0.112006] Serial: AMBA PL011 UART driver
Sep 22 04:17:07 raspberrypi kernel: [    0.126371] bcm2835-mbox 3f00b880.mailbox: mailbox enabled
Sep 22 04:17:07 raspberrypi kernel: [    0.152843] raspberrypi-firmware soc:firmware: Attached to firmware from 2022-08-26T14:04:36, variant start
Sep 22 04:17:07 raspberrypi kernel: [    0.156868] raspberrypi-firmware soc:firmware: Firmware hash is 102f1e848393c2112206fadffaaf86db04e98326
Sep 22 04:17:07 raspberrypi kernel: [    0.217295] bcm2835-dma 3f007000.dma: DMA legacy API manager, dmachans=0x1
Sep 22 04:17:07 raspberrypi kernel: [    0.222950] vgaarb: loaded
Sep 22 04:17:07 raspberrypi kernel: [    0.223616] SCSI subsystem initialized
Sep 22 04:17:07 raspberrypi kernel: [    0.223960] usbcore: registered new interface driver usbfs
Sep 22 04:17:07 raspberrypi kernel: [    0.224080] usbcore: registered new interface driver hub
Sep 22 04:17:07 raspberrypi kernel: [    0.224200] usbcore: registered new device driver usb
Sep 22 04:17:07 raspberrypi kernel: [    0.224755] usb_phy_generic phy: supply vcc not found, using dummy regulator
Sep 22 04:17:07 raspberrypi kernel: [    0.225087] usb_phy_generic phy: dummy supplies not allowed for exclusive requests
Sep 22 04:17:07 raspberrypi kernel: [    0.225677] pps_core: LinuxPPS API ver. 1 registered
Sep 22 04:17:07 raspberrypi kernel: [    0.225714] pps_core: Software ver. 5.3.6 - Copyright 2005-2007 Rodolfo Giometti <giometti@linux.it>
Sep 22 04:17:07 raspberrypi kernel: [    0.225778] PTP clock support registered
Sep 22 04:17:07 raspberrypi kernel: [    0.228052] clocksource: Switched to clocksource arch_sys_counter
Sep 22 04:17:07 raspberrypi kernel: [    0.364868] VFS: Disk quotas dquot_6.6.0
Sep 22 04:17:07 raspberrypi kernel: [    0.365046] VFS: Dquot-cache hash table entries: 512 (order 0, 4096 bytes)
Sep 22 04:17:07 raspberrypi kernel: [    0.365325] FS-Cache: Loaded
Sep 22 04:17:07 raspberrypi kernel: [    0.365673] CacheFiles: Loaded
Sep 22 04:17:07 raspberrypi kernel: [    0.367014] simple-framebuffer 3eaa9000.framebuffer: framebuffer at 0x3eaa9000, 0x151800 bytes
Sep 22 04:17:07 raspberrypi kernel: [    0.367068] simple-framebuffer 3eaa9000.framebuffer: format=a8r8g8b8, mode=720x480x32, linelength=2880
Sep 22 04:17:07 raspberrypi kernel: [    0.373539] Console: switching to colour frame buffer device 90x30
Sep 22 04:17:07 raspberrypi kernel: [    0.382030] simple-framebuffer 3eaa9000.framebuffer: fb0: simplefb registered!
Sep 22 04:17:07 raspberrypi kernel: [    0.400564] NET: Registered PF_INET protocol family
Sep 22 04:17:07 raspberrypi kernel: [    0.404064] IP idents hash table entries: 16384 (order: 5, 131072 bytes, linear)
Sep 22 04:17:07 raspberrypi kernel: [    0.408828] tcp_listen_portaddr_hash hash table entries: 512 (order: 1, 8192 bytes, linear)
Sep 22 04:17:07 raspberrypi kernel: [    0.415317] Table-perturb hash table entries: 65536 (order: 6, 262144 bytes, linear)
Sep 22 04:17:07 raspberrypi kernel: [    0.418866] TCP established hash table entries: 8192 (order: 4, 65536 bytes, linear)
Sep 22 04:17:07 raspberrypi kernel: [    0.422585] TCP bind hash table entries: 8192 (order: 5, 131072 bytes, linear)
Sep 22 04:17:07 raspberrypi kernel: [    0.426385] TCP: Hash tables configured (established 8192 bind 8192)
Sep 22 04:17:07 raspberrypi kernel: [    0.430281] UDP hash table entries: 512 (order: 2, 16384 bytes, linear)
Sep 22 04:17:07 raspberrypi kernel: [    0.433999] UDP-Lite hash table entries: 512 (order: 2, 16384 bytes, linear)
Sep 22 04:17:07 raspberrypi kernel: [    0.438085] NET: Registered PF_UNIX/PF_LOCAL protocol family
Sep 22 04:17:07 raspberrypi kernel: [    0.443062] RPC: Registered named UNIX socket transport module.
Sep 22 04:17:07 raspberrypi kernel: [    0.446744] RPC: Registered udp transport module.
Sep 22 04:17:07 raspberrypi kernel: [    0.450345] RPC: Registered tcp transport module.
Sep 22 04:17:07 raspberrypi kernel: [    0.453773] RPC: Registered tcp NFSv4.1 backchannel transport module.
Sep 22 04:17:07 raspberrypi kernel: [    0.457215] PCI: CLS 0 bytes, default 64
Sep 22 04:17:07 raspberrypi kernel: [    0.463652] hw perfevents: enabled with armv8_cortex_a53 PMU driver, 7 counters available
Sep 22 04:17:07 raspberrypi kernel: [    0.471042] kvm [1]: IPA Size Limit: 40 bits
Sep 22 04:17:07 raspberrypi kernel: [    0.476352] kvm [1]: Hyp mode initialized successfully
Sep 22 04:17:07 raspberrypi kernel: [    1.737462] Initialise system trusted keyrings
Sep 22 04:17:07 raspberrypi kernel: [    1.741390] workingset: timestamp_bits=46 max_order=18 bucket_order=0
Sep 22 04:17:07 raspberrypi kernel: [    1.755565] zbud: loaded
Sep 22 04:17:07 raspberrypi kernel: [    1.761650] FS-Cache: Netfs 'nfs' registered for caching
Sep 22 04:17:07 raspberrypi kernel: [    1.765908] NFS: Registering the id_resolver key type
Sep 22 04:17:07 raspberrypi kernel: [    1.769207] Key type id_resolver registered
Sep 22 04:17:07 raspberrypi kernel: [    1.772355] Key type id_legacy registered
Sep 22 04:17:07 raspberrypi kernel: [    1.775508] nfs4filelayout_init: NFSv4 File Layout Driver Registering...
Sep 22 04:17:07 raspberrypi kernel: [    1.778567] nfs4flexfilelayout_init: NFSv4 Flexfile Layout Driver Registering...
Sep 22 04:17:07 raspberrypi kernel: [    1.783347] Key type asymmetric registered
Sep 22 04:17:07 raspberrypi kernel: [    1.786355] Asymmetric key parser 'x509' registered
Sep 22 04:17:07 raspberrypi kernel: [    1.789394] Block layer SCSI generic (bsg) driver version 0.4 loaded (major 247)
Sep 22 04:17:07 raspberrypi kernel: [    1.792903] io scheduler mq-deadline registered
Sep 22 04:17:07 raspberrypi kernel: [    1.795844] io scheduler kyber registered
Sep 22 04:17:07 raspberrypi kernel: [    1.816553] bcm2835-rng 3f104000.rng: hwrng registered
Sep 22 04:17:07 raspberrypi kernel: [    1.820478] vc-mem: phys_addr:0x00000000 mem_base=0x3ec00000 mem_size:0x40000000(1024 MiB)
Sep 22 04:17:07 raspberrypi kernel: [    1.828499] gpiomem-bcm2835 3f200000.gpiomem: Initialised: Registers at 0x3f200000
Sep 22 04:17:07 raspberrypi kernel: [    1.850999] brd: module loaded
Sep 22 04:17:07 raspberrypi kernel: [    1.869401] loop: module loaded
Sep 22 04:17:07 raspberrypi kernel: [    1.873607] Loading iSCSI transport class v2.0-870.
Sep 22 04:17:07 raspberrypi kernel: [    1.883743] usbcore: registered new interface driver r8152
Sep 22 04:17:07 raspberrypi kernel: [    1.887021] usbcore: registered new interface driver lan78xx
Sep 22 04:17:07 raspberrypi kernel: [    1.890073] usbcore: registered new interface driver smsc95xx
Sep 22 04:17:07 raspberrypi kernel: [    1.893664] dwc_otg: version 3.00a 10-AUG-2012 (platform bus)
Sep 22 04:17:07 raspberrypi kernel: [    2.624797] Core Release: 2.80a
Sep 22 04:17:07 raspberrypi kernel: [    2.627655] Setting default values for core params
Sep 22 04:17:07 raspberrypi kernel: [    2.630542] Finished setting default values for core params
Sep 22 04:17:07 raspberrypi kernel: [    2.833880] Using Buffer DMA mode
Sep 22 04:17:07 raspberrypi kernel: [    2.836720] Periodic Transfer Interrupt Enhancement - disabled
Sep 22 04:17:07 raspberrypi kernel: [    2.839617] Multiprocessor Interrupt Enhancement - disabled
Sep 22 04:17:07 raspberrypi kernel: [    2.842592] OTG VER PARAM: 0, OTG VER FLAG: 0
Sep 22 04:17:07 raspberrypi kernel: [    2.845532] Dedicated Tx FIFOs mode
Sep 22 04:17:07 raspberrypi kernel: [    2.853151] 
Sep 22 04:17:07 raspberrypi kernel: [    2.853168] WARN::dwc_otg_hcd_init:1074: FIQ DMA bounce buffers: virt = ffffffc008469000 dma = 0x00000000df000000 len=9024
Sep 22 04:17:07 raspberrypi kernel: [    2.861568] FIQ FSM acceleration enabled for :
Sep 22 04:17:07 raspberrypi kernel: [    2.861568] Non-periodic Split Transactions
Sep 22 04:17:07 raspberrypi kernel: [    2.861568] Periodic Split Transactions
Sep 22 04:17:07 raspberrypi kernel: [    2.861568] High-Speed Isochronous Endpoints
Sep 22 04:17:07 raspberrypi kernel: [    2.861568] Interrupt/Control Split Transaction hack enabled
Sep 22 04:17:07 raspberrypi kernel: [    2.875183] 
Sep 22 04:17:07 raspberrypi kernel: [    2.875196] WARN::hcd_init_fiq:497: MPHI regs_base at ffffffc00806d000
Sep 22 04:17:07 raspberrypi kernel: [    2.880335] dwc_otg 3f980000.usb: DWC OTG Controller
Sep 22 04:17:07 raspberrypi kernel: [    2.882973] dwc_otg 3f980000.usb: new USB bus registered, assigned bus number 1
Sep 22 04:17:07 raspberrypi kernel: [    2.885732] dwc_otg 3f980000.usb: irq 74, io mem 0x00000000
Sep 22 04:17:07 raspberrypi kernel: [    2.888424] Init: Port Power? op_state=1
Sep 22 04:17:07 raspberrypi kernel: [    2.891085] Init: Power Port (0)
Sep 22 04:17:07 raspberrypi kernel: [    2.894282] usb usb1: New USB device found, idVendor=1d6b, idProduct=0002, bcdDevice= 5.15
Sep 22 04:17:07 raspberrypi kernel: [    2.899840] usb usb1: New USB device strings: Mfr=3, Product=2, SerialNumber=1
Sep 22 04:17:07 raspberrypi kernel: [    2.902840] usb usb1: Product: DWC OTG Controller
Sep 22 04:17:07 raspberrypi kernel: [    2.905769] usb usb1: Manufacturer: Linux 5.15.61-v8+ dwc_otg_hcd
Sep 22 04:17:07 raspberrypi kernel: [    2.908727] usb usb1: SerialNumber: 3f980000.usb
Sep 22 04:17:07 raspberrypi kernel: [    2.912734] hub 1-0:1.0: USB hub found
Sep 22 04:17:07 raspberrypi kernel: [    2.915642] hub 1-0:1.0: 1 port detected
Sep 22 04:17:07 raspberrypi kernel: [    2.920656] usbcore: registered new interface driver uas
Sep 22 04:17:07 raspberrypi kernel: [    2.923610] usbcore: registered new interface driver usb-storage
Sep 22 04:17:07 raspberrypi kernel: [    2.927039] mousedev: PS/2 mouse device common for all mice
Sep 22 04:17:07 raspberrypi kernel: [    2.935676] sdhci: Secure Digital Host Controller Interface driver
Sep 22 04:17:07 raspberrypi kernel: [    2.938466] sdhci: Copyright(c) Pierre Ossman
Sep 22 04:17:07 raspberrypi kernel: [    2.941944] sdhci-pltfm: SDHCI platform and OF driver helper
Sep 22 04:17:07 raspberrypi kernel: [    2.948440] ledtrig-cpu: registered to indicate activity on CPUs
Sep 22 04:17:07 raspberrypi kernel: [    2.952249] hid: raw HID events driver (C) Jiri Kosina
Sep 22 04:17:07 raspberrypi kernel: [    2.955317] usbcore: registered new interface driver usbhid
Sep 22 04:17:07 raspberrypi kernel: [    2.958191] usbhid: USB HID core driver
Sep 22 04:17:07 raspberrypi kernel: [    2.961466] ashmem: initialized
Sep 22 04:17:07 raspberrypi kernel: [    2.972536] NET: Registered PF_PACKET protocol family
Sep 22 04:17:07 raspberrypi kernel: [    2.975528] Key type dns_resolver registered
Sep 22 04:17:07 raspberrypi kernel: [    2.980186] registered taskstats version 1
Sep 22 04:17:07 raspberrypi kernel: [    2.982887] Loading compiled-in X.509 certificates
Sep 22 04:17:07 raspberrypi kernel: [    2.986609] Key type ._fscrypt registered
Sep 22 04:17:07 raspberrypi kernel: [    2.989357] Key type .fscrypt registered
Sep 22 04:17:07 raspberrypi kernel: [    2.991930] Key type fscrypt-provisioning registered
Sep 22 04:17:07 raspberrypi kernel: [    3.014210] uart-pl011 3f201000.serial: cts_event_workaround enabled
Sep 22 04:17:07 raspberrypi kernel: [    3.017010] 3f201000.serial: ttyAMA0 at MMIO 0x3f201000 (irq = 99, base_baud = 0) is a PL011 rev2
Sep 22 04:17:07 raspberrypi kernel: [    3.027922] bcm2835-wdt bcm2835-wdt: Broadcom BCM2835 watchdog timer
Sep 22 04:17:07 raspberrypi kernel: [    3.028333] Indeed it is in host mode hprt0 = 00021501
Sep 22 04:17:07 raspberrypi kernel: [    3.031339] bcm2835-power bcm2835-power: Broadcom BCM2835 power domains driver
Sep 22 04:17:07 raspberrypi kernel: [    3.038898] mmc-bcm2835 3f300000.mmcnr: mmc_debug:0 mmc_debug2:0
Sep 22 04:17:07 raspberrypi kernel: [    3.041786] mmc-bcm2835 3f300000.mmcnr: DMA channel allocated
Sep 22 04:17:07 raspberrypi kernel: [    3.071664] sdhost: log_buf @ 00000000fa9671c3 (c279f000)
Sep 22 04:17:07 raspberrypi kernel: [    3.125443] mmc0: sdhost-bcm2835 loaded - DMA enabled (>1)
Sep 22 04:17:07 raspberrypi kernel: [    3.140773] of_cfs_init
Sep 22 04:17:07 raspberrypi kernel: [    3.143730] of_cfs_init: OK
Sep 22 04:17:07 raspberrypi kernel: [    3.220170] usb 1-1: new high-speed USB device number 2 using dwc_otg
Sep 22 04:17:07 raspberrypi kernel: [    3.223285] Indeed it is in host mode hprt0 = 00001101
Sep 22 04:17:07 raspberrypi kernel: [    3.251754] mmc1: new high speed SDIO card at address 0001
Sep 22 04:17:07 raspberrypi kernel: [    3.432603] usb 1-1: New USB device found, idVendor=0424, idProduct=9514, bcdDevice= 2.00
Sep 22 04:17:07 raspberrypi kernel: [    3.438400] usb 1-1: New USB device strings: Mfr=0, Product=0, SerialNumber=0
Sep 22 04:17:07 raspberrypi kernel: [    3.442540] hub 1-1:1.0: USB hub found
Sep 22 04:17:07 raspberrypi kernel: [    3.445739] hub 1-1:1.0: 5 ports detected
Sep 22 04:17:07 raspberrypi kernel: [    3.736094] usb 1-1.1: new high-speed USB device number 3 using dwc_otg
Sep 22 04:17:07 raspberrypi kernel: [    3.836590] usb 1-1.1: New USB device found, idVendor=0424, idProduct=ec00, bcdDevice= 2.00
Sep 22 04:17:07 raspberrypi kernel: [    3.842840] usb 1-1.1: New USB device strings: Mfr=0, Product=0, SerialNumber=0
Sep 22 04:17:07 raspberrypi kernel: [    3.849265] smsc95xx v2.0.0
Sep 22 04:17:07 raspberrypi kernel: [    3.969192] SMSC LAN8700 usb-001:003:01: attached PHY driver (mii_bus:phy_addr=usb-001:003:01, irq=POLL)
Sep 22 04:17:07 raspberrypi kernel: [    3.977061] smsc95xx 1-1.1:1.0 eth0: register 'smsc95xx' at usb-3f980000.usb-1.1, smsc95xx USB 2.0 Ethernet, b8:27:eb:cc:81:19
Sep 22 04:17:07 raspberrypi kernel: [    4.208990] smsc95xx 1-1.1:1.0 eth0: hardware isn't capable of remote wakeup
Sep 22 04:17:07 raspberrypi kernel: [    4.261924] smsc95xx 1-1.1:1.0 eth0: Link is Down
Sep 22 04:17:07 raspberrypi kernel: [    6.341925] smsc95xx 1-1.1:1.0 eth0: Link is Up - 100Mbps/Full - flow control off
Sep 22 04:17:07 raspberrypi kernel: [    6.368079] Sending DHCP requests ., OK
Sep 22 04:17:07 raspberrypi kernel: [    6.395644] IP-Config: Got DHCP answer from 10.20.30.1, my address is 10.20.30.123
Sep 22 04:17:07 raspberrypi kernel: [    6.399259] IP-Config: Complete:
Sep 22 04:17:07 raspberrypi kernel: [    6.402801]      device=eth0, hwaddr=b8:27:eb:cc:81:19, ipaddr=10.20.30.123, mask=255.255.255.0, gw=10.20.30.1
Sep 22 04:17:07 raspberrypi kernel: [    6.410266]      host=10.20.30.123, domain=, nis-domain=(none)
Sep 22 04:17:07 raspberrypi kernel: [    6.414077]      bootserver=10.20.30.1, rootserver=10.20.30.1, rootpath=
Sep 22 04:17:07 raspberrypi kernel: [    6.414098]      nameserver0=8.8.8.8
Sep 22 04:17:07 raspberrypi kernel: [    6.446611] VFS: Mounted root (nfs filesystem) on device 0:17.
Sep 22 04:17:07 raspberrypi kernel: [    6.451389] devtmpfs: mounted
Sep 22 04:17:07 raspberrypi kernel: [    6.466096] Freeing unused kernel memory: 3840K
Sep 22 04:17:07 raspberrypi kernel: [    6.480243] Run /sbin/init as init process
Sep 22 04:17:07 raspberrypi kernel: [    7.922221] NET: Registered PF_INET6 protocol family
Sep 22 04:17:07 raspberrypi kernel: [    7.929363] Segment Routing with IPv6
Sep 22 04:17:07 raspberrypi kernel: [    7.933006] In-situ OAM (IOAM) with IPv6
Sep 22 04:17:07 raspberrypi kernel: [   10.709052] fuse: init (API version 7.34)
Sep 22 04:17:07 raspberrypi kernel: [   15.785390] vc_sm_cma: module is from the staging directory, the quality is unknown, you have been warned.
Sep 22 04:17:07 raspberrypi kernel: [   15.806147] bcm2835_vc_sm_cma_probe: Videocore shared memory driver
Sep 22 04:17:07 raspberrypi kernel: [   15.806250] [vc_sm_connected_init]: start
Sep 22 04:17:07 raspberrypi kernel: [   15.813770] [vc_sm_connected_init]: installed successfully
Sep 22 04:17:07 raspberrypi kernel: [   16.079181] mc: Linux media interface: v0.10
Sep 22 04:17:07 raspberrypi kernel: [   16.663162] videodev: Linux video capture interface: v2.00
Sep 22 04:17:07 raspberrypi kernel: [   16.916696] snd_bcm2835: module is from the staging directory, the quality is unknown, you have been warned.
Sep 22 04:17:07 raspberrypi kernel: [   16.980139] bcm2835_audio bcm2835_audio: card created with 8 channels
Sep 22 04:17:07 raspberrypi kernel: [   17.265183] bcm2835_mmal_vchiq: module is from the staging directory, the quality is unknown, you have been warned.
Sep 22 04:17:07 raspberrypi rsyslogd: imuxsock: Acquired UNIX socket '/run/systemd/journal/syslog' (fd 3) from systemd.  [v8.2102.0]
Sep 22 04:17:07 raspberrypi rsyslogd: [origin software="rsyslogd" swVersion="8.2102.0" x-pid="265" x-info="https://www.rsyslog.com"] start
Sep 22 04:17:07 raspberrypi kernel: [   17.460916] bcm2835_isp: module is from the staging directory, the quality is unknown, you have been warned.
Sep 22 04:17:08 raspberrypi kernel: [   17.647889] bcm2835-isp bcm2835-isp: Device node output[0] registered as /dev/video13
Sep 22 04:17:08 raspberrypi kernel: [   17.652415] bcm2835-isp bcm2835-isp: Device node capture[0] registered as /dev/video14
Sep 22 04:17:08 raspberrypi kernel: [   17.654199] bcm2835-isp bcm2835-isp: Device node capture[1] registered as /dev/video15
Sep 22 04:17:08 raspberrypi kernel: [   17.655086] bcm2835-isp bcm2835-isp: Device node stats[2] registered as /dev/video16
Sep 22 04:17:08 raspberrypi kernel: [   17.655142] bcm2835-isp bcm2835-isp: Register output node 0 with media controller
Sep 22 04:17:08 raspberrypi kernel: [   17.655175] bcm2835-isp bcm2835-isp: Register capture node 1 with media controller
Sep 22 04:17:08 raspberrypi kernel: [   17.655214] bcm2835-isp bcm2835-isp: Register capture node 2 with media controller
Sep 22 04:17:08 raspberrypi kernel: [   17.655664] bcm2835-isp bcm2835-isp: Register capture node 3 with media controller
Sep 22 04:17:08 raspberrypi kernel: [   17.666655] bcm2835-isp bcm2835-isp: Device node output[0] registered as /dev/video20
Sep 22 04:17:08 raspberrypi kernel: [   17.669395] bcm2835-isp bcm2835-isp: Device node capture[0] registered as /dev/video21
Sep 22 04:17:08 raspberrypi kernel: [   17.670616] bcm2835_codec: module is from the staging directory, the quality is unknown, you have been warned.
Sep 22 04:17:08 raspberrypi kernel: [   17.674841] bcm2835-isp bcm2835-isp: Device node capture[1] registered as /dev/video22
Sep 22 04:17:08 raspberrypi kernel: [   17.675651] bcm2835-isp bcm2835-isp: Device node stats[2] registered as /dev/video23
Sep 22 04:17:08 raspberrypi kernel: [   17.675715] bcm2835-isp bcm2835-isp: Register output node 0 with media controller
Sep 22 04:17:08 raspberrypi kernel: [   17.675751] bcm2835-isp bcm2835-isp: Register capture node 1 with media controller
Sep 22 04:17:08 raspberrypi kernel: [   17.675781] bcm2835-isp bcm2835-isp: Register capture node 2 with media controller
Sep 22 04:17:08 raspberrypi kernel: [   17.675818] bcm2835-isp bcm2835-isp: Register capture node 3 with media controller
Sep 22 04:17:08 raspberrypi kernel: [   17.676467] bcm2835-isp bcm2835-isp: Loaded V4L2 bcm2835-isp
Sep 22 04:17:08 raspberrypi kernel: [   17.779457] bcm2835-codec bcm2835-codec: Device registered as /dev/video10
Sep 22 04:17:08 raspberrypi kernel: [   17.779559] bcm2835-codec bcm2835-codec: Loaded V4L2 decode
Sep 22 04:17:08 raspberrypi kernel: [   17.928326] bcm2835-codec bcm2835-codec: Device registered as /dev/video11
Sep 22 04:17:08 raspberrypi kernel: [   17.928648] bcm2835-codec bcm2835-codec: Loaded V4L2 encode
Sep 22 04:17:08 raspberrypi kernel: [   17.947763] bcm2835_v4l2: module is from the staging directory, the quality is unknown, you have been warned.
Sep 22 04:17:08 raspberrypi kernel: [   17.949729] bcm2835-codec bcm2835-codec: Device registered as /dev/video12
Sep 22 04:17:08 raspberrypi kernel: [   17.951091] bcm2835-codec bcm2835-codec: Loaded V4L2 isp
Sep 22 04:17:08 raspberrypi kernel: [   17.967097] bcm2835-codec bcm2835-codec: Device registered as /dev/video18
Sep 22 04:17:08 raspberrypi kernel: [   17.967192] bcm2835-codec bcm2835-codec: Loaded V4L2 image_fx
Sep 22 04:17:08 raspberrypi kernel: [   17.990820] bcm2835-codec bcm2835-codec: Device registered as /dev/video31
Sep 22 04:17:08 raspberrypi kernel: [   17.990937] bcm2835-codec bcm2835-codec: Loaded V4L2 encode_image
Sep 22 04:17:08 raspberrypi udisksd[287]: udisks daemon version 2.9.2 starting
Sep 22 04:17:09 raspberrypi udisksd[287]: failed to load module mdraid: libbd_mdraid.so.2: cannot open shared object file: No such file or directory
Sep 22 04:17:09 raspberrypi kernel: [   19.213807] uart-pl011 3f201000.serial: no DMA platform data
Sep 22 04:17:09 raspberrypi udisksd[287]: Failed to load the 'mdraid' libblockdev plugin
Sep 22 04:17:10 raspberrypi udisksd[287]: Acquired the name org.freedesktop.UDisks2 on the system message bus
Sep 22 04:17:10 raspberrypi mtp-probe: checking bus 1, device 3: "/sys/devices/platform/soc/3f980000.usb/usb1/1-1/1-1.1"
Sep 22 04:17:10 raspberrypi mtp-probe: bus: 1, device: 3 was not an MTP device
Sep 22 04:17:10 raspberrypi kernel: [   20.535981] cfg80211: Loading compiled-in X.509 certificates for regulatory database
Sep 22 04:17:11 raspberrypi kernel: [   20.804503] cfg80211: Loaded X.509 cert 'sforshee: 00b28ddf47aef9cea7'
Sep 22 04:17:11 raspberrypi kernel: [   20.840396] cfg80211: loaded regulatory.db is malformed or signature is missing/invalid
Sep 22 04:17:11 raspberrypi kernel: [   21.126722] brcmfmac: brcmf_fw_alloc_request: using brcm/brcmfmac43430-sdio for chip BCM43430/1
Sep 22 04:17:11 raspberrypi kernel: [   21.128193] usbcore: registered new interface driver brcmfmac
Sep 22 04:17:11 raspberrypi kernel: [   21.128699] brcmfmac mmc1:0001:1: Direct firmware load for brcm/brcmfmac43430-sdio.raspberrypi,3-model-b.bin failed with error -2
Sep 22 04:17:11 raspberrypi kernel: [   21.454857] brcmfmac: brcmf_fw_alloc_request: using brcm/brcmfmac43430-sdio for chip BCM43430/1
Sep 22 04:17:11 raspberrypi kernel: [   21.456453] brcmfmac: brcmf_fw_alloc_request: using brcm/brcmfmac43430-sdio for chip BCM43430/1
Sep 22 04:17:11 raspberrypi kernel: [   21.487002] brcmfmac: brcmf_c_preinit_dcmds: Firmware: BCM43430/1 wl0: Jul 19 2021 03:24:18 version 7.45.98 (TOB) (56df937 CY) FWID 01-8e14b897
Sep 22 04:17:12 raspberrypi kernel: [   21.761184] 8021q: 802.1Q VLAN Support v1.8
Sep 22 04:17:12 raspberrypi kernel: [   21.964511] fb0: switching to vc4 from simple
Sep 22 04:17:12 raspberrypi kernel: [   21.965806] Console: switching to colour dummy device 80x25
Sep 22 04:17:12 raspberrypi kernel: [   21.971980] vc4-drm soc:gpu: bound 3f400000.hvs (ops vc4_hvs_ops [vc4])
Sep 22 04:17:12 raspberrypi kernel: [   22.016367] Registered IR keymap rc-cec
Sep 22 04:17:12 raspberrypi kernel: [   22.016723] rc rc0: vc4 as /devices/platform/soc/3f902000.hdmi/rc/rc0
Sep 22 04:17:12 raspberrypi kernel: [   22.017088] input: vc4 as /devices/platform/soc/3f902000.hdmi/rc/rc0/input0
Sep 22 04:17:13 raspberrypi kernel: [   22.793713] vc4-drm soc:gpu: bound 3f400000.hvs (ops vc4_hvs_ops [vc4])
Sep 22 04:17:13 raspberrypi kernel: [   22.809143] Registered IR keymap rc-cec
Sep 22 04:17:13 raspberrypi kernel: [   22.809473] rc rc0: vc4 as /devices/platform/soc/3f902000.hdmi/rc/rc0
Sep 22 04:17:13 raspberrypi kernel: [   22.809837] input: vc4 as /devices/platform/soc/3f902000.hdmi/rc/rc0/input1
Sep 22 04:17:13 raspberrypi kernel: [   22.821100] vc4-drm soc:gpu: bound 3f902000.hdmi (ops vc4_hdmi_ops [vc4])
Sep 22 04:17:13 raspberrypi kernel: [   22.821745] vc4-drm soc:gpu: bound 3f004000.txp (ops vc4_txp_ops [vc4])
Sep 22 04:17:13 raspberrypi kernel: [   22.822239] vc4-drm soc:gpu: bound 3f206000.pixelvalve (ops vc4_crtc_ops [vc4])
Sep 22 04:17:13 raspberrypi kernel: [   22.822720] vc4-drm soc:gpu: bound 3f207000.pixelvalve (ops vc4_crtc_ops [vc4])
Sep 22 04:17:13 raspberrypi kernel: [   22.823451] vc4-drm soc:gpu: bound 3f807000.pixelvalve (ops vc4_crtc_ops [vc4])
Sep 22 04:17:13 raspberrypi kernel: [   22.823852] vc4-drm soc:gpu: bound 3fc00000.v3d (ops vc4_v3d_ops [vc4])
Sep 22 04:17:13 raspberrypi kernel: [   22.845845] [drm] Initialized vc4 0.0.0 20140616 for soc:gpu on minor 0
Sep 22 04:17:13 raspberrypi kernel: [   22.847045] vc4-drm soc:gpu: [drm] Cannot find any crtc or sizes
Sep 22 04:17:13 raspberrypi kernel: [   23.392330] brcmfmac: brcmf_cfg80211_set_power_mgmt: power save enabled
Sep 22 04:17:15 raspberrypi kernel: [   25.501481] Bluetooth: Core ver 2.22
Sep 22 04:17:15 raspberrypi kernel: [   25.501686] NET: Registered PF_BLUETOOTH protocol family
Sep 22 04:17:15 raspberrypi kernel: [   25.501706] Bluetooth: HCI device and connection manager initialized
Sep 22 04:17:15 raspberrypi kernel: [   25.501751] Bluetooth: HCI socket layer initialized
Sep 22 04:17:15 raspberrypi kernel: [   25.501780] Bluetooth: L2CAP socket layer initialized
Sep 22 04:17:15 raspberrypi kernel: [   25.501829] Bluetooth: SCO socket layer initialized
Sep 22 04:17:15 raspberrypi kernel: [   25.545278] Bluetooth: HCI UART driver ver 2.3
Sep 22 04:17:15 raspberrypi kernel: [   25.545326] Bluetooth: HCI UART protocol H4 registered
Sep 22 04:17:15 raspberrypi kernel: [   25.545520] Bluetooth: HCI UART protocol Three-wire (H5) registered
Sep 22 04:17:15 raspberrypi kernel: [   25.546053] Bluetooth: HCI UART protocol Broadcom registered
Sep 22 04:17:18 raspberrypi kernel: [   28.196210] hwmon hwmon1: Voltage normalised
Sep 22 04:17:20 raspberrypi kernel: [   29.658215] Bluetooth: BNEP (Ethernet Emulation) ver 1.3
Sep 22 04:17:20 raspberrypi kernel: [   29.658258] Bluetooth: BNEP filters: protocol multicast
Sep 22 04:17:20 raspberrypi kernel: [   29.658300] Bluetooth: BNEP socket layer initialized
Sep 22 04:17:20 raspberrypi kernel: [   29.731004] NET: Registered PF_ALG protocol family
Sep 22 04:17:23 raspberrypi kernel: [   33.013253] vc4-drm soc:gpu: [drm] Cannot find any crtc or sizes
Sep 22 04:17:28 raspberrypi kernel: [   37.860214] cam-dummy-reg: disabling
Sep 22 04:17:42 raspberrypi kernel: [   52.388115] hwmon hwmon1: Voltage normalised
Sep 22 04:17:54 raspberrypi kernel: [   64.484099] hwmon hwmon1: Voltage normalised
Sep 22 04:17:07 raspberrypi kernel: [    0.000000] Booting Linux on physical CPU 0x0000000000 [0x410fd034]
Sep 22 04:17:07 raspberrypi kernel: [    0.000000] Linux version 5.15.61-v8+ (dom@buildbot) (aarch64-linux-gnu-gcc-8 (Ubuntu/Linaro 8.4.0-3ubuntu1) 8.4.0, GNU ld (GNU Binutils for Ubuntu) 2.34) #1579 SMP PREEMPT Fri Aug 26 11:16:44 BST 2022
Sep 22 04:17:07 raspberrypi kernel: [    0.000000] random: crng init done
Sep 22 04:17:07 raspberrypi kernel: [    0.000000] Machine model: Raspberry Pi 3 Model B Rev 1.2
Sep 22 04:17:07 raspberrypi kernel: [    0.000000] efi: UEFI not found.
Sep 22 04:17:07 raspberrypi kernel: [    0.000000] Reserved memory: created CMA memory pool at 0x000000001ec00000, size 256 MiB
Sep 22 04:17:07 raspberrypi kernel: [    0.000000] OF: reserved mem: initialized node linux,cma, compatible id shared-dma-pool
Sep 22 04:17:07 raspberrypi kernel: [    0.000000] Zone ranges:
Sep 22 04:17:07 raspberrypi kernel: [    0.000000]   DMA      [mem 0x0000000000000000-0x000000003b3fffff]
Sep 22 04:17:07 raspberrypi kernel: [    0.000000]   DMA32    empty
Sep 22 04:17:07 raspberrypi kernel: [    0.000000]   Normal   empty
Sep 22 04:17:07 raspberrypi kernel: [    0.000000] Movable zone start for each node
Sep 22 04:17:07 raspberrypi kernel: [    0.000000] Early memory node ranges
Sep 22 04:17:07 raspberrypi kernel: [    0.000000]   node   0: [mem 0x0000000000000000-0x000000003b3fffff]
Sep 22 04:17:07 raspberrypi kernel: [    0.000000] Initmem setup node 0 [mem 0x0000000000000000-0x000000003b3fffff]
Sep 22 04:17:07 raspberrypi kernel: [    0.000000] On node 0, zone DMA: 19456 pages in unavailable ranges
Sep 22 04:17:07 raspberrypi kernel: [    0.000000] percpu: Embedded 28 pages/cpu s77272 r8192 d29224 u114688
Sep 22 04:17:07 raspberrypi kernel: [    0.000000] Detected VIPT I-cache on CPU0
Sep 22 04:17:07 raspberrypi kernel: [    0.000000] CPU features: kernel page table isolation forced ON by KASLR
Sep 22 04:17:07 raspberrypi kernel: [    0.000000] CPU features: detected: Kernel page table isolation (KPTI)
Sep 22 04:17:07 raspberrypi kernel: [    0.000000] CPU features: detected: ARM erratum 843419
Sep 22 04:17:07 raspberrypi kernel: [    0.000000] CPU features: detected: ARM erratum 845719
Sep 22 04:17:07 raspberrypi kernel: [    0.000000] Built 1 zonelists, mobility grouping on.  Total pages: 238896
Sep 22 04:17:07 raspberrypi kernel: [    0.000000] Kernel command line: coherent_pool=1M 8250.nr_uarts=0 snd_bcm2835.enable_compat_alsa=0 snd_bcm2835.enable_hdmi=1 video=Composite-1:720x480@60i vc_mem.mem_base=0x3ec00000 vc_mem.mem_size=0x40000000  console=ttyS0,115200 console=tty1 root=/dev/nfs nfsroot=10.20.30.1:/home/phyllalix/RASPI/client,tcp,vers=3 rw ip=dhcp rootwait
Sep 22 04:17:07 raspberrypi kernel: [    0.000000] Dentry cache hash table entries: 131072 (order: 8, 1048576 bytes, linear)
Sep 22 04:17:07 raspberrypi kernel: [    0.000000] Inode-cache hash table entries: 65536 (order: 7, 524288 bytes, linear)
Sep 22 04:17:07 raspberrypi kernel: [    0.000000] mem auto-init: stack:off, heap alloc:off, heap free:off
Sep 22 04:17:07 raspberrypi kernel: [    0.000000] Memory: 665480K/970752K available (11520K kernel code, 1956K rwdata, 4140K rodata, 3840K init, 974K bss, 43128K reserved, 262144K cma-reserved)
Sep 22 04:17:07 raspberrypi kernel: [    0.000000] SLUB: HWalign=64, Order=0-3, MinObjects=0, CPUs=4, Nodes=1
Sep 22 04:17:07 raspberrypi kernel: [    0.000000] ftrace: allocating 38040 entries in 149 pages
Sep 22 04:17:07 raspberrypi kernel: [    0.000000] ftrace: allocated 149 pages with 4 groups
Sep 22 04:17:07 raspberrypi kernel: [    0.000000] trace event string verifier disabled
Sep 22 04:17:07 raspberrypi kernel: [    0.000000] rcu: Preemptible hierarchical RCU implementation.
Sep 22 04:17:07 raspberrypi kernel: [    0.000000] rcu: 	RCU event tracing is enabled.
Sep 22 04:17:07 raspberrypi kernel: [    0.000000] rcu: 	RCU restricting CPUs from NR_CPUS=256 to nr_cpu_ids=4.
Sep 22 04:17:07 raspberrypi kernel: [    0.000000] 	Trampoline variant of Tasks RCU enabled.
Sep 22 04:17:07 raspberrypi kernel: [    0.000000] 	Rude variant of Tasks RCU enabled.
Sep 22 04:17:07 raspberrypi kernel: [    0.000000] 	Tracing variant of Tasks RCU enabled.
Sep 22 04:17:07 raspberrypi kernel: [    0.000000] rcu: RCU calculated value of scheduler-enlistment delay is 25 jiffies.
Sep 22 04:17:07 raspberrypi kernel: [    0.000000] rcu: Adjusting geometry for rcu_fanout_leaf=16, nr_cpu_ids=4
Sep 22 04:17:07 raspberrypi kernel: [    0.000000] NR_IRQS: 64, nr_irqs: 64, preallocated irqs: 0
Sep 22 04:17:07 raspberrypi kernel: [    0.000000] Root IRQ handler: bcm2836_arm_irqchip_handle_irq
Sep 22 04:17:07 raspberrypi kernel: [    0.000000] arch_timer: cp15 timer(s) running at 19.20MHz (phys).
Sep 22 04:17:07 raspberrypi kernel: [    0.000000] clocksource: arch_sys_counter: mask: 0xffffffffffffff max_cycles: 0x46d987e47, max_idle_ns: 440795202767 ns
Sep 22 04:17:07 raspberrypi kernel: [    0.000001] sched_clock: 56 bits at 19MHz, resolution 52ns, wraps every 4398046511078ns
Sep 22 04:17:07 raspberrypi kernel: [    0.000362] Console: colour dummy device 80x25
Sep 22 04:17:07 raspberrypi kernel: [    0.001291] printk: console [tty1] enabled
Sep 22 04:17:07 raspberrypi kernel: [    0.001377] Calibrating delay loop (skipped), value calculated using timer frequency.. 38.40 BogoMIPS (lpj=76800)
Sep 22 04:17:07 raspberrypi kernel: [    0.001441] pid_max: default: 32768 minimum: 301
Sep 22 04:17:07 raspberrypi kernel: [    0.001645] LSM: Security Framework initializing
Sep 22 04:17:07 raspberrypi kernel: [    0.001929] Mount-cache hash table entries: 2048 (order: 2, 16384 bytes, linear)
Sep 22 04:17:07 raspberrypi kernel: [    0.001999] Mountpoint-cache hash table entries: 2048 (order: 2, 16384 bytes, linear)
Sep 22 04:17:07 raspberrypi kernel: [    0.003723] cgroup: Disabling memory control group subsystem
Sep 22 04:17:07 raspberrypi kernel: [    0.007611] rcu: Hierarchical SRCU implementation.
Sep 22 04:17:07 raspberrypi kernel: [    0.009105] EFI services will not be available.
Sep 22 04:17:07 raspberrypi kernel: [    0.009880] smp: Bringing up secondary CPUs ...
Sep 22 04:17:07 raspberrypi kernel: [    0.011421] Detected VIPT I-cache on CPU1
Sep 22 04:17:07 raspberrypi kernel: [    0.011514] CPU1: Booted secondary processor 0x0000000001 [0x410fd034]
Sep 22 04:17:07 raspberrypi kernel: [    0.013376] Detected VIPT I-cache on CPU2
Sep 22 04:17:07 raspberrypi kernel: [    0.013442] CPU2: Booted secondary processor 0x0000000002 [0x410fd034]
Sep 22 04:17:07 raspberrypi kernel: [    0.015092] Detected VIPT I-cache on CPU3
Sep 22 04:17:07 raspberrypi kernel: [    0.015148] CPU3: Booted secondary processor 0x0000000003 [0x410fd034]
Sep 22 04:17:07 raspberrypi kernel: [    0.015361] smp: Brought up 1 node, 4 CPUs
Sep 22 04:17:07 raspberrypi kernel: [    0.015515] SMP: Total of 4 processors activated.
Sep 22 04:17:07 raspberrypi kernel: [    0.015549] CPU features: detected: 32-bit EL0 Support
Sep 22 04:17:07 raspberrypi kernel: [    0.015580] CPU features: detected: 32-bit EL1 Support
Sep 22 04:17:07 raspberrypi kernel: [    0.015614] CPU features: detected: CRC32 instructions
Sep 22 04:17:07 raspberrypi kernel: [    0.056995] CPU: All CPU(s) started at EL2
Sep 22 04:17:07 raspberrypi kernel: [    0.057146] alternatives: patching kernel code
Sep 22 04:17:07 raspberrypi kernel: [    0.059129] devtmpfs: initialized
Sep 22 04:17:07 raspberrypi kernel: [    0.081584] Enabled cp15_barrier support
Sep 22 04:17:07 raspberrypi kernel: [    0.081665] Enabled setend support
Sep 22 04:17:07 raspberrypi kernel: [    0.081710] KASLR enabled
Sep 22 04:17:07 raspberrypi kernel: [    0.081988] clocksource: jiffies: mask: 0xffffffff max_cycles: 0xffffffff, max_idle_ns: 7645041785100000 ns
Sep 22 04:17:07 raspberrypi kernel: [    0.082059] futex hash table entries: 1024 (order: 4, 65536 bytes, linear)
Sep 22 04:17:07 raspberrypi kernel: [    0.093982] pinctrl core: initialized pinctrl subsystem
Sep 22 04:17:07 raspberrypi kernel: [    0.095223] DMI not present or invalid.
Sep 22 04:17:07 raspberrypi kernel: [    0.096206] NET: Registered PF_NETLINK/PF_ROUTE protocol family
Sep 22 04:17:07 raspberrypi kernel: [    0.107383] DMA: preallocated 1024 KiB GFP_KERNEL pool for atomic allocations
Sep 22 04:17:07 raspberrypi kernel: [    0.107915] DMA: preallocated 1024 KiB GFP_KERNEL|GFP_DMA pool for atomic allocations
Sep 22 04:17:07 raspberrypi kernel: [    0.109419] DMA: preallocated 1024 KiB GFP_KERNEL|GFP_DMA32 pool for atomic allocations
Sep 22 04:17:07 raspberrypi kernel: [    0.109612] audit: initializing netlink subsys (disabled)
Sep 22 04:17:07 raspberrypi kernel: [    0.110063] audit: type=2000 audit(0.108:1): state=initialized audit_enabled=0 res=1
Sep 22 04:17:07 raspberrypi kernel: [    0.110978] thermal_sys: Registered thermal governor 'step_wise'
Sep 22 04:17:07 raspberrypi kernel: [    0.111281] cpuidle: using governor menu
Sep 22 04:17:07 raspberrypi kernel: [    0.111862] hw-breakpoint: found 6 breakpoint and 4 watchpoint registers.
Sep 22 04:17:07 raspberrypi kernel: [    0.112169] ASID allocator initialised with 32768 entries
Sep 22 04:17:07 raspberrypi kernel: [    0.112443] Serial: AMBA PL011 UART driver
Sep 22 04:17:07 raspberrypi kernel: [    0.126815] bcm2835-mbox 3f00b880.mailbox: mailbox enabled
Sep 22 04:17:07 raspberrypi kernel: [    0.156813] raspberrypi-firmware soc:firmware: Attached to firmware from 2022-08-26T14:04:36, variant start
Sep 22 04:17:07 raspberrypi kernel: [    0.160824] raspberrypi-firmware soc:firmware: Firmware hash is 102f1e848393c2112206fadffaaf86db04e98326
Sep 22 04:17:07 raspberrypi kernel: [    0.221303] bcm2835-dma 3f007000.dma: DMA legacy API manager, dmachans=0x1
Sep 22 04:17:07 raspberrypi kernel: [    0.226945] vgaarb: loaded
Sep 22 04:17:07 raspberrypi kernel: [    0.227609] SCSI subsystem initialized
Sep 22 04:17:07 raspberrypi kernel: [    0.227954] usbcore: registered new interface driver usbfs
Sep 22 04:17:07 raspberrypi kernel: [    0.228074] usbcore: registered new interface driver hub
Sep 22 04:17:07 raspberrypi kernel: [    0.228194] usbcore: registered new device driver usb
Sep 22 04:17:07 raspberrypi kernel: [    0.228747] usb_phy_generic phy: supply vcc not found, using dummy regulator
Sep 22 04:17:07 raspberrypi kernel: [    0.229077] usb_phy_generic phy: dummy supplies not allowed for exclusive requests
Sep 22 04:17:07 raspberrypi kernel: [    0.229673] pps_core: LinuxPPS API ver. 1 registered
Sep 22 04:17:07 raspberrypi kernel: [    0.229710] pps_core: Software ver. 5.3.6 - Copyright 2005-2007 Rodolfo Giometti <giometti@linux.it>
Sep 22 04:17:07 raspberrypi kernel: [    0.229774] PTP clock support registered
Sep 22 04:17:07 raspberrypi kernel: [    0.232049] clocksource: Switched to clocksource arch_sys_counter
Sep 22 04:17:07 raspberrypi kernel: [    0.368879] VFS: Disk quotas dquot_6.6.0
Sep 22 04:17:07 raspberrypi kernel: [    0.369059] VFS: Dquot-cache hash table entries: 512 (order 0, 4096 bytes)
Sep 22 04:17:07 raspberrypi kernel: [    0.369337] FS-Cache: Loaded
Sep 22 04:17:07 raspberrypi kernel: [    0.369686] CacheFiles: Loaded
Sep 22 04:17:07 raspberrypi kernel: [    0.371036] simple-framebuffer 3eaa9000.framebuffer: framebuffer at 0x3eaa9000, 0x151800 bytes
Sep 22 04:17:07 raspberrypi kernel: [    0.371090] simple-framebuffer 3eaa9000.framebuffer: format=a8r8g8b8, mode=720x480x32, linelength=2880
Sep 22 04:17:07 raspberrypi kernel: [    0.377527] Console: switching to colour frame buffer device 90x30
Sep 22 04:17:07 raspberrypi kernel: [    0.386012] simple-framebuffer 3eaa9000.framebuffer: fb0: simplefb registered!
Sep 22 04:17:07 raspberrypi kernel: [    0.404515] NET: Registered PF_INET protocol family
Sep 22 04:17:07 raspberrypi kernel: [    0.407976] IP idents hash table entries: 16384 (order: 5, 131072 bytes, linear)
Sep 22 04:17:07 raspberrypi kernel: [    0.412774] tcp_listen_portaddr_hash hash table entries: 512 (order: 1, 8192 bytes, linear)
Sep 22 04:17:07 raspberrypi kernel: [    0.419270] Table-perturb hash table entries: 65536 (order: 6, 262144 bytes, linear)
Sep 22 04:17:07 raspberrypi kernel: [    0.422819] TCP established hash table entries: 8192 (order: 4, 65536 bytes, linear)
Sep 22 04:17:07 raspberrypi kernel: [    0.426539] TCP bind hash table entries: 8192 (order: 5, 131072 bytes, linear)
Sep 22 04:17:07 raspberrypi kernel: [    0.430340] TCP: Hash tables configured (established 8192 bind 8192)
Sep 22 04:17:07 raspberrypi kernel: [    0.434242] UDP hash table entries: 512 (order: 2, 16384 bytes, linear)
Sep 22 04:17:07 raspberrypi kernel: [    0.437966] UDP-Lite hash table entries: 512 (order: 2, 16384 bytes, linear)
Sep 22 04:17:07 raspberrypi kernel: [    0.442056] NET: Registered PF_UNIX/PF_LOCAL protocol family
Sep 22 04:17:07 raspberrypi kernel: [    0.447034] RPC: Registered named UNIX socket transport module.
Sep 22 04:17:07 raspberrypi kernel: [    0.450717] RPC: Registered udp transport module.
Sep 22 04:17:07 raspberrypi kernel: [    0.454324] RPC: Registered tcp transport module.
Sep 22 04:17:07 raspberrypi kernel: [    0.457753] RPC: Registered tcp NFSv4.1 backchannel transport module.
Sep 22 04:17:07 raspberrypi kernel: [    0.461196] PCI: CLS 0 bytes, default 64
Sep 22 04:17:07 raspberrypi kernel: [    0.467623] hw perfevents: enabled with armv8_cortex_a53 PMU driver, 7 counters available
Sep 22 04:17:07 raspberrypi kernel: [    0.475027] kvm [1]: IPA Size Limit: 40 bits
Sep 22 04:17:07 raspberrypi kernel: [    0.480295] kvm [1]: Hyp mode initialized successfully
Sep 22 04:17:07 raspberrypi kernel: [    1.741481] Initialise system trusted keyrings
Sep 22 04:17:07 raspberrypi kernel: [    1.745420] workingset: timestamp_bits=46 max_order=18 bucket_order=0
Sep 22 04:17:07 raspberrypi kernel: [    1.759590] zbud: loaded
Sep 22 04:17:07 raspberrypi kernel: [    1.765686] FS-Cache: Netfs 'nfs' registered for caching
Sep 22 04:17:07 raspberrypi kernel: [    1.769953] NFS: Registering the id_resolver key type
Sep 22 04:17:07 raspberrypi kernel: [    1.773244] Key type id_resolver registered
Sep 22 04:17:07 raspberrypi kernel: [    1.776399] Key type id_legacy registered
Sep 22 04:17:07 raspberrypi kernel: [    1.779556] nfs4filelayout_init: NFSv4 File Layout Driver Registering...
Sep 22 04:17:07 raspberrypi kernel: [    1.782618] nfs4flexfilelayout_init: NFSv4 Flexfile Layout Driver Registering...
Sep 22 04:17:07 raspberrypi kernel: [    1.787408] Key type asymmetric registered
Sep 22 04:17:07 raspberrypi kernel: [    1.790418] Asymmetric key parser 'x509' registered
Sep 22 04:17:07 raspberrypi kernel: [    1.793464] Block layer SCSI generic (bsg) driver version 0.4 loaded (major 247)
Sep 22 04:17:07 raspberrypi kernel: [    1.796972] io scheduler mq-deadline registered
Sep 22 04:17:07 raspberrypi kernel: [    1.799910] io scheduler kyber registered
Sep 22 04:17:07 raspberrypi kernel: [    1.820670] bcm2835-rng 3f104000.rng: hwrng registered
Sep 22 04:17:07 raspberrypi kernel: [    1.824588] vc-mem: phys_addr:0x00000000 mem_base=0x3ec00000 mem_size:0x40000000(1024 MiB)
Sep 22 04:17:07 raspberrypi kernel: [    1.832590] gpiomem-bcm2835 3f200000.gpiomem: Initialised: Registers at 0x3f200000
Sep 22 04:17:07 raspberrypi kernel: [    1.855055] brd: module loaded
Sep 22 04:17:07 raspberrypi kernel: [    1.873371] loop: module loaded
Sep 22 04:17:07 raspberrypi kernel: [    1.877584] Loading iSCSI transport class v2.0-870.
Sep 22 04:17:07 raspberrypi kernel: [    1.887655] usbcore: registered new interface driver r8152
Sep 22 04:17:07 raspberrypi kernel: [    1.890849] usbcore: registered new interface driver lan78xx
Sep 22 04:17:07 raspberrypi kernel: [    1.893904] usbcore: registered new interface driver smsc95xx
Sep 22 04:17:07 raspberrypi kernel: [    1.897491] dwc_otg: version 3.00a 10-AUG-2012 (platform bus)
Sep 22 04:17:07 raspberrypi kernel: [    2.628608] Core Release: 2.80a
Sep 22 04:17:07 raspberrypi kernel: [    2.631463] Setting default values for core params
Sep 22 04:17:07 raspberrypi kernel: [    2.634352] Finished setting default values for core params
Sep 22 04:17:07 raspberrypi kernel: [    2.837687] Using Buffer DMA mode
Sep 22 04:17:07 raspberrypi kernel: [    2.840524] Periodic Transfer Interrupt Enhancement - disabled
Sep 22 04:17:07 raspberrypi kernel: [    2.843420] Multiprocessor Interrupt Enhancement - disabled
Sep 22 04:17:07 raspberrypi kernel: [    2.846397] OTG VER PARAM: 0, OTG VER FLAG: 0
Sep 22 04:17:07 raspberrypi kernel: [    2.849336] Dedicated Tx FIFOs mode
Sep 22 04:17:07 raspberrypi kernel: [    2.856880] 
Sep 22 04:17:07 raspberrypi kernel: [    2.856897] WARN::dwc_otg_hcd_init:1074: FIQ DMA bounce buffers: virt = ffffffc008469000 dma = 0x00000000df000000 len=9024
Sep 22 04:17:07 raspberrypi kernel: [    2.865302] FIQ FSM acceleration enabled for :
Sep 22 04:17:07 raspberrypi kernel: [    2.865302] Non-periodic Split Transactions
Sep 22 04:17:07 raspberrypi kernel: [    2.865302] Periodic Split Transactions
Sep 22 04:17:07 raspberrypi kernel: [    2.865302] High-Speed Isochronous Endpoints
Sep 22 04:17:07 raspberrypi kernel: [    2.865302] Interrupt/Control Split Transaction hack enabled
Sep 22 04:17:07 raspberrypi kernel: [    2.878934] 
Sep 22 04:17:07 raspberrypi kernel: [    2.878947] WARN::hcd_init_fiq:497: MPHI regs_base at ffffffc00806d000
Sep 22 04:17:07 raspberrypi kernel: [    2.884113] dwc_otg 3f980000.usb: DWC OTG Controller
Sep 22 04:17:07 raspberrypi kernel: [    2.886758] dwc_otg 3f980000.usb: new USB bus registered, assigned bus number 1
Sep 22 04:17:07 raspberrypi kernel: [    2.889517] dwc_otg 3f980000.usb: irq 74, io mem 0x00000000
Sep 22 04:17:07 raspberrypi kernel: [    2.892213] Init: Port Power? op_state=1
Sep 22 04:17:07 raspberrypi kernel: [    2.894876] Init: Power Port (0)
Sep 22 04:17:07 raspberrypi kernel: [    2.898077] usb usb1: New USB device found, idVendor=1d6b, idProduct=0002, bcdDevice= 5.15
Sep 22 04:17:07 raspberrypi kernel: [    2.903634] usb usb1: New USB device strings: Mfr=3, Product=2, SerialNumber=1
Sep 22 04:17:07 raspberrypi kernel: [    2.906633] usb usb1: Product: DWC OTG Controller
Sep 22 04:17:07 raspberrypi kernel: [    2.909562] usb usb1: Manufacturer: Linux 5.15.61-v8+ dwc_otg_hcd
Sep 22 04:17:07 raspberrypi kernel: [    2.912520] usb usb1: SerialNumber: 3f980000.usb
Sep 22 04:17:07 raspberrypi kernel: [    2.916476] hub 1-0:1.0: USB hub found
Sep 22 04:17:07 raspberrypi kernel: [    2.919384] hub 1-0:1.0: 1 port detected
Sep 22 04:17:07 raspberrypi kernel: [    2.924387] usbcore: registered new interface driver uas
Sep 22 04:17:07 raspberrypi kernel: [    2.927339] usbcore: registered new interface driver usb-storage
Sep 22 04:17:07 raspberrypi kernel: [    2.930777] mousedev: PS/2 mouse device common for all mice
Sep 22 04:17:07 raspberrypi kernel: [    2.939418] sdhci: Secure Digital Host Controller Interface driver
Sep 22 04:17:07 raspberrypi kernel: [    2.942214] sdhci: Copyright(c) Pierre Ossman
Sep 22 04:17:07 raspberrypi kernel: [    2.945709] sdhci-pltfm: SDHCI platform and OF driver helper
Sep 22 04:17:07 raspberrypi kernel: [    2.952158] ledtrig-cpu: registered to indicate activity on CPUs
Sep 22 04:17:07 raspberrypi kernel: [    2.955913] hid: raw HID events driver (C) Jiri Kosina
Sep 22 04:17:07 raspberrypi kernel: [    2.959025] usbcore: registered new interface driver usbhid
Sep 22 04:17:07 raspberrypi kernel: [    2.961907] usbhid: USB HID core driver
Sep 22 04:17:07 raspberrypi kernel: [    2.965164] ashmem: initialized
Sep 22 04:17:07 raspberrypi kernel: [    2.976243] NET: Registered PF_PACKET protocol family
Sep 22 04:17:07 raspberrypi kernel: [    2.979236] Key type dns_resolver registered
Sep 22 04:17:07 raspberrypi kernel: [    2.983834] registered taskstats version 1
Sep 22 04:17:07 raspberrypi kernel: [    2.986595] Loading compiled-in X.509 certificates
Sep 22 04:17:07 raspberrypi kernel: [    2.990324] Key type ._fscrypt registered
Sep 22 04:17:07 raspberrypi kernel: [    2.993069] Key type .fscrypt registered
Sep 22 04:17:07 raspberrypi kernel: [    2.995647] Key type fscrypt-provisioning registered
Sep 22 04:17:07 raspberrypi kernel: [    3.017931] uart-pl011 3f201000.serial: cts_event_workaround enabled
Sep 22 04:17:07 raspberrypi kernel: [    3.020747] 3f201000.serial: ttyAMA0 at MMIO 0x3f201000 (irq = 99, base_baud = 0) is a PL011 rev2
Sep 22 04:17:07 raspberrypi kernel: [    3.031754] bcm2835-wdt bcm2835-wdt: Broadcom BCM2835 watchdog timer
Sep 22 04:17:07 raspberrypi kernel: [    3.032317] Indeed it is in host mode hprt0 = 00021501
Sep 22 04:17:07 raspberrypi kernel: [    3.035161] bcm2835-power bcm2835-power: Broadcom BCM2835 power domains driver
Sep 22 04:17:07 raspberrypi kernel: [    3.042754] mmc-bcm2835 3f300000.mmcnr: mmc_debug:0 mmc_debug2:0
Sep 22 04:17:07 raspberrypi kernel: [    3.045658] mmc-bcm2835 3f300000.mmcnr: DMA channel allocated
Sep 22 04:17:07 raspberrypi kernel: [    3.075544] sdhost: log_buf @ 00000000fafc3f9a (c2c17000)
Sep 22 04:17:07 raspberrypi kernel: [    3.129360] mmc0: sdhost-bcm2835 loaded - DMA enabled (>1)
Sep 22 04:17:07 raspberrypi kernel: [    3.140783] of_cfs_init
Sep 22 04:17:07 raspberrypi kernel: [    3.143761] of_cfs_init: OK
Sep 22 04:17:07 raspberrypi kernel: [    3.224151] usb 1-1: new high-speed USB device number 2 using dwc_otg
Sep 22 04:17:07 raspberrypi kernel: [    3.227180] Indeed it is in host mode hprt0 = 00001101
Sep 22 04:17:07 raspberrypi kernel: [    3.256396] mmc1: new high speed SDIO card at address 0001
Sep 22 04:17:07 raspberrypi kernel: [    3.436641] usb 1-1: New USB device found, idVendor=0424, idProduct=9514, bcdDevice= 2.00
Sep 22 04:17:07 raspberrypi kernel: [    3.442435] usb 1-1: New USB device strings: Mfr=0, Product=0, SerialNumber=0
Sep 22 04:17:07 raspberrypi kernel: [    3.446726] hub 1-1:1.0: USB hub found
Sep 22 04:17:07 raspberrypi kernel: [    3.449968] hub 1-1:1.0: 5 ports detected
Sep 22 04:17:07 raspberrypi kernel: [    3.740088] usb 1-1.1: new high-speed USB device number 3 using dwc_otg
Sep 22 04:17:07 raspberrypi kernel: [    3.840545] usb 1-1.1: New USB device found, idVendor=0424, idProduct=ec00, bcdDevice= 2.00
Sep 22 04:17:07 raspberrypi kernel: [    3.846830] usb 1-1.1: New USB device strings: Mfr=0, Product=0, SerialNumber=0
Sep 22 04:17:07 raspberrypi kernel: [    3.853250] smsc95xx v2.0.0
Sep 22 04:17:07 raspberrypi kernel: [    3.973218] SMSC LAN8700 usb-001:003:01: attached PHY driver (mii_bus:phy_addr=usb-001:003:01, irq=POLL)
Sep 22 04:17:07 raspberrypi kernel: [    3.981046] smsc95xx 1-1.1:1.0 eth0: register 'smsc95xx' at usb-3f980000.usb-1.1, smsc95xx USB 2.0 Ethernet, b8:27:eb:cc:81:19
Sep 22 04:17:07 raspberrypi kernel: [    4.208988] smsc95xx 1-1.1:1.0 eth0: hardware isn't capable of remote wakeup
Sep 22 04:17:07 raspberrypi kernel: [    4.261944] smsc95xx 1-1.1:1.0 eth0: Link is Down
Sep 22 04:17:07 raspberrypi kernel: [    6.341893] smsc95xx 1-1.1:1.0 eth0: Link is Up - 100Mbps/Full - flow control off
Sep 22 04:17:07 raspberrypi kernel: [    6.368083] Sending DHCP requests ., OK
Sep 22 04:17:07 raspberrypi kernel: [    6.395607] IP-Config: Got DHCP answer from 10.20.30.1, my address is 10.20.30.123
Sep 22 04:17:07 raspberrypi kernel: [    6.399222] IP-Config: Complete:
Sep 22 04:17:07 raspberrypi kernel: [    6.402765]      device=eth0, hwaddr=b8:27:eb:cc:81:19, ipaddr=10.20.30.123, mask=255.255.255.0, gw=10.20.30.1
Sep 22 04:17:07 raspberrypi kernel: [    6.410192]      host=10.20.30.123, domain=, nis-domain=(none)
Sep 22 04:17:07 raspberrypi kernel: [    6.413970]      bootserver=10.20.30.1, rootserver=10.20.30.1, rootpath=
Sep 22 04:17:07 raspberrypi kernel: [    6.413991]      nameserver0=8.8.8.8
Sep 22 04:17:07 raspberrypi kernel: [    6.446101] VFS: Mounted root (nfs filesystem) on device 0:17.
Sep 22 04:17:07 raspberrypi kernel: [    6.450947] devtmpfs: mounted
Sep 22 04:17:07 raspberrypi kernel: [    6.465657] Freeing unused kernel memory: 3840K
Sep 22 04:17:07 raspberrypi kernel: [    6.476246] Run /sbin/init as init process
Sep 22 04:17:07 raspberrypi kernel: [    7.918728] NET: Registered PF_INET6 protocol family
Sep 22 04:17:07 raspberrypi kernel: [    7.925791] Segment Routing with IPv6
Sep 22 04:17:07 raspberrypi kernel: [    7.929461] In-situ OAM (IOAM) with IPv6
Sep 22 04:17:07 raspberrypi kernel: [   10.657169] fuse: init (API version 7.34)
Sep 22 04:17:07 raspberrypi kernel: [   16.035458] vc_sm_cma: module is from the staging directory, the quality is unknown, you have been warned.
Sep 22 04:17:07 raspberrypi kernel: [   16.242574] bcm2835_vc_sm_cma_probe: Videocore shared memory driver
Sep 22 04:17:07 raspberrypi kernel: [   16.243189] [vc_sm_connected_init]: start
Sep 22 04:17:07 raspberrypi kernel: [   16.248242] mc: Linux media interface: v0.10
Sep 22 04:17:07 raspberrypi kernel: [   16.339140] [vc_sm_connected_init]: installed successfully
Sep 22 04:17:07 raspberrypi kernel: [   16.613630] videodev: Linux video capture interface: v2.00
Sep 22 04:17:07 raspberrypi kernel: [   17.004799] snd_bcm2835: module is from the staging directory, the quality is unknown, you have been warned.
Sep 22 04:17:07 raspberrypi kernel: [   17.335042] bcm2835_audio bcm2835_audio: card created with 8 channels
Sep 22 04:17:07 raspberrypi kernel: [   17.491755] bcm2835_mmal_vchiq: module is from the staging directory, the quality is unknown, you have been warned.
Sep 22 04:17:08 raspberrypi kernel: [   17.596691] bcm2835_isp: module is from the staging directory, the quality is unknown, you have been warned.
Sep 22 04:17:07 raspberrypi rsyslogd: imuxsock: Acquired UNIX socket '/run/systemd/journal/syslog' (fd 3) from systemd.  [v8.2102.0]
Sep 22 04:17:07 raspberrypi rsyslogd: [origin software="rsyslogd" swVersion="8.2102.0" x-pid="267" x-info="https://www.rsyslog.com"] start
Sep 22 04:17:08 raspberrypi kernel: [   17.618048] bcm2835-isp bcm2835-isp: Device node output[0] registered as /dev/video13
Sep 22 04:17:08 raspberrypi kernel: [   17.621438] bcm2835-isp bcm2835-isp: Device node capture[0] registered as /dev/video14
Sep 22 04:17:08 raspberrypi kernel: [   17.636541] bcm2835-isp bcm2835-isp: Device node capture[1] registered as /dev/video15
Sep 22 04:17:08 raspberrypi kernel: [   17.653316] bcm2835-isp bcm2835-isp: Device node stats[2] registered as /dev/video16
Sep 22 04:17:08 raspberrypi kernel: [   17.654251] bcm2835-isp bcm2835-isp: Register output node 0 with media controller
Sep 22 04:17:08 raspberrypi kernel: [   17.654432] bcm2835-isp bcm2835-isp: Register capture node 1 with media controller
Sep 22 04:17:08 raspberrypi kernel: [   17.654483] bcm2835-isp bcm2835-isp: Register capture node 2 with media controller
Sep 22 04:17:08 raspberrypi kernel: [   17.654532] bcm2835-isp bcm2835-isp: Register capture node 3 with media controller
Sep 22 04:17:08 raspberrypi kernel: [   17.666262] bcm2835-isp bcm2835-isp: Device node output[0] registered as /dev/video20
Sep 22 04:17:08 raspberrypi kernel: [   17.716768] bcm2835_v4l2: module is from the staging directory, the quality is unknown, you have been warned.
Sep 22 04:17:08 raspberrypi kernel: [   17.733000] bcm2835-isp bcm2835-isp: Device node capture[0] registered as /dev/video21
Sep 22 04:17:08 raspberrypi kernel: [   18.059606] bcm2835_codec: module is from the staging directory, the quality is unknown, you have been warned.
Sep 22 04:17:08 raspberrypi kernel: [   18.073851] bcm2835-isp bcm2835-isp: Device node capture[1] registered as /dev/video22
Sep 22 04:17:08 raspberrypi kernel: [   18.139662] bcm2835-isp bcm2835-isp: Device node stats[2] registered as /dev/video23
Sep 22 04:17:08 raspberrypi kernel: [   18.139755] bcm2835-isp bcm2835-isp: Register output node 0 with media controller
Sep 22 04:17:08 raspberrypi kernel: [   18.139793] bcm2835-isp bcm2835-isp: Register capture node 1 with media controller
Sep 22 04:17:08 raspberrypi kernel: [   18.139822] bcm2835-isp bcm2835-isp: Register capture node 2 with media controller
Sep 22 04:17:08 raspberrypi kernel: [   18.139887] bcm2835-isp bcm2835-isp: Register capture node 3 with media controller
Sep 22 04:17:08 raspberrypi kernel: [   18.152464] bcm2835-isp bcm2835-isp: Loaded V4L2 bcm2835-isp
Sep 22 04:17:08 raspberrypi udisksd[294]: udisks daemon version 2.9.2 starting
Sep 22 04:17:08 raspberrypi kernel: [   18.421923] bcm2835-codec bcm2835-codec: Device registered as /dev/video10
Sep 22 04:17:08 raspberrypi kernel: [   18.422030] bcm2835-codec bcm2835-codec: Loaded V4L2 decode
Sep 22 04:17:08 raspberrypi kernel: [   18.439955] bcm2835-codec bcm2835-codec: Device registered as /dev/video11
Sep 22 04:17:08 raspberrypi kernel: [   18.440236] bcm2835-codec bcm2835-codec: Loaded V4L2 encode
Sep 22 04:17:08 raspberrypi kernel: [   18.543554] bcm2835-codec bcm2835-codec: Device registered as /dev/video12
Sep 22 04:17:08 raspberrypi kernel: [   18.543679] bcm2835-codec bcm2835-codec: Loaded V4L2 isp
Sep 22 04:17:09 raspberrypi kernel: [   18.740782] bcm2835-codec bcm2835-codec: Device registered as /dev/video18
Sep 22 04:17:09 raspberrypi kernel: [   18.740880] bcm2835-codec bcm2835-codec: Loaded V4L2 image_fx
Sep 22 04:17:09 raspberrypi kernel: [   18.844304] bcm2835-codec bcm2835-codec: Device registered as /dev/video31
Sep 22 04:17:09 raspberrypi kernel: [   18.844478] bcm2835-codec bcm2835-codec: Loaded V4L2 encode_image
Sep 22 04:17:09 raspberrypi kernel: [   19.392567] uart-pl011 3f201000.serial: no DMA platform data
Sep 22 04:17:09 raspberrypi udisksd[294]: failed to load module mdraid: libbd_mdraid.so.2: cannot open shared object file: No such file or directory
Sep 22 04:17:10 raspberrypi kernel: [   19.661068] cfg80211: Loading compiled-in X.509 certificates for regulatory database
Sep 22 04:17:10 raspberrypi udisksd[294]: Failed to load the 'mdraid' libblockdev plugin
Sep 22 04:17:10 raspberrypi mtp-probe: checking bus 1, device 3: "/sys/devices/platform/soc/3f980000.usb/usb1/1-1/1-1.1"
Sep 22 04:17:10 raspberrypi mtp-probe: bus: 1, device: 3 was not an MTP device
Sep 22 04:17:10 raspberrypi kernel: [   20.274397] cfg80211: Loaded X.509 cert 'sforshee: 00b28ddf47aef9cea7'
Sep 22 04:17:10 raspberrypi kernel: [   20.351258] cfg80211: loaded regulatory.db is malformed or signature is missing/invalid
Sep 22 04:17:10 raspberrypi udisksd[294]: Acquired the name org.freedesktop.UDisks2 on the system message bus
Sep 22 04:17:11 raspberrypi kernel: [   21.249322] brcmfmac: brcmf_fw_alloc_request: using brcm/brcmfmac43430-sdio for chip BCM43430/1
Sep 22 04:17:11 raspberrypi kernel: [   21.250014] usbcore: registered new interface driver brcmfmac
Sep 22 04:17:11 raspberrypi kernel: [   21.255025] brcmfmac mmc1:0001:1: Direct firmware load for brcm/brcmfmac43430-sdio.raspberrypi,3-model-b.bin failed with error -2
