Sep 22 04:06:15 raspberrypi fake-hwclock[137]: Thu 22 Sep 03:06:10 UTC 2022
Sep 22 04:06:15 raspberrypi systemd[1]: Condition check resulted in First Boot Complete being skipped.
Sep 22 04:06:15 raspberrypi systemd[1]: Starting Flush Journal to Persistent Storage...
Sep 22 04:06:15 raspberrypi systemd[1]: Finished Apply Kernel Variables.
Sep 22 04:06:15 raspberrypi systemd-sysusers[154]: Creating group systemd-coredump with gid 996.
Sep 22 04:06:15 raspberrypi systemd-sysusers[154]: Creating user systemd-coredump (systemd Core Dumper) with uid 996 and gid 996.
Sep 22 04:06:15 raspberrypi systemd[1]: Finished Create System Users.
Sep 22 04:06:15 raspberrypi systemd[1]: Starting Create Static Device Nodes in /dev...
Sep 22 04:06:15 raspberrypi systemd[1]: Finished Set the console keyboard layout.
Sep 22 04:06:15 raspberrypi systemd[1]: Finished Coldplug All udev Devices.
Sep 22 04:06:15 raspberrypi systemd[1]: Starting Helper to synchronize boot up for ifupdown...
Sep 22 04:06:15 raspberrypi systemd[1]: Finished Helper to synchronize boot up for ifupdown.
Sep 22 04:06:15 raspberrypi systemd[1]: Finished Create Static Device Nodes in /dev.
Sep 22 04:06:15 raspberrypi systemd[1]: Finished Flush Journal to Persistent Storage.
Sep 22 04:06:15 raspberrypi systemd[1]: Reached target Local File Systems (Pre).
Sep 22 04:06:15 raspberrypi systemd[1]: Reached target Local File Systems.
Sep 22 04:06:15 raspberrypi systemd[1]: Starting Set console font and keymap...
Sep 22 04:06:15 raspberrypi systemd[1]: Starting Raise network interfaces...
Sep 22 04:06:15 raspberrypi systemd[1]: Starting Preprocess NFS configuration...
Sep 22 04:06:15 raspberrypi systemd[1]: Condition check resulted in Store a System Token in an EFI Variable being skipped.
Sep 22 04:06:15 raspberrypi systemd[1]: Condition check resulted in Commit a transient machine-id on disk being skipped.
Sep 22 04:06:15 raspberrypi systemd[1]: Starting Create Volatile Files and Directories...
Sep 22 04:06:15 raspberrypi systemd[1]: Starting Rule-based Manager for Device Events and Files...
Sep 22 04:06:15 raspberrypi systemd[1]: Finished Set console font and keymap.
Sep 22 04:06:15 raspberrypi systemd[1]: nfs-config.service: Succeeded.
Sep 22 04:06:15 raspberrypi systemd[1]: Finished Preprocess NFS configuration.
Sep 22 04:06:15 raspberrypi systemd[1]: Condition check resulted in RPC security service for NFS client and server being skipped.
Sep 22 04:06:15 raspberrypi systemd[1]: Condition check resulted in RPC security service for NFS server being skipped.
Sep 22 04:06:15 raspberrypi systemd[1]: Reached target NFS client services.
Sep 22 04:06:15 raspberrypi systemd[1]: Reached target Remote File Systems (Pre).
Sep 22 04:06:15 raspberrypi systemd[1]: Finished Create Volatile Files and Directories.
Sep 22 04:06:15 raspberrypi systemd[1]: Starting Network Time Synchronization...
Sep 22 04:06:15 raspberrypi systemd[1]: Starting Update UTMP about System Boot/Shutdown...
Sep 22 04:06:15 raspberrypi systemd[1]: Started Rule-based Manager for Device Events and Files.
Sep 22 04:06:15 raspberrypi systemd[1]: Finished Update UTMP about System Boot/Shutdown.
Sep 22 04:06:15 raspberrypi systemd[1]: Finished Raise network interfaces.
Sep 22 04:06:15 raspberrypi systemd[1]: Started Network Time Synchronization.
Sep 22 04:06:15 raspberrypi systemd[1]: Reached target System Initialization.
Sep 22 04:06:15 raspberrypi systemd[1]: Started Daily Cleanup of Temporary Directories.
Sep 22 04:06:15 raspberrypi systemd[1]: Reached target System Time Set.
Sep 22 04:06:15 raspberrypi systemd[1]: Reached target System Time Synchronized.
Sep 22 04:06:15 raspberrypi systemd[1]: Started Daily apt download activities.
Sep 22 04:06:15 raspberrypi systemd[1]: Started Daily apt upgrade and clean activities.
Sep 22 04:06:15 raspberrypi systemd[1]: Started Periodic ext4 Online Metadata Check for All Filesystems.
Sep 22 04:06:15 raspberrypi systemd[1]: Started Discard unused blocks once a week.
Sep 22 04:06:15 raspberrypi systemd[1]: Started Daily rotation of log files.
Sep 22 04:06:15 raspberrypi systemd[1]: Started Daily man-db regeneration.
Sep 22 04:06:15 raspberrypi systemd[1]: Reached target Timers.
Sep 22 04:06:15 raspberrypi systemd[1]: Listening on Avahi mDNS/DNS-SD Stack Activation Socket.
Sep 22 04:06:15 raspberrypi systemd[1]: Listening on D-Bus System Message Bus Socket.
Sep 22 04:06:15 raspberrypi systemd[1]: Listening on triggerhappy.socket.
Sep 22 04:06:15 raspberrypi systemd[1]: Reached target Sockets.
Sep 22 04:06:15 raspberrypi systemd[1]: Reached target Basic System.
Sep 22 04:06:15 raspberrypi systemd[1]: Starting Avahi mDNS/DNS-SD Stack...
Sep 22 04:06:15 raspberrypi systemd[1]: Started D-Bus System Message Bus.
Sep 22 04:06:15 raspberrypi systemd[1]: Starting dphys-swapfile - set up, mount/unmount, and delete a swap file...
Sep 22 04:06:15 raspberrypi systemd[1]: Starting Remove Stale Online ext4 Metadata Check Snapshots...
Sep 22 04:06:15 raspberrypi systemd[1]: Condition check resulted in getty on tty2-tty6 if dbus and logind are not available being skipped.
Sep 22 04:06:15 raspberrypi kernel: [    0.000000] Booting Linux on physical CPU 0x0000000000 [0x410fd034]
Sep 22 04:06:15 raspberrypi kernel: [    0.000000] Linux version 5.15.61-v8+ (dom@buildbot) (aarch64-linux-gnu-gcc-8 (Ubuntu/Linaro 8.4.0-3ubuntu1) 8.4.0, GNU ld (GNU Binutils for Ubuntu) 2.34) #1579 SMP PREEMPT Fri Aug 26 11:16:44 BST 2022
Sep 22 04:06:15 raspberrypi kernel: [    0.000000] random: crng init done
Sep 22 04:06:15 raspberrypi kernel: [    0.000000] Machine model: Raspberry Pi 3 Model B Rev 1.2
Sep 22 04:06:15 raspberrypi kernel: [    0.000000] efi: UEFI not found.
Sep 22 04:06:15 raspberrypi kernel: [    0.000000] Reserved memory: created CMA memory pool at 0x000000001ec00000, size 256 MiB
Sep 22 04:06:15 raspberrypi kernel: [    0.000000] OF: reserved mem: initialized node linux,cma, compatible id shared-dma-pool
Sep 22 04:06:15 raspberrypi kernel: [    0.000000] Zone ranges:
Sep 22 04:06:15 raspberrypi kernel: [    0.000000]   DMA      [mem 0x0000000000000000-0x000000003b3fffff]
Sep 22 04:06:15 raspberrypi kernel: [    0.000000]   DMA32    empty
Sep 22 04:06:15 raspberrypi kernel: [    0.000000]   Normal   empty
Sep 22 04:06:15 raspberrypi kernel: [    0.000000] Movable zone start for each node
Sep 22 04:06:15 raspberrypi kernel: [    0.000000] Early memory node ranges
Sep 22 04:06:15 raspberrypi kernel: [    0.000000]   node   0: [mem 0x0000000000000000-0x000000003b3fffff]
Sep 22 04:06:15 raspberrypi kernel: [    0.000000] Initmem setup node 0 [mem 0x0000000000000000-0x000000003b3fffff]
Sep 22 04:06:15 raspberrypi kernel: [    0.000000] On node 0, zone DMA: 19456 pages in unavailable ranges
Sep 22 04:06:15 raspberrypi kernel: [    0.000000] percpu: Embedded 28 pages/cpu s77272 r8192 d29224 u114688
Sep 22 04:06:15 raspberrypi kernel: [    0.000000] pcpu-alloc: s77272 r8192 d29224 u114688 alloc=28*4096
Sep 22 04:06:15 raspberrypi kernel: [    0.000000] pcpu-alloc: [0] 0 [0] 1 [0] 2 [0] 3 
Sep 22 04:06:15 raspberrypi kernel: [    0.000000] Detected VIPT I-cache on CPU0
Sep 22 04:06:15 raspberrypi kernel: [    0.000000] CPU features: kernel page table isolation forced ON by KASLR
Sep 22 04:06:15 raspberrypi kernel: [    0.000000] CPU features: detected: Kernel page table isolation (KPTI)
Sep 22 04:06:15 raspberrypi kernel: [    0.000000] CPU features: detected: ARM erratum 843419
Sep 22 04:06:15 raspberrypi kernel: [    0.000000] CPU features: detected: ARM erratum 845719
Sep 22 04:06:15 raspberrypi kernel: [    0.000000] Built 1 zonelists, mobility grouping on.  Total pages: 238896
Sep 22 04:06:15 raspberrypi kernel: [    0.000000] Kernel command line: coherent_pool=1M 8250.nr_uarts=0 snd_bcm2835.enable_compat_alsa=0 snd_bcm2835.enable_hdmi=1 video=Composite-1:720x480@60i vc_mem.mem_base=0x3ec00000 vc_mem.mem_size=0x40000000  console=ttyS0,115200 console=tty1 root=/dev/nfs nfsroot=10.20.30.1:/home/phyllalix/RASPI/client,tcp,vers=3 rw ip=dhcp rootwait
Sep 22 04:06:15 raspberrypi kernel: [    0.000000] Dentry cache hash table entries: 131072 (order: 8, 1048576 bytes, linear)
Sep 22 04:06:15 raspberrypi kernel: [    0.000000] Inode-cache hash table entries: 65536 (order: 7, 524288 bytes, linear)
Sep 22 04:06:15 raspberrypi kernel: [    0.000000] mem auto-init: stack:off, heap alloc:off, heap free:off
Sep 22 04:06:15 raspberrypi kernel: [    0.000000] Memory: 665480K/970752K available (11520K kernel code, 1956K rwdata, 4140K rodata, 3840K init, 974K bss, 43128K reserved, 262144K cma-reserved)
Sep 22 04:06:15 raspberrypi kernel: [    0.000000] SLUB: HWalign=64, Order=0-3, MinObjects=0, CPUs=4, Nodes=1
Sep 22 04:06:15 raspberrypi kernel: [    0.000000] ftrace: allocating 38040 entries in 149 pages
Sep 22 04:06:15 raspberrypi kernel: [    0.000000] ftrace: allocated 149 pages with 4 groups
Sep 22 04:06:15 raspberrypi kernel: [    0.000000] trace event string verifier disabled
Sep 22 04:06:15 raspberrypi kernel: [    0.000000] rcu: Preemptible hierarchical RCU implementation.
Sep 22 04:06:15 raspberrypi kernel: [    0.000000] rcu: 	RCU event tracing is enabled.
Sep 22 04:06:15 raspberrypi kernel: [    0.000000] rcu: 	RCU restricting CPUs from NR_CPUS=256 to nr_cpu_ids=4.
Sep 22 04:06:15 raspberrypi kernel: [    0.000000] 	Trampoline variant of Tasks RCU enabled.
Sep 22 04:06:15 raspberrypi kernel: [    0.000000] 	Rude variant of Tasks RCU enabled.
Sep 22 04:06:15 raspberrypi kernel: [    0.000000] 	Tracing variant of Tasks RCU enabled.
Sep 22 04:06:15 raspberrypi kernel: [    0.000000] rcu: RCU calculated value of scheduler-enlistment delay is 25 jiffies.
Sep 22 04:06:15 raspberrypi kernel: [    0.000000] rcu: Adjusting geometry for rcu_fanout_leaf=16, nr_cpu_ids=4
Sep 22 04:06:15 raspberrypi kernel: [    0.000000] NR_IRQS: 64, nr_irqs: 64, preallocated irqs: 0
Sep 22 04:06:15 raspberrypi kernel: [    0.000000] Root IRQ handler: bcm2836_arm_irqchip_handle_irq
Sep 22 04:06:15 raspberrypi kernel: [    0.000000] arch_timer: cp15 timer(s) running at 19.20MHz (phys).
Sep 22 04:06:15 raspberrypi kernel: [    0.000000] clocksource: arch_sys_counter: mask: 0xffffffffffffff max_cycles: 0x46d987e47, max_idle_ns: 440795202767 ns
Sep 22 04:06:15 raspberrypi kernel: [    0.000001] sched_clock: 56 bits at 19MHz, resolution 52ns, wraps every 4398046511078ns
Sep 22 04:06:15 raspberrypi kernel: [    0.000366] Console: colour dummy device 80x25
Sep 22 04:06:15 raspberrypi kernel: [    0.001294] printk: console [tty1] enabled
Sep 22 04:06:15 raspberrypi kernel: [    0.001378] Calibrating delay loop (skipped), value calculated using timer frequency.. 38.40 BogoMIPS (lpj=76800)
Sep 22 04:06:15 raspberrypi kernel: [    0.001442] pid_max: default: 32768 minimum: 301
Sep 22 04:06:15 raspberrypi kernel: [    0.001649] LSM: Security Framework initializing
Sep 22 04:06:15 raspberrypi kernel: [    0.001931] Mount-cache hash table entries: 2048 (order: 2, 16384 bytes, linear)
Sep 22 04:06:15 raspberrypi kernel: [    0.001999] Mountpoint-cache hash table entries: 2048 (order: 2, 16384 bytes, linear)
Sep 22 04:06:15 raspberrypi kernel: [    0.003719] cgroup: Disabling memory control group subsystem
Sep 22 04:06:15 raspberrypi kernel: [    0.007613] rcu: Hierarchical SRCU implementation.
Sep 22 04:06:15 raspberrypi kernel: [    0.009105] EFI services will not be available.
Sep 22 04:06:15 raspberrypi kernel: [    0.009891] smp: Bringing up secondary CPUs ...
Sep 22 04:06:15 raspberrypi kernel: [    0.011437] Detected VIPT I-cache on CPU1
Sep 22 04:06:15 raspberrypi kernel: [    0.011531] CPU1: Booted secondary processor 0x0000000001 [0x410fd034]
Sep 22 04:06:15 raspberrypi kernel: [    0.013404] Detected VIPT I-cache on CPU2
Sep 22 04:06:15 raspberrypi kernel: [    0.013470] CPU2: Booted secondary processor 0x0000000002 [0x410fd034]
Sep 22 04:06:15 raspberrypi kernel: [    0.015126] Detected VIPT I-cache on CPU3
Sep 22 04:06:15 raspberrypi kernel: [    0.015183] CPU3: Booted secondary processor 0x0000000003 [0x410fd034]
Sep 22 04:06:15 raspberrypi kernel: [    0.015400] smp: Brought up 1 node, 4 CPUs
Sep 22 04:06:15 raspberrypi kernel: [    0.015553] SMP: Total of 4 processors activated.
Sep 22 04:06:15 raspberrypi kernel: [    0.015587] CPU features: detected: 32-bit EL0 Support
Sep 22 04:06:15 raspberrypi kernel: [    0.015619] CPU features: detected: 32-bit EL1 Support
Sep 22 04:06:15 raspberrypi kernel: [    0.015653] CPU features: detected: CRC32 instructions
Sep 22 04:06:15 raspberrypi kernel: [    0.056628] CPU: All CPU(s) started at EL2
Sep 22 04:06:15 raspberrypi kernel: [    0.056779] alternatives: patching kernel code
Sep 22 04:06:15 raspberrypi kernel: [    0.058773] devtmpfs: initialized
Sep 22 04:06:15 raspberrypi kernel: [    0.081156] Enabled cp15_barrier support
Sep 22 04:06:15 raspberrypi kernel: [    0.081239] Enabled setend support
Sep 22 04:06:15 raspberrypi kernel: [    0.081285] KASLR enabled
Sep 22 04:06:15 raspberrypi kernel: [    0.081557] clocksource: jiffies: mask: 0xffffffff max_cycles: 0xffffffff, max_idle_ns: 7645041785100000 ns
Sep 22 04:06:15 raspberrypi kernel: [    0.081627] futex hash table entries: 1024 (order: 4, 65536 bytes, linear)
Sep 22 04:06:15 raspberrypi kernel: [    0.094544] pinctrl core: initialized pinctrl subsystem
Sep 22 04:06:15 raspberrypi kernel: [    0.095784] DMI not present or invalid.
Sep 22 04:06:15 raspberrypi kernel: [    0.096839] NET: Registered PF_NETLINK/PF_ROUTE protocol family
Sep 22 04:06:15 raspberrypi kernel: [    0.107964] DMA: preallocated 1024 KiB GFP_KERNEL pool for atomic allocations
Sep 22 04:06:15 raspberrypi kernel: [    0.108533] DMA: preallocated 1024 KiB GFP_KERNEL|GFP_DMA pool for atomic allocations
Sep 22 04:06:15 raspberrypi kernel: [    0.110017] DMA: preallocated 1024 KiB GFP_KERNEL|GFP_DMA32 pool for atomic allocations
Sep 22 04:06:15 raspberrypi kernel: [    0.110212] audit: initializing netlink subsys (disabled)
Sep 22 04:06:15 raspberrypi kernel: [    0.110656] audit: type=2000 audit(0.108:1): state=initialized audit_enabled=0 res=1
Sep 22 04:06:15 raspberrypi kernel: [    0.111573] thermal_sys: Registered thermal governor 'step_wise'
Sep 22 04:06:15 raspberrypi kernel: [    0.111882] cpuidle: using governor menu
Sep 22 04:06:15 raspberrypi kernel: [    0.112459] hw-breakpoint: found 6 breakpoint and 4 watchpoint registers.
Sep 22 04:06:15 raspberrypi kernel: [    0.112815] ASID allocator initialised with 32768 entries
Sep 22 04:06:15 raspberrypi kernel: [    0.113090] Serial: AMBA PL011 UART driver
Sep 22 04:06:15 raspberrypi kernel: [    0.127383] bcm2835-mbox 3f00b880.mailbox: mailbox enabled
Sep 22 04:06:15 raspberrypi kernel: [    0.156788] raspberrypi-firmware soc:firmware: Attached to firmware from 2022-08-26T14:04:36, variant start
Sep 22 04:06:15 raspberrypi kernel: [    0.160814] raspberrypi-firmware soc:firmware: Firmware hash is 102f1e848393c2112206fadffaaf86db04e98326
Sep 22 04:06:15 raspberrypi kernel: [    0.221015] bcm2835-dma 3f007000.dma: DMA legacy API manager, dmachans=0x1
Sep 22 04:06:15 raspberrypi kernel: [    0.226704] vgaarb: loaded
Sep 22 04:06:15 raspberrypi kernel: [    0.227361] SCSI subsystem initialized
Sep 22 04:06:15 raspberrypi kernel: [    0.227706] usbcore: registered new interface driver usbfs
Sep 22 04:06:15 raspberrypi kernel: [    0.227825] usbcore: registered new interface driver hub
Sep 22 04:06:15 raspberrypi kernel: [    0.227943] usbcore: registered new device driver usb
Sep 22 04:06:15 raspberrypi kernel: [    0.228494] usb_phy_generic phy: supply vcc not found, using dummy regulator
Sep 22 04:06:15 raspberrypi kernel: [    0.228822] usb_phy_generic phy: dummy supplies not allowed for exclusive requests
Sep 22 04:06:15 raspberrypi kernel: [    0.229301] pps_core: LinuxPPS API ver. 1 registered
Sep 22 04:06:15 raspberrypi kernel: [    0.229338] pps_core: Software ver. 5.3.6 - Copyright 2005-2007 Rodolfo Giometti <giometti@linux.it>
Sep 22 04:06:15 raspberrypi kernel: [    0.229414] PTP clock support registered
Sep 22 04:06:15 raspberrypi kernel: [    0.231680] clocksource: Switched to clocksource arch_sys_counter
Sep 22 04:06:15 raspberrypi kernel: [    0.368490] VFS: Disk quotas dquot_6.6.0
Sep 22 04:06:15 raspberrypi kernel: [    0.368667] VFS: Dquot-cache hash table entries: 512 (order 0, 4096 bytes)
Sep 22 04:06:15 raspberrypi kernel: [    0.368946] FS-Cache: Loaded
Sep 22 04:06:15 raspberrypi kernel: [    0.369294] CacheFiles: Loaded
Sep 22 04:06:15 raspberrypi kernel: [    0.370645] simple-framebuffer 3eaa9000.framebuffer: framebuffer at 0x3eaa9000, 0x151800 bytes
Sep 22 04:06:15 raspberrypi kernel: [    0.370700] simple-framebuffer 3eaa9000.framebuffer: format=a8r8g8b8, mode=720x480x32, linelength=2880
Sep 22 04:06:15 raspberrypi kernel: [    0.377122] Console: switching to colour frame buffer device 90x30
Sep 22 04:06:15 raspberrypi kernel: [    0.385610] simple-framebuffer 3eaa9000.framebuffer: fb0: simplefb registered!
Sep 22 04:06:15 raspberrypi kernel: [    0.404158] NET: Registered PF_INET protocol family
Sep 22 04:06:15 raspberrypi kernel: [    0.407622] IP idents hash table entries: 16384 (order: 5, 131072 bytes, linear)
Sep 22 04:06:15 raspberrypi kernel: [    0.412429] tcp_listen_portaddr_hash hash table entries: 512 (order: 1, 8192 bytes, linear)
Sep 22 04:06:15 raspberrypi kernel: [    0.418941] Table-perturb hash table entries: 65536 (order: 6, 262144 bytes, linear)
Sep 22 04:06:15 raspberrypi kernel: [    0.422499] TCP established hash table entries: 8192 (order: 4, 65536 bytes, linear)
Sep 22 04:06:15 raspberrypi kernel: [    0.426224] TCP bind hash table entries: 8192 (order: 5, 131072 bytes, linear)
Sep 22 04:06:15 raspberrypi kernel: [    0.430028] TCP: Hash tables configured (established 8192 bind 8192)
Sep 22 04:06:15 raspberrypi kernel: [    0.433932] UDP hash table entries: 512 (order: 2, 16384 bytes, linear)
Sep 22 04:06:15 raspberrypi kernel: [    0.437664] UDP-Lite hash table entries: 512 (order: 2, 16384 bytes, linear)
Sep 22 04:06:15 raspberrypi kernel: [    0.441704] NET: Registered PF_UNIX/PF_LOCAL protocol family
Sep 22 04:06:15 raspberrypi kernel: [    0.446681] RPC: Registered named UNIX socket transport module.
Sep 22 04:06:15 raspberrypi kernel: [    0.450300] RPC: Registered udp transport module.
Sep 22 04:06:15 raspberrypi kernel: [    0.453916] RPC: Registered tcp transport module.
Sep 22 04:06:15 raspberrypi kernel: [    0.457353] RPC: Registered tcp NFSv4.1 backchannel transport module.
Sep 22 04:06:15 raspberrypi kernel: [    0.460806] PCI: CLS 0 bytes, default 64
Sep 22 04:06:15 raspberrypi kernel: [    0.467257] hw perfevents: enabled with armv8_cortex_a53 PMU driver, 7 counters available
Sep 22 04:06:15 raspberrypi kernel: [    0.474620] kvm [1]: IPA Size Limit: 40 bits
Sep 22 04:06:15 raspberrypi kernel: [    0.479899] kvm [1]: Hyp mode initialized successfully
Sep 22 04:06:15 raspberrypi kernel: [    1.740857] Initialise system trusted keyrings
Sep 22 04:06:15 raspberrypi kernel: [    1.744798] workingset: timestamp_bits=46 max_order=18 bucket_order=0
Sep 22 04:06:15 raspberrypi kernel: [    1.758984] zbud: loaded
Sep 22 04:06:15 raspberrypi kernel: [    1.765076] FS-Cache: Netfs 'nfs' registered for caching
Sep 22 04:06:15 raspberrypi kernel: [    1.769345] NFS: Registering the id_resolver key type
Sep 22 04:06:15 raspberrypi kernel: [    1.772631] Key type id_resolver registered
Sep 22 04:06:15 raspberrypi kernel: [    1.775788] Key type id_legacy registered
Sep 22 04:06:15 raspberrypi kernel: [    1.778947] nfs4filelayout_init: NFSv4 File Layout Driver Registering...
Sep 22 04:06:15 raspberrypi kernel: [    1.782014] nfs4flexfilelayout_init: NFSv4 Flexfile Layout Driver Registering...
Sep 22 04:06:15 raspberrypi kernel: [    1.786812] Key type asymmetric registered
Sep 22 04:06:15 raspberrypi kernel: [    1.789825] Asymmetric key parser 'x509' registered
Sep 22 04:06:15 raspberrypi kernel: [    1.792872] Block layer SCSI generic (bsg) driver version 0.4 loaded (major 247)
Sep 22 04:06:15 raspberrypi kernel: [    1.796386] io scheduler mq-deadline registered
Sep 22 04:06:15 raspberrypi kernel: [    1.799328] io scheduler kyber registered
Sep 22 04:06:15 raspberrypi kernel: [    1.820052] bcm2835-rng 3f104000.rng: hwrng registered
Sep 22 04:06:15 raspberrypi kernel: [    1.824060] vc-mem: phys_addr:0x00000000 mem_base=0x3ec00000 mem_size:0x40000000(1024 MiB)
Sep 22 04:06:15 raspberrypi kernel: [    1.831996] gpiomem-bcm2835 3f200000.gpiomem: Initialised: Registers at 0x3f200000
Sep 22 04:06:15 raspberrypi kernel: [    1.854372] brd: module loaded
Sep 22 04:06:15 raspberrypi kernel: [    1.872740] loop: module loaded
Sep 22 04:06:15 raspberrypi kernel: [    1.876965] Loading iSCSI transport class v2.0-870.
Sep 22 04:06:15 raspberrypi kernel: [    1.887025] usbcore: registered new interface driver r8152
Sep 22 04:06:15 raspberrypi kernel: [    1.890227] usbcore: registered new interface driver lan78xx
Sep 22 04:06:15 raspberrypi kernel: [    1.893282] usbcore: registered new interface driver smsc95xx
Sep 22 04:06:15 raspberrypi kernel: [    1.896874] dwc_otg: version 3.00a 10-AUG-2012 (platform bus)
Sep 22 04:06:15 raspberrypi kernel: [    2.628083] Core Release: 2.80a
Sep 22 04:06:15 raspberrypi kernel: [    2.630938] Setting default values for core params
Sep 22 04:06:15 raspberrypi kernel: [    2.633827] Finished setting default values for core params
Sep 22 04:06:15 raspberrypi kernel: [    2.837180] Using Buffer DMA mode
Sep 22 04:06:15 raspberrypi kernel: [    2.840021] Periodic Transfer Interrupt Enhancement - disabled
Sep 22 04:06:15 raspberrypi kernel: [    2.842922] Multiprocessor Interrupt Enhancement - disabled
Sep 22 04:06:15 raspberrypi kernel: [    2.845897] OTG VER PARAM: 0, OTG VER FLAG: 0
Sep 22 04:06:15 raspberrypi kernel: [    2.848899] Dedicated Tx FIFOs mode
Sep 22 04:06:15 raspberrypi kernel: [    2.856335] 
Sep 22 04:06:15 raspberrypi kernel: [    2.856352] WARN::dwc_otg_hcd_init:1074: FIQ DMA bounce buffers: virt = ffffffc008469000 dma = 0x00000000df000000 len=9024
Sep 22 04:06:15 raspberrypi kernel: [    2.864745] FIQ FSM acceleration enabled for :
Sep 22 04:06:15 raspberrypi kernel: [    2.864745] Non-periodic Split Transactions
Sep 22 04:06:15 raspberrypi kernel: [    2.864745] Periodic Split Transactions
Sep 22 04:06:15 raspberrypi kernel: [    2.864745] High-Speed Isochronous Endpoints
Sep 22 04:06:15 raspberrypi kernel: [    2.864745] Interrupt/Control Split Transaction hack enabled
Sep 22 04:06:15 raspberrypi kernel: [    2.878305] dwc_otg: Microframe scheduler enabled
Sep 22 04:06:15 raspberrypi kernel: [    2.878361] 
Sep 22 04:06:15 raspberrypi kernel: [    2.878374] WARN::hcd_init_fiq:497: MPHI regs_base at ffffffc00806d000
Sep 22 04:06:15 raspberrypi kernel: [    2.883491] dwc_otg 3f980000.usb: DWC OTG Controller
Sep 22 04:06:15 raspberrypi kernel: [    2.886160] dwc_otg 3f980000.usb: new USB bus registered, assigned bus number 1
Sep 22 04:06:15 raspberrypi kernel: [    2.888902] dwc_otg 3f980000.usb: irq 74, io mem 0x00000000
Sep 22 04:06:15 raspberrypi kernel: [    2.891573] Init: Port Power? op_state=1
Sep 22 04:06:15 raspberrypi kernel: [    2.894256] Init: Power Port (0)
Sep 22 04:06:15 raspberrypi kernel: [    2.897457] usb usb1: New USB device found, idVendor=1d6b, idProduct=0002, bcdDevice= 5.15
Sep 22 04:06:15 raspberrypi kernel: [    2.903016] usb usb1: New USB device strings: Mfr=3, Product=2, SerialNumber=1
Sep 22 04:06:15 raspberrypi kernel: [    2.906014] usb usb1: Product: DWC OTG Controller
Sep 22 04:06:15 raspberrypi kernel: [    2.908944] usb usb1: Manufacturer: Linux 5.15.61-v8+ dwc_otg_hcd
Sep 22 04:06:15 raspberrypi kernel: [    2.911901] usb usb1: SerialNumber: 3f980000.usb
Sep 22 04:06:15 raspberrypi kernel: [    2.915860] hub 1-0:1.0: USB hub found
Sep 22 04:06:15 raspberrypi kernel: [    2.918767] hub 1-0:1.0: 1 port detected
Sep 22 04:06:15 raspberrypi kernel: [    2.922836] dwc_otg: FIQ enabled
Sep 22 04:06:15 raspberrypi kernel: [    2.922855] dwc_otg: NAK holdoff enabled
Sep 22 04:06:16 raspberrypi kernel: [    2.922870] dwc_otg: FIQ split-transaction FSM enabled
Sep 22 04:06:16 raspberrypi kernel: [    2.922891] Module dwc_common_port init
Sep 22 04:06:16 raspberrypi kernel: [    2.923753] usbcore: registered new interface driver uas
Sep 22 04:06:16 raspberrypi kernel: [    2.926706] usbcore: registered new interface driver usb-storage
Sep 22 04:06:16 raspberrypi kernel: [    2.930138] mousedev: PS/2 mouse device common for all mice
Sep 22 04:06:16 raspberrypi kernel: [    2.938770] sdhci: Secure Digital Host Controller Interface driver
Sep 22 04:06:16 raspberrypi kernel: [    2.941558] sdhci: Copyright(c) Pierre Ossman
Sep 22 04:06:16 raspberrypi kernel: [    2.945041] sdhci-pltfm: SDHCI platform and OF driver helper
Sep 22 04:06:16 raspberrypi kernel: [    2.951489] ledtrig-cpu: registered to indicate activity on CPUs
Sep 22 04:06:16 raspberrypi kernel: [    2.955307] hid: raw HID events driver (C) Jiri Kosina
Sep 22 04:06:16 raspberrypi kernel: [    2.958418] usbcore: registered new interface driver usbhid
Sep 22 04:06:16 raspberrypi kernel: [    2.961289] usbhid: USB HID core driver
Sep 22 04:06:16 raspberrypi kernel: [    2.964537] ashmem: initialized
Sep 22 04:06:16 raspberrypi kernel: [    2.975584] NET: Registered PF_PACKET protocol family
Sep 22 04:06:16 raspberrypi kernel: [    2.978624] Key type dns_resolver registered
Sep 22 04:06:16 raspberrypi kernel: [    2.983216] registered taskstats version 1
Sep 22 04:06:16 raspberrypi kernel: [    2.985972] Loading compiled-in X.509 certificates
Sep 22 04:06:16 raspberrypi kernel: [    2.989715] Key type ._fscrypt registered
Sep 22 04:06:16 raspberrypi kernel: [    2.992459] Key type .fscrypt registered
Sep 22 04:06:16 raspberrypi kernel: [    2.995035] Key type fscrypt-provisioning registered
Sep 22 04:06:16 raspberrypi kernel: [    3.017342] uart-pl011 3f201000.serial: cts_event_workaround enabled
Sep 22 04:06:16 raspberrypi kernel: [    3.020140] 3f201000.serial: ttyAMA0 at MMIO 0x3f201000 (irq = 99, base_baud = 0) is a PL011 rev2
Sep 22 04:06:16 raspberrypi kernel: [    3.031126] bcm2835-wdt bcm2835-wdt: Broadcom BCM2835 watchdog timer
Sep 22 04:06:16 raspberrypi kernel: [    3.031960] Indeed it is in host mode hprt0 = 00021501
Sep 22 04:06:16 raspberrypi kernel: [    3.034552] bcm2835-power bcm2835-power: Broadcom BCM2835 power domains driver
Sep 22 04:06:16 raspberrypi kernel: [    3.042124] mmc-bcm2835 3f300000.mmcnr: mmc_debug:0 mmc_debug2:0
Sep 22 04:06:16 raspberrypi kernel: [    3.045025] mmc-bcm2835 3f300000.mmcnr: DMA channel allocated
Sep 22 04:06:16 raspberrypi kernel: [    3.074994] sdhost: log_buf @ 000000000a50443e (c2c13000)
Sep 22 04:06:16 raspberrypi kernel: [    3.127830] mmc0: sdhost-bcm2835 loaded - DMA enabled (>1)
Sep 22 04:06:16 raspberrypi kernel: [    3.136454] of_cfs_init
Sep 22 04:06:16 raspberrypi kernel: [    3.139421] of_cfs_init: OK
Sep 22 04:06:16 raspberrypi kernel: [    3.223823] usb 1-1: new high-speed USB device number 2 using dwc_otg
Sep 22 04:06:16 raspberrypi kernel: [    3.226931] Indeed it is in host mode hprt0 = 00001101
Sep 22 04:06:16 raspberrypi kernel: [    3.254383] mmc1: new high speed SDIO card at address 0001
Sep 22 04:06:16 raspberrypi kernel: [    3.436272] usb 1-1: New USB device found, idVendor=0424, idProduct=9514, bcdDevice= 2.00
Sep 22 04:06:16 raspberrypi kernel: [    3.442100] usb 1-1: New USB device strings: Mfr=0, Product=0, SerialNumber=0
Sep 22 04:06:16 raspberrypi kernel: [    3.446377] hub 1-1:1.0: USB hub found
Sep 22 04:06:16 raspberrypi kernel: [    3.449634] hub 1-1:1.0: 5 ports detected
Sep 22 04:06:16 raspberrypi kernel: [    3.739733] usb 1-1.1: new high-speed USB device number 3 using dwc_otg
Sep 22 04:06:16 raspberrypi kernel: [    3.840275] usb 1-1.1: New USB device found, idVendor=0424, idProduct=ec00, bcdDevice= 2.00
Sep 22 04:06:16 raspberrypi kernel: [    3.846574] usb 1-1.1: New USB device strings: Mfr=0, Product=0, SerialNumber=0
Sep 22 04:06:16 raspberrypi kernel: [    3.852989] smsc95xx v2.0.0
Sep 22 04:06:16 raspberrypi kernel: [    3.972779] SMSC LAN8700 usb-001:003:01: attached PHY driver (mii_bus:phy_addr=usb-001:003:01, irq=POLL)
Sep 22 04:06:16 raspberrypi kernel: [    3.980621] smsc95xx 1-1.1:1.0 eth0: register 'smsc95xx' at usb-3f980000.usb-1.1, smsc95xx USB 2.0 Ethernet, b8:27:eb:cc:81:19
Sep 22 04:06:16 raspberrypi kernel: [    4.204812] smsc95xx 1-1.1:1.0 eth0: hardware isn't capable of remote wakeup
Sep 22 04:06:16 raspberrypi kernel: [    4.257508] smsc95xx 1-1.1:1.0 eth0: Link is Down
Sep 22 04:06:16 raspberrypi kernel: [    6.337531] smsc95xx 1-1.1:1.0 eth0: Link is Up - 100Mbps/Full - flow control off
Sep 22 04:06:16 raspberrypi kernel: [    6.363722] Sending DHCP requests ., OK
Sep 22 04:06:16 raspberrypi kernel: [    6.391239] IP-Config: Got DHCP answer from 10.20.30.1, my address is 10.20.30.123
Sep 22 04:06:16 raspberrypi kernel: [    6.394940] IP-Config: Complete:
Sep 22 04:06:16 raspberrypi kernel: [    6.398448]      device=eth0, hwaddr=b8:27:eb:cc:81:19, ipaddr=10.20.30.123, mask=255.255.255.0, gw=10.20.30.1
Sep 22 04:06:16 raspberrypi kernel: [    6.405855]      host=10.20.30.123, domain=, nis-domain=(none)
Sep 22 04:06:16 raspberrypi kernel: [    6.409636]      bootserver=10.20.30.1, rootserver=10.20.30.1, rootpath=
Sep 22 04:06:16 raspberrypi kernel: [    6.409656]      nameserver0=8.8.8.8
Sep 22 04:06:16 raspberrypi kernel: [    6.443799] VFS: Mounted root (nfs filesystem) on device 0:17.
Sep 22 04:06:16 raspberrypi kernel: [    6.448473] devtmpfs: mounted
Sep 22 04:06:16 raspberrypi kernel: [    6.463188] Freeing unused kernel memory: 3840K
Sep 22 04:06:16 raspberrypi kernel: [    6.483881] Run /sbin/init as init process
Sep 22 04:06:16 raspberrypi kernel: [    6.487459]   with arguments:
Sep 22 04:06:16 raspberrypi kernel: [    6.487474]     /sbin/init
Sep 22 04:06:16 raspberrypi kernel: [    6.487488]   with environment:
Sep 22 04:06:16 raspberrypi kernel: [    6.487501]     HOME=/
Sep 22 04:06:16 raspberrypi kernel: [    6.487514]     TERM=linux
Sep 22 04:06:16 raspberrypi kernel: [    7.917578] NET: Registered PF_INET6 protocol family
Sep 22 04:06:16 raspberrypi kernel: [    7.924810] Segment Routing with IPv6
Sep 22 04:06:16 raspberrypi kernel: [    7.928442] In-situ OAM (IOAM) with IPv6
Sep 22 04:06:16 raspberrypi kernel: [   10.603878] fuse: init (API version 7.34)
Sep 22 04:06:16 raspberrypi systemd[1]: Reached target Login Prompts.
Sep 22 04:06:16 raspberrypi systemd[1]: Starting Authorization Manager...
Sep 22 04:06:16 raspberrypi systemd[1]: Condition check resulted in Copy user wpa_supplicant.conf being skipped.
Sep 22 04:06:16 raspberrypi systemd[1]: Starting DHCP Client Daemon...
Sep 22 04:06:16 raspberrypi systemd[1]: Starting Regenerate SSH host keys...
Sep 22 04:06:16 raspberrypi systemd[1]: Starting LSB: Resize the root filesystem to fill partition...
Sep 22 04:06:16 raspberrypi systemd[1]: Starting System Logging Service...
Sep 22 04:06:16 raspberrypi avahi-daemon[232]: Found user 'avahi' (UID 108) and group 'avahi' (GID 113).
Sep 22 04:06:16 raspberrypi avahi-daemon[232]: Successfully dropped root privileges.
Sep 22 04:06:16 raspberrypi avahi-daemon[232]: avahi-daemon 0.8 starting up.
Sep 22 04:06:16 raspberrypi dhcpcd[249]: dev: loaded udev
Sep 22 04:06:16 raspberrypi dhcpcd[249]: no valid interfaces found
Sep 22 04:06:16 raspberrypi dhcpcd[249]: no valid interfaces found
Sep 22 04:06:16 raspberrypi systemd[1]: Starting User Login Management...
Sep 22 04:06:16 raspberrypi systemd[1]: Starting triggerhappy global hotkey daemon...
Sep 22 04:06:16 raspberrypi systemd[1]: Starting Disk Manager...
Sep 22 04:06:16 raspberrypi systemd[1]: Starting WPA supplicant...
Sep 22 04:06:16 raspberrypi kernel: [   15.247872] vc_sm_cma: module is from the staging directory, the quality is unknown, you have been warned.
Sep 22 04:06:16 raspberrypi kernel: [   15.270171] bcm2835_vc_sm_cma_probe: Videocore shared memory driver
Sep 22 04:06:16 raspberrypi kernel: [   15.270221] [vc_sm_connected_init]: start
Sep 22 04:06:16 raspberrypi kernel: [   15.291434] [vc_sm_connected_init]: installed successfully
Sep 22 04:06:16 raspberrypi kernel: [   15.409892] mc: Linux media interface: v0.10
Sep 22 04:06:16 raspberrypi kernel: [   15.700001] videodev: Linux video capture interface: v2.00
Sep 22 04:06:16 raspberrypi kernel: [   16.025771] snd_bcm2835: module is from the staging directory, the quality is unknown, you have been warned.
Sep 22 04:06:16 raspberrypi kernel: [   16.147993] bcm2835_audio bcm2835_audio: card created with 8 channels
Sep 22 04:06:16 raspberrypi kernel: [   16.567874] bcm2835_mmal_vchiq: module is from the staging directory, the quality is unknown, you have been warned.
Sep 22 04:06:16 raspberrypi thd[272]: Found socket passed from systemd
Sep 22 04:06:16 raspberrypi rsyslogd: imuxsock: Acquired UNIX socket '/run/systemd/journal/syslog' (fd 3) from systemd.  [v8.2102.0]
Sep 22 04:06:16 raspberrypi rsyslogd: [origin software="rsyslogd" swVersion="8.2102.0" x-pid="256" x-info="https://www.rsyslog.com"] start
Sep 22 04:06:16 raspberrypi systemd[1]: Started System Logging Service.
Sep 22 04:06:16 raspberrypi kernel: [   16.705871] bcm2835_mmal_vchiq: module is from the staging directory, the quality is unknown, you have been warned.
Sep 22 04:06:16 raspberrypi systemd[1]: Started triggerhappy global hotkey daemon.
Sep 22 04:06:16 raspberrypi kernel: [   16.758819] bcm2835_v4l2: module is from the staging directory, the quality is unknown, you have been warned.
Sep 22 04:06:16 raspberrypi kernel: [   16.839087] bcm2835_isp: module is from the staging directory, the quality is unknown, you have been warned.
Sep 22 04:06:16 raspberrypi kernel: [   16.877566] bcm2835_codec: module is from the staging directory, the quality is unknown, you have been warned.
Sep 22 04:06:16 raspberrypi kernel: [   16.892635] bcm2835-isp bcm2835-isp: Device node output[0] registered as /dev/video13
Sep 22 04:06:16 raspberrypi kernel: [   16.900197] bcm2835-isp bcm2835-isp: Device node capture[0] registered as /dev/video14
Sep 22 04:06:16 raspberrypi kernel: [   16.905250] bcm2835-isp bcm2835-isp: Device node capture[1] registered as /dev/video15
Sep 22 04:06:16 raspberrypi kernel: [   16.921991] bcm2835-isp bcm2835-isp: Device node stats[2] registered as /dev/video16
Sep 22 04:06:16 raspberrypi kernel: [   16.922069] bcm2835-isp bcm2835-isp: Register output node 0 with media controller
Sep 22 04:06:16 raspberrypi kernel: [   16.922206] bcm2835-isp bcm2835-isp: Register capture node 1 with media controller
Sep 22 04:06:16 raspberrypi kernel: [   16.922250] bcm2835-isp bcm2835-isp: Register capture node 2 with media controller
Sep 22 04:06:16 raspberrypi kernel: [   16.922289] bcm2835-isp bcm2835-isp: Register capture node 3 with media controller
Sep 22 04:06:16 raspberrypi kernel: [   17.002332] bcm2835-isp bcm2835-isp: Device node output[0] registered as /dev/video20
Sep 22 04:06:16 raspberrypi kernel: [   17.005855] bcm2835-isp bcm2835-isp: Device node capture[0] registered as /dev/video21
Sep 22 04:06:16 raspberrypi kernel: [   17.007626] bcm2835-isp bcm2835-isp: Device node capture[1] registered as /dev/video22
Sep 22 04:06:16 raspberrypi kernel: [   17.011263] bcm2835-isp bcm2835-isp: Device node stats[2] registered as /dev/video23
Sep 22 04:06:16 raspberrypi kernel: [   17.023925] bcm2835-isp bcm2835-isp: Register output node 0 with media controller
Sep 22 04:06:16 raspberrypi kernel: [   17.024010] bcm2835-isp bcm2835-isp: Register capture node 1 with media controller
Sep 22 04:06:16 raspberrypi kernel: [   17.024040] bcm2835-isp bcm2835-isp: Register capture node 2 with media controller
Sep 22 04:06:16 raspberrypi kernel: [   17.024645] bcm2835-isp bcm2835-isp: Register capture node 3 with media controller
Sep 22 04:06:16 raspberrypi kernel: [   17.025997] bcm2835-isp bcm2835-isp: Loaded V4L2 bcm2835-isp
Sep 22 04:06:16 raspberrypi systemd[1]: Starting Configure Bluetooth Modems connected by UART...
Sep 22 04:06:16 raspberrypi systemd[1]: e2scrub_reap.service: Succeeded.
Sep 22 04:06:16 raspberrypi avahi-daemon[232]: Successfully called chroot().
Sep 22 04:06:16 raspberrypi systemd[1]: Finished Remove Stale Online ext4 Metadata Check Snapshots.
Sep 22 04:06:16 raspberrypi avahi-daemon[232]: Successfully dropped remaining capabilities.
Sep 22 04:06:16 raspberrypi avahi-daemon[232]: No service file found in /etc/avahi/services.
Sep 22 04:06:17 raspberrypi kernel: [   17.574991] bcm2835-codec bcm2835-codec: Device registered as /dev/video10
Sep 22 04:06:17 raspberrypi kernel: [   17.575087] bcm2835-codec bcm2835-codec: Loaded V4L2 decode
Sep 22 04:06:17 raspberrypi avahi-daemon[232]: Joining mDNS multicast group on interface eth0.IPv6 with address fe80::ba27:ebff:fecc:8119.
Sep 22 04:06:17 raspberrypi avahi-daemon[232]: New relevant interface eth0.IPv6 for mDNS.
Sep 22 04:06:17 raspberrypi avahi-daemon[232]: Joining mDNS multicast group on interface eth0.IPv4 with address 10.20.30.123.
Sep 22 04:06:17 raspberrypi avahi-daemon[232]: New relevant interface eth0.IPv4 for mDNS.
Sep 22 04:06:17 raspberrypi avahi-daemon[232]: Joining mDNS multicast group on interface lo.IPv6 with address ::1.
Sep 22 04:06:17 raspberrypi avahi-daemon[232]: New relevant interface lo.IPv6 for mDNS.
Sep 22 04:06:17 raspberrypi avahi-daemon[232]: Joining mDNS multicast group on interface lo.IPv4 with address 127.0.0.1.
Sep 22 04:06:17 raspberrypi avahi-daemon[232]: New relevant interface lo.IPv4 for mDNS.
Sep 22 04:06:17 raspberrypi avahi-daemon[232]: Network interface enumeration completed.
Sep 22 04:06:17 raspberrypi avahi-daemon[232]: Registering new address record for fe80::ba27:ebff:fecc:8119 on eth0.*.
Sep 22 04:06:17 raspberrypi avahi-daemon[232]: Registering new address record for 10.20.30.123 on eth0.IPv4.
Sep 22 04:06:17 raspberrypi avahi-daemon[232]: Registering new address record for ::1 on lo.*.
Sep 22 04:06:17 raspberrypi avahi-daemon[232]: Registering new address record for 127.0.0.1 on lo.IPv4.
Sep 22 04:06:17 raspberrypi systemd[1]: Started Avahi mDNS/DNS-SD Stack.
Sep 22 04:06:17 raspberrypi kernel: [   17.750234] bcm2835-codec bcm2835-codec: Device registered as /dev/video11
Sep 22 04:06:17 raspberrypi kernel: [   17.791253] bcm2835-codec bcm2835-codec: Loaded V4L2 encode
Sep 22 04:06:17 raspberrypi resize2fs_once[254]: Starting resize2fs_once:
Sep 22 04:06:17 raspberrypi resize2fs_once[304]: resize2fs 1.46.2 (28-Feb-2021)
Sep 22 04:06:17 raspberrypi resize2fs_once[304]: open: No such file or directory while opening 10.20.30.1:/home/phyllalix/RASPI/client
Sep 22 04:06:17 raspberrypi kernel: [   17.868714] bcm2835-codec bcm2835-codec: Device registered as /dev/video12
Sep 22 04:06:17 raspberrypi kernel: [   17.868799] bcm2835-codec bcm2835-codec: Loaded V4L2 isp
Sep 22 04:06:17 raspberrypi dbus-daemon[233]: [system] Successfully activated service 'org.freedesktop.systemd1'
Sep 22 04:06:17 raspberrypi kernel: [   17.875640] bcm2835-codec bcm2835-codec: Device registered as /dev/video18
Sep 22 04:06:17 raspberrypi kernel: [   17.875877] bcm2835-codec bcm2835-codec: Loaded V4L2 image_fx
Sep 22 04:06:17 raspberrypi kernel: [   17.884012] bcm2835-codec bcm2835-codec: Device registered as /dev/video31
Sep 22 04:06:17 raspberrypi kernel: [   17.884125] bcm2835-codec bcm2835-codec: Loaded V4L2 encode_image
Sep 22 04:06:17 raspberrypi systemd[1]: Started User Login Management.
Sep 22 04:06:17 raspberrypi wpa_supplicant[278]: Successfully initialized wpa_supplicant
Sep 22 04:06:17 raspberrypi udisksd[277]: udisks daemon version 2.9.2 starting
Sep 22 04:06:17 raspberrypi polkitd[242]: started daemon version 0.105 using authority implementation `local' version `0.105'
Sep 22 04:06:17 raspberrypi systemd[1]: resize2fs_once.service: Control process exited, code=exited, status=1/FAILURE
Sep 22 04:06:17 raspberrypi systemd[1]: resize2fs_once.service: Failed with result 'exit-code'.
Sep 22 04:06:17 raspberrypi systemd[1]: Failed to start LSB: Resize the root filesystem to fill partition.
Sep 22 04:06:17 raspberrypi systemd[1]: Started WPA supplicant.
Sep 22 04:06:17 raspberrypi systemd[1]: Started Authorization Manager.
Sep 22 04:06:17 raspberrypi systemd[1]: Reached target Network.
Sep 22 04:06:17 raspberrypi systemd[1]: Starting Modem Manager...
Sep 22 04:06:17 raspberrypi kernel: [   18.059004] cfg80211: Loading compiled-in X.509 certificates for regulatory database
Sep 22 04:06:17 raspberrypi systemd[1]: Condition check resulted in fast remote file copy program daemon being skipped.
Sep 22 04:06:17 raspberrypi kernel: [   18.294316] uart-pl011 3f201000.serial: no DMA platform data
Sep 22 04:06:17 raspberrypi avahi-daemon[232]: Server startup complete. Host name is raspberrypi.local. Local service cookie is 2514817831.
Sep 22 04:06:18 raspberrypi kernel: [   18.700514] cfg80211: Loaded X.509 cert 'sforshee: 00b28ddf47aef9cea7'
Sep 22 04:06:18 raspberrypi kernel: [   18.826460] cfg80211: loaded regulatory.db is malformed or signature is missing/invalid
Sep 22 04:06:18 raspberrypi udisksd[277]: failed to load module mdraid: libbd_mdraid.so.2: cannot open shared object file: No such file or directory
Sep 22 04:06:18 raspberrypi mtp-probe: checking bus 1, device 3: "/sys/devices/platform/soc/3f980000.usb/usb1/1-1/1-1.1"
Sep 22 04:06:18 raspberrypi kernel: [   19.176244] brcmfmac: F1 signature read @0x18000000=0x1541a9a6
Sep 22 04:06:18 raspberrypi kernel: [   19.202706] brcmfmac: brcmf_fw_alloc_request: using brcm/brcmfmac43430-sdio for chip BCM43430/1
Sep 22 04:06:18 raspberrypi kernel: [   19.206122] usbcore: registered new interface driver brcmfmac
Sep 22 04:06:18 raspberrypi kernel: [   19.214382] brcmfmac mmc1:0001:1: Direct firmware load for brcm/brcmfmac43430-sdio.raspberrypi,3-model-b.bin failed with error -2
Sep 22 04:06:18 raspberrypi udisksd[277]: Failed to load the 'mdraid' libblockdev plugin
Sep 22 04:06:18 raspberrypi ModemManager[353]: <info>  ModemManager (version 1.14.12) starting in system bus...
Sep 22 04:06:19 raspberrypi kernel: [   19.622390] brcmfmac: brcmf_fw_alloc_request: using brcm/brcmfmac43430-sdio for chip BCM43430/1
Sep 22 04:06:19 raspberrypi kernel: [   19.641509] brcmfmac: brcmf_fw_alloc_request: using brcm/brcmfmac43430-sdio for chip BCM43430/1
Sep 22 04:06:19 raspberrypi systemd[1]: Started Disk Manager.
Sep 22 04:06:19 raspberrypi udisksd[277]: Acquired the name org.freedesktop.UDisks2 on the system message bus
Sep 22 04:06:19 raspberrypi kernel: [   19.703471] brcmfmac: brcmf_c_preinit_dcmds: Firmware: BCM43430/1 wl0: Jul 19 2021 03:24:18 version 7.45.98 (TOB) (56df937 CY) FWID 01-8e14b897
Sep 22 04:06:19 raspberrypi mtp-probe: bus: 1, device: 3 was not an MTP device
Sep 22 04:06:19 raspberrypi btuart[364]: Failed to load firmware, command failure
Sep 22 04:06:19 raspberrypi btuart[364]: Can't initialize device: Success
Sep 22 04:06:19 raspberrypi btuart[364]: bcm43xx_init
Sep 22 04:06:19 raspberrypi btuart[364]: Flash firmware /lib/firmware/brcm/BCM43430A1.hcd
Sep 22 04:06:19 raspberrypi systemd[1]: hciuart.service: Control process exited, code=exited, status=1/FAILURE
Sep 22 04:06:20 raspberrypi systemd[1]: hciuart.service: Failed with result 'exit-code'.
Sep 22 04:06:20 raspberrypi systemd[1]: Failed to start Configure Bluetooth Modems connected by UART.
Sep 22 04:06:20 raspberrypi systemd-udevd[214]: Using default interface naming scheme 'v247'.
Sep 22 04:06:21 raspberrypi kernel: [   21.791419] checking generic (3eaa9000 151800) vs hw (0 ffffffffffffffff)
Sep 22 04:06:21 raspberrypi kernel: [   21.791462] fb0: switching to vc4 from simple
Sep 22 04:06:21 raspberrypi kernel: [   21.886521] Console: switching to colour dummy device 80x25
Sep 22 04:06:21 raspberrypi kernel: [   21.985788] vc4-drm soc:gpu: bound 3f400000.hvs (ops vc4_hvs_ops [vc4])
Sep 22 04:06:21 raspberrypi kernel: [   22.044788] Registered IR keymap rc-cec
Sep 22 04:06:21 raspberrypi kernel: [   22.045436] rc rc0: vc4 as /devices/platform/soc/3f902000.hdmi/rc/rc0
Sep 22 04:06:21 raspberrypi kernel: [   22.045838] input: vc4 as /devices/platform/soc/3f902000.hdmi/rc/rc0/input0
Sep 22 04:06:22 raspberrypi systemd[1]: Started Modem Manager.
Sep 22 04:06:23 raspberrypi systemd[1]: Listening on Load/Save RF Kill Switch Status /dev/rfkill Watch.
Sep 22 04:06:23 raspberrypi systemd[1]: Starting Load/Save RF Kill Switch Status...
Sep 22 04:06:25 raspberrypi systemd-udevd[224]: Using default interface naming scheme 'v247'.
Sep 22 04:06:25 raspberrypi kernel: [   25.834165] 8021q: 802.1Q VLAN Support v1.8
Sep 22 04:06:25 raspberrypi kernel: [   26.157043] vc4-drm soc:gpu: bound 3f400000.hvs (ops vc4_hvs_ops [vc4])
Sep 22 04:06:25 raspberrypi kernel: [   26.209397] Registered IR keymap rc-cec
Sep 22 04:06:25 raspberrypi kernel: [   26.209863] rc rc0: vc4 as /devices/platform/soc/3f902000.hdmi/rc/rc0
Sep 22 04:06:25 raspberrypi kernel: [   26.210929] input: vc4 as /devices/platform/soc/3f902000.hdmi/rc/rc0/input1
Sep 22 04:06:25 raspberrypi kernel: [   26.251484] vc4-drm soc:gpu: bound 3f902000.hdmi (ops vc4_hdmi_ops [vc4])
Sep 22 04:06:25 raspberrypi kernel: [   26.252332] vc4-drm soc:gpu: bound 3f004000.txp (ops vc4_txp_ops [vc4])
Sep 22 04:06:25 raspberrypi kernel: [   26.259486] vc4-drm soc:gpu: bound 3f206000.pixelvalve (ops vc4_crtc_ops [vc4])
Sep 22 04:06:25 raspberrypi kernel: [   26.260650] vc4-drm soc:gpu: bound 3f207000.pixelvalve (ops vc4_crtc_ops [vc4])
Sep 22 04:06:25 raspberrypi kernel: [   26.261531] vc4-drm soc:gpu: bound 3f807000.pixelvalve (ops vc4_crtc_ops [vc4])
Sep 22 04:06:25 raspberrypi kernel: [   26.262257] vc4-drm soc:gpu: bound 3fc00000.v3d (ops vc4_v3d_ops [vc4])
Sep 22 04:06:25 raspberrypi kernel: [   26.312593] [drm] Initialized vc4 0.0.0 20140616 for soc:gpu on minor 0
Sep 22 04:06:25 raspberrypi kernel: [   26.313967] vc4-drm soc:gpu: [drm] Cannot find any crtc or sizes
Sep 22 04:06:26 raspberrypi systemd[1]: Started Load/Save RF Kill Switch Status.
Sep 22 04:06:26 raspberrypi ModemManager[353]: <info>  [base-manager] couldn't check support for device '/sys/devices/platform/soc/3f980000.usb/usb1/1-1/1-1.1': not supported by any plugin
Sep 22 04:06:27 raspberrypi systemd-udevd[218]: controlC0: Process '/usr/sbin/alsactl -E HOME=/run/alsa -E XDG_RUNTIME_DIR=/run/alsa/runtime restore 0' failed with exit code 2.
Sep 22 04:06:27 raspberrypi systemd-udevd[213]: controlC1: Process '/usr/sbin/alsactl -E HOME=/run/alsa -E XDG_RUNTIME_DIR=/run/alsa/runtime restore 1' failed with exit code 99.
Sep 22 04:06:27 raspberrypi systemd-udevd[214]: event0: Process '/usr/sbin/th-cmd --socket /var/run/thd.socket --passfd --udev' failed with exit code 1.
Sep 22 04:06:28 raspberrypi systemd[1]: Condition check resulted in Manage Sound Card State (restore and store) being skipped.
Sep 22 04:06:28 raspberrypi systemd[1]: Starting Save/Restore Sound Card State...
Sep 22 04:06:28 raspberrypi alsactl[465]: /usr/sbin/alsactl: load_state:1683: Cannot open /var/lib/alsa/asound.state for reading: No such file or directory
Sep 22 04:06:28 raspberrypi alsactl[465]: alsa-lib main.c:1014:(snd_use_case_mgr_open) error: failed to import hw:0 use case configuration -2
Sep 22 04:06:29 raspberrypi systemd-udevd[216]: regulatory.0: Process '/lib/crda/crda' failed with exit code 249.
Sep 22 04:06:29 raspberrypi alsactl[465]: alsa-lib main.c:1014:(snd_use_case_mgr_open) error: failed to import hw:1 use case configuration -2
Sep 22 04:06:29 raspberrypi alsactl[465]: Found hardware: "vc4-hdmi" "" "" "" ""
Sep 22 04:06:29 raspberrypi alsactl[465]: Hardware is initialized using a generic method
Sep 22 04:06:29 raspberrypi systemd[1]: Finished Save/Restore Sound Card State.
Sep 22 04:06:29 raspberrypi systemd[1]: Reached target Sound Card.
Sep 22 04:06:29 raspberrypi dhcpcd[249]: DUID 00:01:00:01:2a:be:8d:b5:b8:27:eb:cc:81:19
Sep 22 04:06:29 raspberrypi dhcpcd[249]: eth0: IAID eb:cc:81:19
Sep 22 04:06:29 raspberrypi dhcpcd[249]: eth0: adding address fe80::7ed0:e1fd:1b60:5d4b
Sep 22 04:06:29 raspberrypi avahi-daemon[232]: Registering new address record for fe80::7ed0:e1fd:1b60:5d4b on eth0.*.
Sep 22 04:06:29 raspberrypi systemd-udevd[214]: regulatory.0: Process '/lib/crda/crda' failed with exit code 249.
Sep 22 04:06:29 raspberrypi dhcpcd[469]: wlan0: starting wpa_supplicant
Sep 22 04:06:29 raspberrypi dphys-swapfile[234]: want /var/swap=100MByte, generating swapfile ... of 100MBytes
Sep 22 04:06:29 raspberrypi dhcpcd-run-hooks[479]: wlan0: starting wpa_supplicant
Sep 22 04:06:30 raspberrypi systemd[1]: Reloading.
Sep 22 04:06:30 raspberrypi kernel: [   30.704556] Adding 102396k swap on /var/swap.  Priority:-2 extents:1 across:102396k FS
Sep 22 04:06:30 raspberrypi dhcpcd[249]: wlan0: connected to Access Point `'
Sep 22 04:06:30 raspberrypi ModemManager[353]: <info>  [base-manager] couldn't check support for device '/sys/devices/platform/soc/3f300000.mmcnr/mmc_host/mmc1/mmc1:0001/mmc1:0001:1': not supported by any plugin
Sep 22 04:06:30 raspberrypi dhcpcd[249]: dhcpcd_prestartinterface: wlan0: Operation not possible due to RF-kill
Sep 22 04:06:30 raspberrypi dhcpcd[249]: dhcpcd_prestartinterface: wlan0: Operation not possible due to RF-kill
Sep 22 04:06:30 raspberrypi dhcpcd[249]: wlan0: waiting for carrier
Sep 22 04:06:30 raspberrypi dhcpcd[249]: eth0: soliciting an IPv6 router
Sep 22 04:06:30 raspberrypi dhcpcd[249]: eth0: soliciting a DHCP lease
Sep 22 04:06:30 raspberrypi dhcpcd[249]: eth0: offered 10.20.30.123 from 10.20.30.1
Sep 22 04:06:30 raspberrypi dhcpcd[249]: eth0: probing address 10.20.30.123/24
Sep 22 04:06:31 raspberrypi kernel: [   31.519848] hwmon hwmon1: Undervoltage detected!
Sep 22 04:06:32 raspberrypi systemd[1]: systemd-rfkill.service: Succeeded.
Sep 22 04:06:32 raspberrypi systemd[1]: regenerate_ssh_host_keys.service: Succeeded.
Sep 22 04:06:32 raspberrypi systemd[1]: Finished Regenerate SSH host keys.
Sep 22 04:06:32 raspberrypi systemd[1]: regenerate_ssh_host_keys.service: Consumed 4.205s CPU time.
Sep 22 04:06:32 raspberrypi systemd[1]: Finished dphys-swapfile - set up, mount/unmount, and delete a swap file.
Sep 22 04:06:32 raspberrypi systemd[1]: Starting Turn on SSH if /boot/ssh is present...
Sep 22 04:06:32 raspberrypi sh[506]: Synchronizing state of ssh.service with SysV service script with /lib/systemd/systemd-sysv-install.
Sep 22 04:06:32 raspberrypi sh[506]: Executing: /lib/systemd/systemd-sysv-install enable ssh
Sep 22 04:06:33 raspberrypi systemd[1]: Reloading.
Sep 22 04:06:34 raspberrypi systemd[1]: Reloading.
Sep 22 04:06:35 raspberrypi kernel: [   35.551894] hwmon hwmon1: Voltage normalised
Sep 22 04:06:35 raspberrypi dhcpcd[249]: eth0: leased 10.20.30.123 for 43200 seconds
Sep 22 04:06:35 raspberrypi dhcpcd[249]: eth0: adding route to 10.20.30.0/24
Sep 22 04:06:35 raspberrypi dhcpcd[249]: eth0: adding default route via 10.20.30.1
Sep 22 04:06:35 raspberrypi kernel: [   36.321116] vc4-drm soc:gpu: [drm] Cannot find any crtc or sizes
Sep 22 04:06:36 raspberrypi sh[506]: Created symlink /etc/systemd/system/sshd.service  /lib/systemd/system/ssh.service.
Sep 22 04:06:36 raspberrypi sh[506]: Created symlink /etc/systemd/system/multi-user.target.wants/ssh.service  /lib/systemd/system/ssh.service.
Sep 22 04:06:36 raspberrypi avahi-daemon[232]: Got SIGHUP, reloading.
Sep 22 04:06:36 raspberrypi avahi-daemon[232]: No service file found in /etc/avahi/services.
Sep 22 04:06:36 raspberrypi systemd[1]: Reloading.
Sep 22 04:06:37 raspberrypi kernel: [   37.855789] cam-dummy-reg: disabling
Sep 22 04:06:39 raspberrypi systemd[1]: Starting OpenBSD Secure Shell server...
Sep 22 04:06:39 raspberrypi systemd[1]: Stopping Network Time Synchronization...
Sep 22 04:06:39 raspberrypi systemd[1]: Started OpenBSD Secure Shell server.
Sep 22 04:06:39 raspberrypi systemd[1]: sshswitch.service: Succeeded.
Sep 22 04:06:39 raspberrypi systemd[1]: Finished Turn on SSH if /boot/ssh is present.
Sep 22 04:06:45 raspberrypi systemd[1]: systemd-timesyncd.service: Succeeded.
Sep 22 04:06:45 raspberrypi systemd[1]: Stopped Network Time Synchronization.
Sep 22 04:06:45 raspberrypi systemd[1]: Starting Network Time Synchronization...
Sep 22 04:06:45 raspberrypi systemd[1]: Started Network Time Synchronization.
Sep 22 04:06:45 raspberrypi dhcpcd[249]: forked to background, child pid 616
Sep 22 04:06:45 raspberrypi dhcpcd[616]: eth0: pid -1977718652 deleted route to 10.20.30.0/24
Sep 22 04:06:45 raspberrypi dhcpcd[616]: eth0: pid -1361345348 deleted default route via 10.20.30.1
Sep 22 04:06:45 raspberrypi systemd[1]: Started DHCP Client Daemon.
Sep 22 04:06:45 raspberrypi systemd[1]: Reached target Network is Online.
Sep 22 04:06:45 raspberrypi systemd[1]: Mounting /boot...
Sep 22 04:06:45 raspberrypi systemd[1]: Starting /etc/rc.local Compatibility...
Sep 22 04:06:45 raspberrypi systemd[1]: Started /etc/rc.local Compatibility.
Sep 22 04:06:46 raspberrypi systemd[1]: Reached target Host and Network Name Lookups.
Sep 22 04:06:46 raspberrypi systemd[1]: Listening on RPCbind Server Activation Socket.
Sep 22 04:06:46 raspberrypi systemd[1]: Starting Preprocess NFS configuration...
Sep 22 04:06:46 raspberrypi systemd[1]: nfs-config.service: Succeeded.
Sep 22 04:06:46 raspberrypi systemd[1]: Finished Preprocess NFS configuration.
Sep 22 04:06:46 raspberrypi systemd[1]: Starting Notify NFS peers of a restart...
Sep 22 04:06:46 raspberrypi systemd[1]: Starting NFS status monitor for NFSv2/3 locking....
Sep 22 04:06:46 raspberrypi sm-notify[630]: Version 1.3.3 starting
Sep 22 04:06:46 raspberrypi systemd[1]: rpc-statd-notify.service: Succeeded.
Sep 22 04:06:46 raspberrypi systemd[1]: Started Notify NFS peers of a restart.
Sep 22 04:06:46 raspberrypi systemd[1]: Starting RPC bind portmap service...
Sep 22 04:06:46 raspberrypi systemd[1]: Started RPC bind portmap service.
Sep 22 04:06:46 raspberrypi systemd[1]: Reached target RPC Port Mapper.
Sep 22 04:06:46 raspberrypi rpc.statd[633]: Version 1.3.3 starting
Sep 22 04:06:46 raspberrypi rpc.statd[633]: Flags: TI-RPC 
Sep 22 04:06:46 raspberrypi rpc.statd[633]: Failed to read /var/lib/nfs/state: Success
Sep 22 04:06:46 raspberrypi rpc.statd[633]: Initializing NSM state
Sep 22 04:06:46 raspberrypi systemd[1]: Started NFS status monitor for NFSv2/3 locking..
Sep 22 04:06:46 raspberrypi systemd[1]: Mounted /boot.
Sep 22 04:06:46 raspberrypi systemd[1]: Reached target Remote File Systems.
Sep 22 04:06:46 raspberrypi systemd[1]: Started Regular background program processing daemon.
Sep 22 04:06:46 raspberrypi systemd[1]: Starting LSB: Switch to ondemand cpu governor (unless shift key is pressed)...
Sep 22 04:06:46 raspberrypi systemd[1]: Starting LSB: rng-tools (Debian variant)...
Sep 22 04:06:46 raspberrypi systemd[1]: Starting Check for Raspberry Pi EEPROM updates...
Sep 22 04:06:46 raspberrypi cron[640]: (CRON) INFO (pidfile fd = 3)
Sep 22 04:06:46 raspberrypi systemd[1]: Starting Permit User Sessions...
Sep 22 04:06:46 raspberrypi cron[640]: (CRON) INFO (Running @reboot jobs)
Sep 22 04:06:46 raspberrypi rpi-eeprom-update[644]: This tool only works with a Raspberry Pi 4
Sep 22 04:06:46 raspberrypi systemd[1]: Finished Check for Raspberry Pi EEPROM updates.
Sep 22 04:06:46 raspberrypi systemd[1]: Finished Permit User Sessions.
Sep 22 04:06:46 raspberrypi systemd[1]: Starting User configuration dialog...
Sep 22 04:06:46 raspberrypi rngd[669]: rngd 2.2 starting up...
Sep 22 04:06:47 raspberrypi systemd[1]: Started LSB: rng-tools (Debian variant).
Sep 22 04:06:47 raspberrypi rngd[669]: entropy feed to the kernel ready
Sep 22 04:06:47 raspberrypi raspi-config[642]: Checking if shift key is held down: No. Switching to ondemand scaling governor.
Sep 22 04:06:47 raspberrypi systemd[1]: Started LSB: Switch to ondemand cpu governor (unless shift key is pressed).
Sep 22 04:06:49 raspberrypi kernel: [   49.699906] hwmon hwmon1: Undervoltage detected!
Sep 22 04:06:49 raspberrypi dhcpcd[616]: eth0: no IPv6 Routers available
Sep 22 04:06:59 raspberrypi kernel: [   59.775735] hwmon hwmon1: Voltage normalised
Sep 22 04:17:01 raspberrypi CRON[817]: (root) CMD (   cd / && run-parts --report /etc/cron.hourly)
Sep 22 04:20:59 raspberrypi systemd[1]: Starting Cleanup of Temporary Directories...
Sep 22 04:21:00 raspberrypi systemd[1]: systemd-tmpfiles-clean.service: Succeeded.
Sep 22 04:21:00 raspberrypi systemd[1]: Finished Cleanup of Temporary Directories.
Sep 22 04:21:00 raspberrypi kernel: [  901.119830] hwmon hwmon1: Undervoltage detected!
Sep 22 04:21:04 raspberrypi kernel: [  905.151735] hwmon hwmon1: Voltage normalised
Sep 22 04:17:07 raspberrypi fake-hwclock[137]: Thu 22 Sep 03:17:01 UTC 2022
Sep 22 04:17:07 raspberrypi systemd[1]: Finished Load/Save Random Seed.
Sep 22 04:17:07 raspberrypi systemd[1]: Condition check resulted in First Boot Complete being skipped.
Sep 22 04:17:07 raspberrypi systemd[1]: Starting Flush Journal to Persistent Storage...
Sep 22 04:17:07 raspberrypi systemd[1]: Finished Create System Users.
Sep 22 04:17:07 raspberrypi systemd[1]: Starting Create Static Device Nodes in /dev...
Sep 22 04:17:07 raspberrypi systemd[1]: Finished Create Static Device Nodes in /dev.
Sep 22 04:17:07 raspberrypi systemd[1]: Starting Rule-based Manager for Device Events and Files...
Sep 22 04:17:07 raspberrypi systemd[1]: Finished Coldplug All udev Devices.
Sep 22 04:17:07 raspberrypi systemd[1]: Starting Helper to synchronize boot up for ifupdown...
Sep 22 04:17:07 raspberrypi systemd[1]: Finished Set the console keyboard layout.
Sep 22 04:17:07 raspberrypi systemd[1]: Reached target Local File Systems (Pre).
Sep 22 04:17:07 raspberrypi systemd[1]: Reached target Local File Systems.
Sep 22 04:17:07 raspberrypi systemd[1]: Starting Set console font and keymap...
Sep 22 04:17:07 raspberrypi systemd[1]: Starting Preprocess NFS configuration...
Sep 22 04:17:07 raspberrypi systemd[1]: Condition check resulted in Store a System Token in an EFI Variable being skipped.
Sep 22 04:17:07 raspberrypi systemd[1]: Condition check resulted in Commit a transient machine-id on disk being skipped.
Sep 22 04:17:07 raspberrypi systemd[1]: Finished Helper to synchronize boot up for ifupdown.
Sep 22 04:17:07 raspberrypi systemd[1]: Starting Raise network interfaces...
Sep 22 04:17:07 raspberrypi systemd[1]: nfs-config.service: Succeeded.
Sep 22 04:17:07 raspberrypi systemd[1]: Finished Preprocess NFS configuration.
Sep 22 04:17:07 raspberrypi systemd[1]: Condition check resulted in RPC security service for NFS client and server being skipped.
Sep 22 04:17:07 raspberrypi systemd[1]: Condition check resulted in RPC security service for NFS server being skipped.
Sep 22 04:17:07 raspberrypi systemd[1]: Reached target NFS client services.
Sep 22 04:17:07 raspberrypi systemd[1]: Reached target Remote File Systems (Pre).
Sep 22 04:17:07 raspberrypi systemd[1]: Finished Flush Journal to Persistent Storage.
Sep 22 04:17:07 raspberrypi systemd[1]: Starting Create Volatile Files and Directories...
Sep 22 04:17:07 raspberrypi systemd[1]: Started Rule-based Manager for Device Events and Files.
Sep 22 04:17:07 raspberrypi systemd[1]: Finished Raise network interfaces.
Sep 22 04:17:07 raspberrypi systemd[1]: Finished Create Volatile Files and Directories.
Sep 22 04:17:07 raspberrypi systemd[1]: Starting Network Time Synchronization...
Sep 22 04:17:07 raspberrypi systemd[1]: Starting Update UTMP about System Boot/Shutdown...
Sep 22 04:17:07 raspberrypi systemd[1]: Finished Update UTMP about System Boot/Shutdown.
Sep 22 04:17:07 raspberrypi systemd[1]: Started Network Time Synchronization.
Sep 22 04:17:07 raspberrypi systemd[1]: Reached target System Initialization.
Sep 22 04:17:07 raspberrypi systemd[1]: Started Daily Cleanup of Temporary Directories.
Sep 22 04:17:07 raspberrypi systemd[1]: Reached target System Time Set.
Sep 22 04:17:07 raspberrypi systemd[1]: Reached target System Time Synchronized.
Sep 22 04:17:07 raspberrypi systemd[1]: apt-daily.timer: Not using persistent file timestamp Tue 2023-01-10 13:44:11 GMT as it is in the future.
Sep 22 04:17:07 raspberrypi systemd[1]: Started Daily apt download activities.
Sep 22 04:17:07 raspberrypi systemd[1]: apt-daily-upgrade.timer: Not using persistent file timestamp Tue 2023-01-10 13:44:11 GMT as it is in the future.
Sep 22 04:17:07 raspberrypi systemd[1]: Started Daily apt upgrade and clean activities.
Sep 22 04:17:07 raspberrypi systemd[1]: e2scrub_all.timer: Not using persistent file timestamp Tue 2023-01-10 13:44:11 GMT as it is in the future.
Sep 22 04:17:07 raspberrypi systemd[1]: Started Periodic ext4 Online Metadata Check for All Filesystems.
Sep 22 04:17:07 raspberrypi systemd[1]: fstrim.timer: Not using persistent file timestamp Tue 2023-01-10 13:44:11 GMT as it is in the future.
Sep 22 04:17:07 raspberrypi systemd[1]: Started Discard unused blocks once a week.
Sep 22 04:17:07 raspberrypi systemd[1]: logrotate.timer: Not using persistent file timestamp Tue 2023-01-10 13:44:11 GMT as it is in the future.
Sep 22 04:17:07 raspberrypi systemd[1]: Started Daily rotation of log files.
Sep 22 04:17:07 raspberrypi systemd[1]: man-db.timer: Not using persistent file timestamp Tue 2023-01-10 13:44:11 GMT as it is in the future.
Sep 22 04:17:07 raspberrypi systemd[1]: Started Daily man-db regeneration.
Sep 22 04:17:07 raspberrypi systemd[1]: Reached target Timers.
Sep 22 04:17:07 raspberrypi systemd[1]: Listening on Avahi mDNS/DNS-SD Stack Activation Socket.
Sep 22 04:17:07 raspberrypi systemd[1]: Listening on D-Bus System Message Bus Socket.
Sep 22 04:17:07 raspberrypi systemd[1]: Listening on triggerhappy.socket.
Sep 22 04:17:07 raspberrypi systemd[1]: Reached target Sockets.
Sep 22 04:17:07 raspberrypi systemd[1]: Reached target Basic System.
Sep 22 04:17:07 raspberrypi systemd[1]: Starting Avahi mDNS/DNS-SD Stack...
Sep 22 04:17:07 raspberrypi systemd[1]: Started D-Bus System Message Bus.
Sep 22 04:17:07 raspberrypi systemd[1]: Starting dphys-swapfile - set up, mount/unmount, and delete a swap file...
Sep 22 04:17:07 raspberrypi systemd[1]: Starting Remove Stale Online ext4 Metadata Check Snapshots...
Sep 22 04:17:07 raspberrypi systemd[1]: Condition check resulted in getty on tty2-tty6 if dbus and logind are not available being skipped.
Sep 22 04:17:07 raspberrypi systemd[1]: Reached target Login Prompts.
Sep 22 04:17:07 raspberrypi systemd[1]: Starting Authorization Manager...
Sep 22 04:17:07 raspberrypi systemd[1]: Condition check resulted in Copy user wpa_supplicant.conf being skipped.
Sep 22 04:17:07 raspberrypi systemd[1]: Starting DHCP Client Daemon...
Sep 22 04:17:07 raspberrypi systemd[1]: Starting LSB: Resize the root filesystem to fill partition...
Sep 22 04:17:07 raspberrypi avahi-daemon[245]: Found user 'avahi' (UID 108) and group 'avahi' (GID 113).
Sep 22 04:17:07 raspberrypi avahi-daemon[245]: Successfully dropped root privileges.
Sep 22 04:17:07 raspberrypi systemd[1]: Starting System Logging Service...
Sep 22 04:17:07 raspberrypi avahi-daemon[245]: avahi-daemon 0.8 starting up.
Sep 22 04:17:07 raspberrypi systemd[1]: Starting Turn on SSH if /boot/ssh is present...
Sep 22 04:17:07 raspberrypi dhcpcd[263]: dev: loaded udev
Sep 22 04:17:07 raspberrypi dhcpcd[263]: no valid interfaces found
Sep 22 04:17:07 raspberrypi dhcpcd[263]: no valid interfaces found
Sep 22 04:17:07 raspberrypi systemd[1]: Starting User Login Management...
Sep 22 04:17:07 raspberrypi systemd[1]: Starting triggerhappy global hotkey daemon...
Sep 22 04:17:07 raspberrypi sh[271]: Synchronizing state of ssh.service with SysV service script with /lib/systemd/systemd-sysv-install.
Sep 22 04:17:07 raspberrypi sh[271]: Executing: /lib/systemd/systemd-sysv-install enable ssh
Sep 22 04:17:07 raspberrypi systemd[1]: Starting Disk Manager...
Sep 22 04:17:07 raspberrypi systemd[1]: Starting WPA supplicant...
Sep 22 04:17:07 raspberrypi thd[284]: Found socket passed from systemd
Sep 22 04:17:07 raspberrypi systemd[1]: Started triggerhappy global hotkey daemon.
Sep 22 04:17:07 raspberrypi kernel: [    0.000000] Booting Linux on physical CPU 0x0000000000 [0x410fd034]
Sep 22 04:17:07 raspberrypi kernel: [    0.000000] Linux version 5.15.61-v8+ (dom@buildbot) (aarch64-linux-gnu-gcc-8 (Ubuntu/Linaro 8.4.0-3ubuntu1) 8.4.0, GNU ld (GNU Binutils for Ubuntu) 2.34) #1579 SMP PREEMPT Fri Aug 26 11:16:44 BST 2022
Sep 22 04:17:07 raspberrypi kernel: [    0.000000] random: crng init done
Sep 22 04:17:07 raspberrypi kernel: [    0.000000] Machine model: Raspberry Pi 3 Model B Rev 1.2
Sep 22 04:17:07 raspberrypi kernel: [    0.000000] efi: UEFI not found.
Sep 22 04:17:07 raspberrypi kernel: [    0.000000] Reserved memory: created CMA memory pool at 0x000000001ec00000, size 256 MiB
Sep 22 04:17:07 raspberrypi kernel: [    0.000000] OF: reserved mem: initialized node linux,cma, compatible id shared-dma-pool
Sep 22 04:17:07 raspberrypi kernel: [    0.000000] Zone ranges:
Sep 22 04:17:07 raspberrypi kernel: [    0.000000]   DMA      [mem 0x0000000000000000-0x000000003b3fffff]
Sep 22 04:17:07 raspberrypi kernel: [    0.000000]   DMA32    empty
Sep 22 04:17:07 raspberrypi kernel: [    0.000000]   Normal   empty
Sep 22 04:17:07 raspberrypi kernel: [    0.000000] Movable zone start for each node
Sep 22 04:17:07 raspberrypi kernel: [    0.000000] Early memory node ranges
Sep 22 04:17:07 raspberrypi kernel: [    0.000000]   node   0: [mem 0x0000000000000000-0x000000003b3fffff]
Sep 22 04:17:07 raspberrypi kernel: [    0.000000] Initmem setup node 0 [mem 0x0000000000000000-0x000000003b3fffff]
Sep 22 04:17:07 raspberrypi kernel: [    0.000000] On node 0, zone DMA: 19456 pages in unavailable ranges
Sep 22 04:17:07 raspberrypi kernel: [    0.000000] percpu: Embedded 28 pages/cpu s77272 r8192 d29224 u114688
Sep 22 04:17:07 raspberrypi kernel: [    0.000000] pcpu-alloc: s77272 r8192 d29224 u114688 alloc=28*4096
Sep 22 04:17:07 raspberrypi kernel: [    0.000000] pcpu-alloc: [0] 0 [0] 1 [0] 2 [0] 3 
Sep 22 04:17:07 raspberrypi kernel: [    0.000000] Detected VIPT I-cache on CPU0
Sep 22 04:17:07 raspberrypi kernel: [    0.000000] CPU features: kernel page table isolation forced ON by KASLR
Sep 22 04:17:07 raspberrypi kernel: [    0.000000] CPU features: detected: Kernel page table isolation (KPTI)
Sep 22 04:17:07 raspberrypi kernel: [    0.000000] CPU features: detected: ARM erratum 843419
Sep 22 04:17:07 raspberrypi kernel: [    0.000000] CPU features: detected: ARM erratum 845719
Sep 22 04:17:07 raspberrypi kernel: [    0.000000] Built 1 zonelists, mobility grouping on.  Total pages: 238896
Sep 22 04:17:07 raspberrypi kernel: [    0.000000] Kernel command line: coherent_pool=1M 8250.nr_uarts=0 snd_bcm2835.enable_compat_alsa=0 snd_bcm2835.enable_hdmi=1 video=Composite-1:720x480@60i vc_mem.mem_base=0x3ec00000 vc_mem.mem_size=0x40000000  console=ttyS0,115200 console=tty1 root=/dev/nfs nfsroot=10.20.30.1:/home/phyllalix/RASPI/client,tcp,vers=3 rw ip=dhcp rootwait
Sep 22 04:17:07 raspberrypi systemd[1]: Started System Logging Service.
Sep 22 04:17:07 raspberrypi kernel: [    0.000000] Dentry cache hash table entries: 131072 (order: 8, 1048576 bytes, linear)
Sep 22 04:17:07 raspberrypi kernel: [    0.000000] Inode-cache hash table entries: 65536 (order: 7, 524288 bytes, linear)
Sep 22 04:17:07 raspberrypi kernel: [    0.000000] mem auto-init: stack:off, heap alloc:off, heap free:off
Sep 22 04:17:07 raspberrypi kernel: [    0.000000] Memory: 665480K/970752K available (11520K kernel code, 1956K rwdata, 4140K rodata, 3840K init, 974K bss, 43128K reserved, 262144K cma-reserved)
Sep 22 04:17:07 raspberrypi kernel: [    0.000000] SLUB: HWalign=64, Order=0-3, MinObjects=0, CPUs=4, Nodes=1
Sep 22 04:17:07 raspberrypi kernel: [    0.000000] ftrace: allocating 38040 entries in 149 pages
Sep 22 04:17:07 raspberrypi kernel: [    0.000000] ftrace: allocated 149 pages with 4 groups
Sep 22 04:17:07 raspberrypi kernel: [    0.000000] trace event string verifier disabled
Sep 22 04:17:07 raspberrypi kernel: [    0.000000] rcu: Preemptible hierarchical RCU implementation.
Sep 22 04:17:07 raspberrypi kernel: [    0.000000] rcu: 	RCU event tracing is enabled.
Sep 22 04:17:07 raspberrypi kernel: [    0.000000] rcu: 	RCU restricting CPUs from NR_CPUS=256 to nr_cpu_ids=4.
Sep 22 04:17:07 raspberrypi kernel: [    0.000000] 	Trampoline variant of Tasks RCU enabled.
Sep 22 04:17:07 raspberrypi kernel: [    0.000000] 	Rude variant of Tasks RCU enabled.
Sep 22 04:17:07 raspberrypi kernel: [    0.000000] 	Tracing variant of Tasks RCU enabled.
Sep 22 04:17:07 raspberrypi kernel: [    0.000000] rcu: RCU calculated value of scheduler-enlistment delay is 25 jiffies.
Sep 22 04:17:07 raspberrypi kernel: [    0.000000] rcu: Adjusting geometry for rcu_fanout_leaf=16, nr_cpu_ids=4
Sep 22 04:17:07 raspberrypi kernel: [    0.000000] NR_IRQS: 64, nr_irqs: 64, preallocated irqs: 0
Sep 22 04:17:07 raspberrypi kernel: [    0.000000] Root IRQ handler: bcm2836_arm_irqchip_handle_irq
Sep 22 04:17:07 raspberrypi kernel: [    0.000000] arch_timer: cp15 timer(s) running at 19.20MHz (phys).
Sep 22 04:17:07 raspberrypi kernel: [    0.000000] clocksource: arch_sys_counter: mask: 0xffffffffffffff max_cycles: 0x46d987e47, max_idle_ns: 440795202767 ns
Sep 22 04:17:07 raspberrypi kernel: [    0.000001] sched_clock: 56 bits at 19MHz, resolution 52ns, wraps every 4398046511078ns
Sep 22 04:17:07 raspberrypi kernel: [    0.000360] Console: colour dummy device 80x25
Sep 22 04:17:07 raspberrypi kernel: [    0.001286] printk: console [tty1] enabled
Sep 22 04:17:07 raspberrypi kernel: [    0.001371] Calibrating delay loop (skipped), value calculated using timer frequency.. 38.40 BogoMIPS (lpj=76800)
Sep 22 04:17:07 raspberrypi kernel: [    0.001436] pid_max: default: 32768 minimum: 301
Sep 22 04:17:07 raspberrypi kernel: [    0.001641] LSM: Security Framework initializing
Sep 22 04:17:07 raspberrypi kernel: [    0.001921] Mount-cache hash table entries: 2048 (order: 2, 16384 bytes, linear)
Sep 22 04:17:07 raspberrypi kernel: [    0.001988] Mountpoint-cache hash table entries: 2048 (order: 2, 16384 bytes, linear)
Sep 22 04:17:07 raspberrypi kernel: [    0.003715] cgroup: Disabling memory control group subsystem
Sep 22 04:17:07 raspberrypi kernel: [    0.007606] rcu: Hierarchical SRCU implementation.
Sep 22 04:17:07 raspberrypi kernel: [    0.009102] EFI services will not be available.
Sep 22 04:17:07 raspberrypi kernel: [    0.009884] smp: Bringing up secondary CPUs ...
Sep 22 04:17:07 raspberrypi kernel: [    0.011432] Detected VIPT I-cache on CPU1
Sep 22 04:17:07 raspberrypi kernel: [    0.011526] CPU1: Booted secondary processor 0x0000000001 [0x410fd034]
Sep 22 04:17:07 raspberrypi kernel: [    0.013394] Detected VIPT I-cache on CPU2
Sep 22 04:17:07 raspberrypi kernel: [    0.013464] CPU2: Booted secondary processor 0x0000000002 [0x410fd034]
Sep 22 04:17:07 raspberrypi kernel: [    0.015118] Detected VIPT I-cache on CPU3
Sep 22 04:17:07 raspberrypi kernel: [    0.015175] CPU3: Booted secondary processor 0x0000000003 [0x410fd034]
Sep 22 04:17:07 raspberrypi kernel: [    0.015387] smp: Brought up 1 node, 4 CPUs
Sep 22 04:17:07 raspberrypi kernel: [    0.015542] SMP: Total of 4 processors activated.
Sep 22 04:17:07 raspberrypi kernel: [    0.015576] CPU features: detected: 32-bit EL0 Support
Sep 22 04:17:07 raspberrypi kernel: [    0.015607] CPU features: detected: 32-bit EL1 Support
Sep 22 04:17:07 raspberrypi kernel: [    0.015641] CPU features: detected: CRC32 instructions
Sep 22 04:17:07 raspberrypi kernel: [    0.056604] CPU: All CPU(s) started at EL2
Sep 22 04:17:07 raspberrypi kernel: [    0.056753] alternatives: patching kernel code
Sep 22 04:17:07 raspberrypi kernel: [    0.058738] devtmpfs: initialized
Sep 22 04:17:07 raspberrypi kernel: [    0.081163] Enabled cp15_barrier support
Sep 22 04:17:07 raspberrypi kernel: [    0.081247] Enabled setend support
Sep 22 04:17:07 raspberrypi kernel: [    0.081291] KASLR enabled
Sep 22 04:17:07 raspberrypi kernel: [    0.081569] clocksource: jiffies: mask: 0xffffffff max_cycles: 0xffffffff, max_idle_ns: 7645041785100000 ns
Sep 22 04:17:07 raspberrypi kernel: [    0.081640] futex hash table entries: 1024 (order: 4, 65536 bytes, linear)
Sep 22 04:17:07 raspberrypi kernel: [    0.093529] pinctrl core: initialized pinctrl subsystem
Sep 22 04:17:07 raspberrypi kernel: [    0.094768] DMI not present or invalid.
Sep 22 04:17:07 raspberrypi kernel: [    0.095760] NET: Registered PF_NETLINK/PF_ROUTE protocol family
Sep 22 04:17:07 raspberrypi kernel: [    0.106950] DMA: preallocated 1024 KiB GFP_KERNEL pool for atomic allocations
Sep 22 04:17:07 raspberrypi kernel: [    0.107481] DMA: preallocated 1024 KiB GFP_KERNEL|GFP_DMA pool for atomic allocations
Sep 22 04:17:07 raspberrypi kernel: [    0.108987] DMA: preallocated 1024 KiB GFP_KERNEL|GFP_DMA32 pool for atomic allocations
Sep 22 04:17:07 raspberrypi kernel: [    0.109180] audit: initializing netlink subsys (disabled)
Sep 22 04:17:07 raspberrypi kernel: [    0.109627] audit: type=2000 audit(0.108:1): state=initialized audit_enabled=0 res=1
Sep 22 04:17:07 raspberrypi kernel: [    0.110538] thermal_sys: Registered thermal governor 'step_wise'
Sep 22 04:17:07 raspberrypi kernel: [    0.110845] cpuidle: using governor menu
Sep 22 04:17:07 raspberrypi kernel: [    0.111425] hw-breakpoint: found 6 breakpoint and 4 watchpoint registers.
Sep 22 04:17:07 raspberrypi kernel: [    0.111734] ASID allocator initialised with 32768 entries
Sep 22 04:17:07 raspberrypi kernel: [    0.112006] Serial: AMBA PL011 UART driver
Sep 22 04:17:07 raspberrypi kernel: [    0.126371] bcm2835-mbox 3f00b880.mailbox: mailbox enabled
Sep 22 04:17:07 raspberrypi kernel: [    0.152843] raspberrypi-firmware soc:firmware: Attached to firmware from 2022-08-26T14:04:36, variant start
Sep 22 04:17:07 raspberrypi kernel: [    0.156868] raspberrypi-firmware soc:firmware: Firmware hash is 102f1e848393c2112206fadffaaf86db04e98326
Sep 22 04:17:07 raspberrypi kernel: [    0.217295] bcm2835-dma 3f007000.dma: DMA legacy API manager, dmachans=0x1
Sep 22 04:17:07 raspberrypi kernel: [    0.222950] vgaarb: loaded
Sep 22 04:17:07 raspberrypi kernel: [    0.223616] SCSI subsystem initialized
Sep 22 04:17:07 raspberrypi kernel: [    0.223960] usbcore: registered new interface driver usbfs
Sep 22 04:17:07 raspberrypi kernel: [    0.224080] usbcore: registered new interface driver hub
Sep 22 04:17:07 raspberrypi kernel: [    0.224200] usbcore: registered new device driver usb
Sep 22 04:17:07 raspberrypi kernel: [    0.224755] usb_phy_generic phy: supply vcc not found, using dummy regulator
Sep 22 04:17:07 raspberrypi kernel: [    0.225087] usb_phy_generic phy: dummy supplies not allowed for exclusive requests
Sep 22 04:17:07 raspberrypi kernel: [    0.225677] pps_core: LinuxPPS API ver. 1 registered
Sep 22 04:17:07 raspberrypi kernel: [    0.225714] pps_core: Software ver. 5.3.6 - Copyright 2005-2007 Rodolfo Giometti <giometti@linux.it>
Sep 22 04:17:07 raspberrypi kernel: [    0.225778] PTP clock support registered
Sep 22 04:17:07 raspberrypi kernel: [    0.228052] clocksource: Switched to clocksource arch_sys_counter
Sep 22 04:17:07 raspberrypi kernel: [    0.364868] VFS: Disk quotas dquot_6.6.0
Sep 22 04:17:07 raspberrypi kernel: [    0.365046] VFS: Dquot-cache hash table entries: 512 (order 0, 4096 bytes)
Sep 22 04:17:07 raspberrypi kernel: [    0.365325] FS-Cache: Loaded
Sep 22 04:17:07 raspberrypi kernel: [    0.365673] CacheFiles: Loaded
Sep 22 04:17:07 raspberrypi kernel: [    0.367014] simple-framebuffer 3eaa9000.framebuffer: framebuffer at 0x3eaa9000, 0x151800 bytes
Sep 22 04:17:07 raspberrypi kernel: [    0.367068] simple-framebuffer 3eaa9000.framebuffer: format=a8r8g8b8, mode=720x480x32, linelength=2880
Sep 22 04:17:07 raspberrypi kernel: [    0.373539] Console: switching to colour frame buffer device 90x30
Sep 22 04:17:07 raspberrypi kernel: [    0.382030] simple-framebuffer 3eaa9000.framebuffer: fb0: simplefb registered!
Sep 22 04:17:07 raspberrypi kernel: [    0.400564] NET: Registered PF_INET protocol family
Sep 22 04:17:07 raspberrypi kernel: [    0.404064] IP idents hash table entries: 16384 (order: 5, 131072 bytes, linear)
Sep 22 04:17:07 raspberrypi kernel: [    0.408828] tcp_listen_portaddr_hash hash table entries: 512 (order: 1, 8192 bytes, linear)
Sep 22 04:17:07 raspberrypi kernel: [    0.415317] Table-perturb hash table entries: 65536 (order: 6, 262144 bytes, linear)
Sep 22 04:17:07 raspberrypi kernel: [    0.418866] TCP established hash table entries: 8192 (order: 4, 65536 bytes, linear)
Sep 22 04:17:07 raspberrypi kernel: [    0.422585] TCP bind hash table entries: 8192 (order: 5, 131072 bytes, linear)
Sep 22 04:17:07 raspberrypi kernel: [    0.426385] TCP: Hash tables configured (established 8192 bind 8192)
Sep 22 04:17:07 raspberrypi kernel: [    0.430281] UDP hash table entries: 512 (order: 2, 16384 bytes, linear)
Sep 22 04:17:07 raspberrypi kernel: [    0.433999] UDP-Lite hash table entries: 512 (order: 2, 16384 bytes, linear)
Sep 22 04:17:07 raspberrypi kernel: [    0.438085] NET: Registered PF_UNIX/PF_LOCAL protocol family
Sep 22 04:17:07 raspberrypi kernel: [    0.443062] RPC: Registered named UNIX socket transport module.
Sep 22 04:17:07 raspberrypi kernel: [    0.446744] RPC: Registered udp transport module.
Sep 22 04:17:07 raspberrypi kernel: [    0.450345] RPC: Registered tcp transport module.
Sep 22 04:17:07 raspberrypi kernel: [    0.453773] RPC: Registered tcp NFSv4.1 backchannel transport module.
Sep 22 04:17:07 raspberrypi kernel: [    0.457215] PCI: CLS 0 bytes, default 64
Sep 22 04:17:07 raspberrypi kernel: [    0.463652] hw perfevents: enabled with armv8_cortex_a53 PMU driver, 7 counters available
Sep 22 04:17:07 raspberrypi kernel: [    0.471042] kvm [1]: IPA Size Limit: 40 bits
Sep 22 04:17:07 raspberrypi kernel: [    0.476352] kvm [1]: Hyp mode initialized successfully
Sep 22 04:17:07 raspberrypi kernel: [    1.737462] Initialise system trusted keyrings
Sep 22 04:17:07 raspberrypi kernel: [    1.741390] workingset: timestamp_bits=46 max_order=18 bucket_order=0
Sep 22 04:17:07 raspberrypi kernel: [    1.755565] zbud: loaded
Sep 22 04:17:07 raspberrypi kernel: [    1.761650] FS-Cache: Netfs 'nfs' registered for caching
Sep 22 04:17:07 raspberrypi kernel: [    1.765908] NFS: Registering the id_resolver key type
Sep 22 04:17:07 raspberrypi kernel: [    1.769207] Key type id_resolver registered
Sep 22 04:17:07 raspberrypi kernel: [    1.772355] Key type id_legacy registered
Sep 22 04:17:07 raspberrypi kernel: [    1.775508] nfs4filelayout_init: NFSv4 File Layout Driver Registering...
Sep 22 04:17:07 raspberrypi kernel: [    1.778567] nfs4flexfilelayout_init: NFSv4 Flexfile Layout Driver Registering...
Sep 22 04:17:07 raspberrypi kernel: [    1.783347] Key type asymmetric registered
Sep 22 04:17:07 raspberrypi kernel: [    1.786355] Asymmetric key parser 'x509' registered
Sep 22 04:17:07 raspberrypi kernel: [    1.789394] Block layer SCSI generic (bsg) driver version 0.4 loaded (major 247)
Sep 22 04:17:07 raspberrypi kernel: [    1.792903] io scheduler mq-deadline registered
Sep 22 04:17:07 raspberrypi kernel: [    1.795844] io scheduler kyber registered
Sep 22 04:17:07 raspberrypi kernel: [    1.816553] bcm2835-rng 3f104000.rng: hwrng registered
Sep 22 04:17:07 raspberrypi kernel: [    1.820478] vc-mem: phys_addr:0x00000000 mem_base=0x3ec00000 mem_size:0x40000000(1024 MiB)
Sep 22 04:17:07 raspberrypi kernel: [    1.828499] gpiomem-bcm2835 3f200000.gpiomem: Initialised: Registers at 0x3f200000
Sep 22 04:17:07 raspberrypi kernel: [    1.850999] brd: module loaded
Sep 22 04:17:07 raspberrypi kernel: [    1.869401] loop: module loaded
Sep 22 04:17:07 raspberrypi kernel: [    1.873607] Loading iSCSI transport class v2.0-870.
Sep 22 04:17:07 raspberrypi kernel: [    1.883743] usbcore: registered new interface driver r8152
Sep 22 04:17:07 raspberrypi kernel: [    1.887021] usbcore: registered new interface driver lan78xx
Sep 22 04:17:07 raspberrypi kernel: [    1.890073] usbcore: registered new interface driver smsc95xx
Sep 22 04:17:07 raspberrypi kernel: [    1.893664] dwc_otg: version 3.00a 10-AUG-2012 (platform bus)
Sep 22 04:17:07 raspberrypi kernel: [    2.624797] Core Release: 2.80a
Sep 22 04:17:07 raspberrypi kernel: [    2.627655] Setting default values for core params
Sep 22 04:17:07 raspberrypi kernel: [    2.630542] Finished setting default values for core params
Sep 22 04:17:07 raspberrypi kernel: [    2.833880] Using Buffer DMA mode
Sep 22 04:17:07 raspberrypi kernel: [    2.836720] Periodic Transfer Interrupt Enhancement - disabled
Sep 22 04:17:07 raspberrypi kernel: [    2.839617] Multiprocessor Interrupt Enhancement - disabled
Sep 22 04:17:07 raspberrypi kernel: [    2.842592] OTG VER PARAM: 0, OTG VER FLAG: 0
Sep 22 04:17:07 raspberrypi kernel: [    2.845532] Dedicated Tx FIFOs mode
Sep 22 04:17:07 raspberrypi kernel: [    2.853151] 
Sep 22 04:17:07 raspberrypi kernel: [    2.853168] WARN::dwc_otg_hcd_init:1074: FIQ DMA bounce buffers: virt = ffffffc008469000 dma = 0x00000000df000000 len=9024
Sep 22 04:17:07 raspberrypi kernel: [    2.861568] FIQ FSM acceleration enabled for :
Sep 22 04:17:07 raspberrypi kernel: [    2.861568] Non-periodic Split Transactions
Sep 22 04:17:07 raspberrypi kernel: [    2.861568] Periodic Split Transactions
Sep 22 04:17:07 raspberrypi kernel: [    2.861568] High-Speed Isochronous Endpoints
Sep 22 04:17:07 raspberrypi kernel: [    2.861568] Interrupt/Control Split Transaction hack enabled
Sep 22 04:17:07 raspberrypi kernel: [    2.875126] dwc_otg: Microframe scheduler enabled
Sep 22 04:17:07 raspberrypi kernel: [    2.875183] 
Sep 22 04:17:07 raspberrypi kernel: [    2.875196] WARN::hcd_init_fiq:497: MPHI regs_base at ffffffc00806d000
Sep 22 04:17:07 raspberrypi kernel: [    2.880335] dwc_otg 3f980000.usb: DWC OTG Controller
Sep 22 04:17:07 raspberrypi kernel: [    2.882973] dwc_otg 3f980000.usb: new USB bus registered, assigned bus number 1
Sep 22 04:17:07 raspberrypi kernel: [    2.885732] dwc_otg 3f980000.usb: irq 74, io mem 0x00000000
Sep 22 04:17:07 raspberrypi kernel: [    2.888424] Init: Port Power? op_state=1
Sep 22 04:17:07 raspberrypi kernel: [    2.891085] Init: Power Port (0)
Sep 22 04:17:07 raspberrypi kernel: [    2.894282] usb usb1: New USB device found, idVendor=1d6b, idProduct=0002, bcdDevice= 5.15
Sep 22 04:17:07 raspberrypi kernel: [    2.899840] usb usb1: New USB device strings: Mfr=3, Product=2, SerialNumber=1
Sep 22 04:17:07 raspberrypi kernel: [    2.902840] usb usb1: Product: DWC OTG Controller
Sep 22 04:17:07 raspberrypi kernel: [    2.905769] usb usb1: Manufacturer: Linux 5.15.61-v8+ dwc_otg_hcd
Sep 22 04:17:07 raspberrypi kernel: [    2.908727] usb usb1: SerialNumber: 3f980000.usb
Sep 22 04:17:07 raspberrypi kernel: [    2.912734] hub 1-0:1.0: USB hub found
Sep 22 04:17:07 raspberrypi kernel: [    2.915642] hub 1-0:1.0: 1 port detected
Sep 22 04:17:07 raspberrypi kernel: [    2.919692] dwc_otg: FIQ enabled
Sep 22 04:17:07 raspberrypi kernel: [    2.919711] dwc_otg: NAK holdoff enabled
Sep 22 04:17:07 raspberrypi kernel: [    2.919725] dwc_otg: FIQ split-transaction FSM enabled
Sep 22 04:17:07 raspberrypi kernel: [    2.919747] Module dwc_common_port init
Sep 22 04:17:07 raspberrypi kernel: [    2.920656] usbcore: registered new interface driver uas
Sep 22 04:17:07 raspberrypi kernel: [    2.923610] usbcore: registered new interface driver usb-storage
Sep 22 04:17:07 raspberrypi kernel: [    2.927039] mousedev: PS/2 mouse device common for all mice
Sep 22 04:17:07 raspberrypi kernel: [    2.935676] sdhci: Secure Digital Host Controller Interface driver
Sep 22 04:17:07 raspberrypi kernel: [    2.938466] sdhci: Copyright(c) Pierre Ossman
Sep 22 04:17:07 raspberrypi kernel: [    2.941944] sdhci-pltfm: SDHCI platform and OF driver helper
Sep 22 04:17:07 raspberrypi kernel: [    2.948440] ledtrig-cpu: registered to indicate activity on CPUs
Sep 22 04:17:07 raspberrypi kernel: [    2.952249] hid: raw HID events driver (C) Jiri Kosina
Sep 22 04:17:07 raspberrypi kernel: [    2.955317] usbcore: registered new interface driver usbhid
Sep 22 04:17:07 raspberrypi kernel: [    2.958191] usbhid: USB HID core driver
Sep 22 04:17:07 raspberrypi kernel: [    2.961466] ashmem: initialized
Sep 22 04:17:07 raspberrypi kernel: [    2.972536] NET: Registered PF_PACKET protocol family
Sep 22 04:17:07 raspberrypi kernel: [    2.975528] Key type dns_resolver registered
Sep 22 04:17:07 raspberrypi kernel: [    2.980186] registered taskstats version 1
Sep 22 04:17:07 raspberrypi kernel: [    2.982887] Loading compiled-in X.509 certificates
Sep 22 04:17:07 raspberrypi kernel: [    2.986609] Key type ._fscrypt registered
Sep 22 04:17:07 raspberrypi kernel: [    2.989357] Key type .fscrypt registered
Sep 22 04:17:07 raspberrypi kernel: [    2.991930] Key type fscrypt-provisioning registered
Sep 22 04:17:07 raspberrypi kernel: [    3.014210] uart-pl011 3f201000.serial: cts_event_workaround enabled
Sep 22 04:17:07 raspberrypi kernel: [    3.017010] 3f201000.serial: ttyAMA0 at MMIO 0x3f201000 (irq = 99, base_baud = 0) is a PL011 rev2
Sep 22 04:17:07 raspberrypi kernel: [    3.027922] bcm2835-wdt bcm2835-wdt: Broadcom BCM2835 watchdog timer
Sep 22 04:17:07 raspberrypi kernel: [    3.028333] Indeed it is in host mode hprt0 = 00021501
Sep 22 04:17:07 raspberrypi kernel: [    3.031339] bcm2835-power bcm2835-power: Broadcom BCM2835 power domains driver
Sep 22 04:17:07 raspberrypi kernel: [    3.038898] mmc-bcm2835 3f300000.mmcnr: mmc_debug:0 mmc_debug2:0
Sep 22 04:17:07 raspberrypi kernel: [    3.041786] mmc-bcm2835 3f300000.mmcnr: DMA channel allocated
Sep 22 04:17:07 raspberrypi kernel: [    3.071664] sdhost: log_buf @ 00000000fa9671c3 (c279f000)
Sep 22 04:17:07 raspberrypi kernel: [    3.125443] mmc0: sdhost-bcm2835 loaded - DMA enabled (>1)
Sep 22 04:17:07 raspberrypi kernel: [    3.140773] of_cfs_init
Sep 22 04:17:07 raspberrypi kernel: [    3.143730] of_cfs_init: OK
Sep 22 04:17:07 raspberrypi kernel: [    3.220170] usb 1-1: new high-speed USB device number 2 using dwc_otg
Sep 22 04:17:07 raspberrypi kernel: [    3.223285] Indeed it is in host mode hprt0 = 00001101
Sep 22 04:17:07 raspberrypi kernel: [    3.251754] mmc1: new high speed SDIO card at address 0001
Sep 22 04:17:07 raspberrypi kernel: [    3.432603] usb 1-1: New USB device found, idVendor=0424, idProduct=9514, bcdDevice= 2.00
Sep 22 04:17:07 raspberrypi kernel: [    3.438400] usb 1-1: New USB device strings: Mfr=0, Product=0, SerialNumber=0
Sep 22 04:17:07 raspberrypi kernel: [    3.442540] hub 1-1:1.0: USB hub found
Sep 22 04:17:07 raspberrypi kernel: [    3.445739] hub 1-1:1.0: 5 ports detected
Sep 22 04:17:07 raspberrypi kernel: [    3.736094] usb 1-1.1: new high-speed USB device number 3 using dwc_otg
Sep 22 04:17:07 raspberrypi kernel: [    3.836590] usb 1-1.1: New USB device found, idVendor=0424, idProduct=ec00, bcdDevice= 2.00
Sep 22 04:17:07 raspberrypi kernel: [    3.842840] usb 1-1.1: New USB device strings: Mfr=0, Product=0, SerialNumber=0
Sep 22 04:17:07 raspberrypi kernel: [    3.849265] smsc95xx v2.0.0
Sep 22 04:17:07 raspberrypi kernel: [    3.969192] SMSC LAN8700 usb-001:003:01: attached PHY driver (mii_bus:phy_addr=usb-001:003:01, irq=POLL)
Sep 22 04:17:07 raspberrypi kernel: [    3.977061] smsc95xx 1-1.1:1.0 eth0: register 'smsc95xx' at usb-3f980000.usb-1.1, smsc95xx USB 2.0 Ethernet, b8:27:eb:cc:81:19
Sep 22 04:17:07 raspberrypi kernel: [    4.208990] smsc95xx 1-1.1:1.0 eth0: hardware isn't capable of remote wakeup
Sep 22 04:17:07 raspberrypi kernel: [    4.261924] smsc95xx 1-1.1:1.0 eth0: Link is Down
Sep 22 04:17:07 raspberrypi kernel: [    6.341925] smsc95xx 1-1.1:1.0 eth0: Link is Up - 100Mbps/Full - flow control off
Sep 22 04:17:07 raspberrypi kernel: [    6.368079] Sending DHCP requests ., OK
Sep 22 04:17:07 raspberrypi kernel: [    6.395644] IP-Config: Got DHCP answer from 10.20.30.1, my address is 10.20.30.123
Sep 22 04:17:07 raspberrypi kernel: [    6.399259] IP-Config: Complete:
Sep 22 04:17:07 raspberrypi kernel: [    6.402801]      device=eth0, hwaddr=b8:27:eb:cc:81:19, ipaddr=10.20.30.123, mask=255.255.255.0, gw=10.20.30.1
Sep 22 04:17:07 raspberrypi kernel: [    6.410266]      host=10.20.30.123, domain=, nis-domain=(none)
Sep 22 04:17:07 raspberrypi kernel: [    6.414077]      bootserver=10.20.30.1, rootserver=10.20.30.1, rootpath=
Sep 22 04:17:07 raspberrypi kernel: [    6.414098]      nameserver0=8.8.8.8
Sep 22 04:17:07 raspberrypi kernel: [    6.446611] VFS: Mounted root (nfs filesystem) on device 0:17.
Sep 22 04:17:07 raspberrypi kernel: [    6.451389] devtmpfs: mounted
Sep 22 04:17:07 raspberrypi kernel: [    6.466096] Freeing unused kernel memory: 3840K
Sep 22 04:17:07 raspberrypi kernel: [    6.480243] Run /sbin/init as init process
Sep 22 04:17:07 raspberrypi kernel: [    6.483848]   with arguments:
Sep 22 04:17:07 raspberrypi kernel: [    6.483864]     /sbin/init
Sep 22 04:17:07 raspberrypi kernel: [    6.483879]   with environment:
Sep 22 04:17:07 raspberrypi kernel: [    6.483891]     HOME=/
Sep 22 04:17:07 raspberrypi kernel: [    6.483905]     TERM=linux
Sep 22 04:17:07 raspberrypi kernel: [    7.922221] NET: Registered PF_INET6 protocol family
Sep 22 04:17:07 raspberrypi kernel: [    7.929363] Segment Routing with IPv6
Sep 22 04:17:07 raspberrypi kernel: [    7.933006] In-situ OAM (IOAM) with IPv6
Sep 22 04:17:07 raspberrypi kernel: [   10.709052] fuse: init (API version 7.34)
Sep 22 04:17:07 raspberrypi kernel: [   15.785390] vc_sm_cma: module is from the staging directory, the quality is unknown, you have been warned.
Sep 22 04:17:07 raspberrypi kernel: [   15.806147] bcm2835_vc_sm_cma_probe: Videocore shared memory driver
Sep 22 04:17:07 raspberrypi kernel: [   15.806250] [vc_sm_connected_init]: start
Sep 22 04:17:07 raspberrypi kernel: [   15.813770] [vc_sm_connected_init]: installed successfully
Sep 22 04:17:07 raspberrypi kernel: [   16.079181] mc: Linux media interface: v0.10
Sep 22 04:17:07 raspberrypi kernel: [   16.663162] videodev: Linux video capture interface: v2.00
Sep 22 04:17:07 raspberrypi kernel: [   16.916696] snd_bcm2835: module is from the staging directory, the quality is unknown, you have been warned.
Sep 22 04:17:07 raspberrypi kernel: [   16.980139] bcm2835_audio bcm2835_audio: card created with 8 channels
Sep 22 04:17:07 raspberrypi kernel: [   17.265183] bcm2835_mmal_vchiq: module is from the staging directory, the quality is unknown, you have been warned.
Sep 22 04:17:07 raspberrypi rsyslogd: imuxsock: Acquired UNIX socket '/run/systemd/journal/syslog' (fd 3) from systemd.  [v8.2102.0]
Sep 22 04:17:07 raspberrypi rsyslogd: [origin software="rsyslogd" swVersion="8.2102.0" x-pid="265" x-info="https://www.rsyslog.com"] start
Sep 22 04:17:07 raspberrypi systemd[1]: e2scrub_reap.service: Succeeded.
Sep 22 04:17:07 raspberrypi systemd[1]: Finished Remove Stale Online ext4 Metadata Check Snapshots.
Sep 22 04:17:07 raspberrypi kernel: [   17.460916] bcm2835_isp: module is from the staging directory, the quality is unknown, you have been warned.
Sep 22 04:17:08 raspberrypi kernel: [   17.647889] bcm2835-isp bcm2835-isp: Device node output[0] registered as /dev/video13
Sep 22 04:17:08 raspberrypi kernel: [   17.652415] bcm2835-isp bcm2835-isp: Device node capture[0] registered as /dev/video14
Sep 22 04:17:08 raspberrypi kernel: [   17.654199] bcm2835-isp bcm2835-isp: Device node capture[1] registered as /dev/video15
Sep 22 04:17:08 raspberrypi kernel: [   17.655086] bcm2835-isp bcm2835-isp: Device node stats[2] registered as /dev/video16
Sep 22 04:17:08 raspberrypi kernel: [   17.655142] bcm2835-isp bcm2835-isp: Register output node 0 with media controller
Sep 22 04:17:08 raspberrypi kernel: [   17.655175] bcm2835-isp bcm2835-isp: Register capture node 1 with media controller
Sep 22 04:17:08 raspberrypi kernel: [   17.655214] bcm2835-isp bcm2835-isp: Register capture node 2 with media controller
Sep 22 04:17:08 raspberrypi kernel: [   17.655664] bcm2835-isp bcm2835-isp: Register capture node 3 with media controller
Sep 22 04:17:08 raspberrypi kernel: [   17.666655] bcm2835-isp bcm2835-isp: Device node output[0] registered as /dev/video20
Sep 22 04:17:08 raspberrypi kernel: [   17.669395] bcm2835-isp bcm2835-isp: Device node capture[0] registered as /dev/video21
Sep 22 04:17:08 raspberrypi kernel: [   17.670616] bcm2835_codec: module is from the staging directory, the quality is unknown, you have been warned.
Sep 22 04:17:08 raspberrypi kernel: [   17.674841] bcm2835-isp bcm2835-isp: Device node capture[1] registered as /dev/video22
Sep 22 04:17:08 raspberrypi kernel: [   17.675651] bcm2835-isp bcm2835-isp: Device node stats[2] registered as /dev/video23
Sep 22 04:17:08 raspberrypi kernel: [   17.675715] bcm2835-isp bcm2835-isp: Register output node 0 with media controller
Sep 22 04:17:08 raspberrypi kernel: [   17.675751] bcm2835-isp bcm2835-isp: Register capture node 1 with media controller
Sep 22 04:17:08 raspberrypi kernel: [   17.675781] bcm2835-isp bcm2835-isp: Register capture node 2 with media controller
Sep 22 04:17:08 raspberrypi kernel: [   17.675818] bcm2835-isp bcm2835-isp: Register capture node 3 with media controller
Sep 22 04:17:08 raspberrypi kernel: [   17.676467] bcm2835-isp bcm2835-isp: Loaded V4L2 bcm2835-isp
Sep 22 04:17:08 raspberrypi kernel: [   17.779457] bcm2835-codec bcm2835-codec: Device registered as /dev/video10
Sep 22 04:17:08 raspberrypi kernel: [   17.779559] bcm2835-codec bcm2835-codec: Loaded V4L2 decode
Sep 22 04:17:08 raspberrypi resize2fs_once[264]: Starting resize2fs_once:
Sep 22 04:17:08 raspberrypi resize2fs_once[320]: resize2fs 1.46.2 (28-Feb-2021)
Sep 22 04:17:08 raspberrypi resize2fs_once[320]: open: No such file or directory while opening 10.20.30.1:/home/phyllalix/RASPI/client
Sep 22 04:17:08 raspberrypi kernel: [   17.928326] bcm2835-codec bcm2835-codec: Device registered as /dev/video11
Sep 22 04:17:08 raspberrypi kernel: [   17.928648] bcm2835-codec bcm2835-codec: Loaded V4L2 encode
Sep 22 04:17:08 raspberrypi kernel: [   17.947763] bcm2835_v4l2: module is from the staging directory, the quality is unknown, you have been warned.
Sep 22 04:17:08 raspberrypi kernel: [   17.949729] bcm2835-codec bcm2835-codec: Device registered as /dev/video12
Sep 22 04:17:08 raspberrypi kernel: [   17.951091] bcm2835-codec bcm2835-codec: Loaded V4L2 isp
Sep 22 04:17:08 raspberrypi kernel: [   17.967097] bcm2835-codec bcm2835-codec: Device registered as /dev/video18
Sep 22 04:17:08 raspberrypi kernel: [   17.967192] bcm2835-codec bcm2835-codec: Loaded V4L2 image_fx
Sep 22 04:17:08 raspberrypi kernel: [   17.990820] bcm2835-codec bcm2835-codec: Device registered as /dev/video31
Sep 22 04:17:08 raspberrypi kernel: [   17.990937] bcm2835-codec bcm2835-codec: Loaded V4L2 encode_image
Sep 22 04:17:08 raspberrypi systemd[1]: resize2fs_once.service: Control process exited, code=exited, status=1/FAILURE
Sep 22 04:17:08 raspberrypi avahi-daemon[245]: Successfully called chroot().
Sep 22 04:17:08 raspberrypi dphys-swapfile[251]: want /var/swap=100MByte, checking existing: keeping it
Sep 22 04:17:08 raspberrypi systemd[1]: resize2fs_once.service: Failed with result 'exit-code'.
Sep 22 04:17:08 raspberrypi avahi-daemon[245]: Successfully dropped remaining capabilities.
Sep 22 04:17:08 raspberrypi systemd[1]: Failed to start LSB: Resize the root filesystem to fill partition.
Sep 22 04:17:08 raspberrypi avahi-daemon[245]: No service file found in /etc/avahi/services.
Sep 22 04:17:08 raspberrypi systemd[1]: Starting Configure Bluetooth Modems connected by UART...
Sep 22 04:17:08 raspberrypi avahi-daemon[245]: Joining mDNS multicast group on interface eth0.IPv6 with address fe80::ba27:ebff:fecc:8119.
Sep 22 04:17:08 raspberrypi udisksd[287]: udisks daemon version 2.9.2 starting
Sep 22 04:17:08 raspberrypi avahi-daemon[245]: New relevant interface eth0.IPv6 for mDNS.
Sep 22 04:17:08 raspberrypi systemd[1]: Started Avahi mDNS/DNS-SD Stack.
Sep 22 04:17:08 raspberrypi avahi-daemon[245]: Joining mDNS multicast group on interface eth0.IPv4 with address 10.20.30.123.
Sep 22 04:17:08 raspberrypi systemd[1]: Started WPA supplicant.
Sep 22 04:17:08 raspberrypi avahi-daemon[245]: New relevant interface eth0.IPv4 for mDNS.
Sep 22 04:17:08 raspberrypi systemd[1]: Reached target Network.
Sep 22 04:17:08 raspberrypi avahi-daemon[245]: Joining mDNS multicast group on interface lo.IPv6 with address ::1.
Sep 22 04:17:08 raspberrypi systemd[1]: Condition check resulted in fast remote file copy program daemon being skipped.
Sep 22 04:17:08 raspberrypi avahi-daemon[245]: New relevant interface lo.IPv6 for mDNS.
Sep 22 04:17:08 raspberrypi avahi-daemon[245]: Joining mDNS multicast group on interface lo.IPv4 with address 127.0.0.1.
Sep 22 04:17:08 raspberrypi avahi-daemon[245]: New relevant interface lo.IPv4 for mDNS.
Sep 22 04:17:08 raspberrypi avahi-daemon[245]: Network interface enumeration completed.
Sep 22 04:17:08 raspberrypi avahi-daemon[245]: Registering new address record for fe80::ba27:ebff:fecc:8119 on eth0.*.
Sep 22 04:17:08 raspberrypi avahi-daemon[245]: Registering new address record for 10.20.30.123 on eth0.IPv4.
Sep 22 04:17:08 raspberrypi avahi-daemon[245]: Registering new address record for ::1 on lo.*.
Sep 22 04:17:08 raspberrypi systemd[1]: Starting OpenBSD Secure Shell server...
Sep 22 04:17:08 raspberrypi avahi-daemon[245]: Registering new address record for 127.0.0.1 on lo.IPv4.
Sep 22 04:17:08 raspberrypi wpa_supplicant[290]: Successfully initialized wpa_supplicant
Sep 22 04:17:08 raspberrypi polkitd[261]: started daemon version 0.105 using authority implementation `local' version `0.105'
Sep 22 04:17:08 raspberrypi systemd[1]: Started Authorization Manager.
Sep 22 04:17:08 raspberrypi systemd[1]: Starting Modem Manager...
Sep 22 04:17:08 raspberrypi systemd[1]: Reloading.
Sep 22 04:17:09 raspberrypi avahi-daemon[245]: Server startup complete. Host name is raspberrypi.local. Local service cookie is 1983482742.
Sep 22 04:17:09 raspberrypi udisksd[287]: failed to load module mdraid: libbd_mdraid.so.2: cannot open shared object file: No such file or directory
Sep 22 04:17:09 raspberrypi kernel: [   19.213807] uart-pl011 3f201000.serial: no DMA platform data
Sep 22 04:17:09 raspberrypi udisksd[287]: Failed to load the 'mdraid' libblockdev plugin
Sep 22 04:17:10 raspberrypi ModemManager[359]: <info>  ModemManager (version 1.14.12) starting in system bus...
Sep 22 04:17:10 raspberrypi udisksd[287]: Acquired the name org.freedesktop.UDisks2 on the system message bus
Sep 22 04:17:10 raspberrypi mtp-probe: checking bus 1, device 3: "/sys/devices/platform/soc/3f980000.usb/usb1/1-1/1-1.1"
Sep 22 04:17:10 raspberrypi mtp-probe: bus: 1, device: 3 was not an MTP device
Sep 22 04:17:10 raspberrypi kernel: [   20.535981] cfg80211: Loading compiled-in X.509 certificates for regulatory database
Sep 22 04:17:11 raspberrypi systemd-udevd[219]: Using default interface naming scheme 'v247'.
Sep 22 04:17:11 raspberrypi kernel: [   20.804503] cfg80211: Loaded X.509 cert 'sforshee: 00b28ddf47aef9cea7'
Sep 22 04:17:11 raspberrypi kernel: [   20.840396] cfg80211: loaded regulatory.db is malformed or signature is missing/invalid
Sep 22 04:17:11 raspberrypi kernel: [   21.102621] brcmfmac: F1 signature read @0x18000000=0x1541a9a6
Sep 22 04:17:11 raspberrypi kernel: [   21.126722] brcmfmac: brcmf_fw_alloc_request: using brcm/brcmfmac43430-sdio for chip BCM43430/1
Sep 22 04:17:11 raspberrypi kernel: [   21.128193] usbcore: registered new interface driver brcmfmac
Sep 22 04:17:11 raspberrypi kernel: [   21.128699] brcmfmac mmc1:0001:1: Direct firmware load for brcm/brcmfmac43430-sdio.raspberrypi,3-model-b.bin failed with error -2
Sep 22 04:17:11 raspberrypi kernel: [   21.454857] brcmfmac: brcmf_fw_alloc_request: using brcm/brcmfmac43430-sdio for chip BCM43430/1
Sep 22 04:17:11 raspberrypi kernel: [   21.456453] brcmfmac: brcmf_fw_alloc_request: using brcm/brcmfmac43430-sdio for chip BCM43430/1
